Archive member included to satisfy reference by file (symbol)

/Applications/ArmGNUToolchain/15.2.rel1/arm-none-eabi/bin/../lib/gcc/arm-none-eabi/15.2.1/thumb/v6-m/nofp/libgcc.a(_udivsi3.o)
                              cmake/stm32cubemx/CMakeFiles/STM32_Drivers.dir/__/__/Core/Src/system_stm32g0xx.c.obj (__aeabi_uidiv)
/Applications/ArmGNUToolchain/15.2.rel1/arm-none-eabi/bin/../lib/gcc/arm-none-eabi/15.2.1/thumb/v6-m/nofp/libgcc.a(_divsi3.o)
                              cmake/stm32cubemx/CMakeFiles/STM32_Drivers.dir/__/__/Drivers/STM32G0xx_HAL_Driver/Src/stm32g0xx_hal_uart_ex.c.obj (__aeabi_idiv)
/Applications/ArmGNUToolchain/15.2.rel1/arm-none-eabi/bin/../lib/gcc/arm-none-eabi/15.2.1/thumb/v6-m/nofp/libgcc.a(_dvmd_tls.o)
                              /Applications/ArmGNUToolchain/15.2.rel1/arm-none-eabi/bin/../lib/gcc/arm-none-eabi/15.2.1/thumb/v6-m/nofp/libgcc.a(_udivsi3.o) (__aeabi_idiv0)
/Applications/ArmGNUToolchain/15.2.rel1/arm-none-eabi/bin/../lib/gcc/arm-none-eabi/15.2.1/thumb/v6-m/nofp/libgcc.a(_aeabi_uldivmod.o)
                              cmake/stm32cubemx/CMakeFiles/STM32_Drivers.dir/__/__/Drivers/STM32G0xx_HAL_Driver/Src/stm32g0xx_hal_uart.c.obj (__aeabi_uldivmod)
/Applications/ArmGNUToolchain/15.2.rel1/arm-none-eabi/bin/../lib/gcc/arm-none-eabi/15.2.1/thumb/v6-m/nofp/libgcc.a(_udivmoddi4.o)
                              /Applications/ArmGNUToolchain/15.2.rel1/arm-none-eabi/bin/../lib/gcc/arm-none-eabi/15.2.1/thumb/v6-m/nofp/libgcc.a(_aeabi_uldivmod.o) (__udivmoddi4)
/Applications/ArmGNUToolchain/15.2.rel1/arm-none-eabi/bin/../lib/gcc/arm-none-eabi/15.2.1/thumb/v6-m/nofp/libgcc.a(_clzdi2.o)
                              /Applications/ArmGNUToolchain/15.2.rel1/arm-none-eabi/bin/../lib/gcc/arm-none-eabi/15.2.1/thumb/v6-m/nofp/libgcc.a(_udivmoddi4.o) (__clzdi2)
/Applications/ArmGNUToolchain/15.2.rel1/arm-none-eabi/bin/../lib/gcc/arm-none-eabi/15.2.1/thumb/v6-m/nofp/libgcc.a(_clzsi2.o)
                              /Applications/ArmGNUToolchain/15.2.rel1/arm-none-eabi/bin/../lib/gcc/arm-none-eabi/15.2.1/thumb/v6-m/nofp/libgcc.a(_clzdi2.o) (__clzsi2)
/Applications/ArmGNUToolchain/15.2.rel1/arm-none-eabi/bin/../lib/gcc/arm-none-eabi/15.2.1/../../../../arm-none-eabi/lib/thumb/v6-m/nofp/libg_nano.a(libc_a-exit.o)
                              /Applications/ArmGNUToolchain/15.2.rel1/arm-none-eabi/bin/../lib/gcc/arm-none-eabi/15.2.1/../../../../arm-none-eabi/lib/thumb/v6-m/nofp/crt0.o (exit)
/Applications/ArmGNUToolchain/15.2.rel1/arm-none-eabi/bin/../lib/gcc/arm-none-eabi/15.2.1/../../../../arm-none-eabi/lib/thumb/v6-m/nofp/libg_nano.a(libc_a-findfp.o)
                              /Applications/ArmGNUToolchain/15.2.rel1/arm-none-eabi/bin/../lib/gcc/arm-none-eabi/15.2.1/../../../../arm-none-eabi/lib/thumb/v6-m/nofp/libg_nano.a(libc_a-exit.o) (__stdio_exit_handler)
/Applications/ArmGNUToolchain/15.2.rel1/arm-none-eabi/bin/../lib/gcc/arm-none-eabi/15.2.1/../../../../arm-none-eabi/lib/thumb/v6-m/nofp/libg_nano.a(libc_a-fwalk.o)
                              /Applications/ArmGNUToolchain/15.2.rel1/arm-none-eabi/bin/../lib/gcc/arm-none-eabi/15.2.1/../../../../arm-none-eabi/lib/thumb/v6-m/nofp/libg_nano.a(libc_a-findfp.o) (_fwalk_sglue)
/Applications/ArmGNUToolchain/15.2.rel1/arm-none-eabi/bin/../lib/gcc/arm-none-eabi/15.2.1/../../../../arm-none-eabi/lib/thumb/v6-m/nofp/libg_nano.a(libc_a-memset.o)
                              /Applications/ArmGNUToolchain/15.2.rel1/arm-none-eabi/bin/../lib/gcc/arm-none-eabi/15.2.1/../../../../arm-none-eabi/lib/thumb/v6-m/nofp/crt0.o (memset)
/Applications/ArmGNUToolchain/15.2.rel1/arm-none-eabi/bin/../lib/gcc/arm-none-eabi/15.2.1/../../../../arm-none-eabi/lib/thumb/v6-m/nofp/libg_nano.a(libc_a-errno.o)
                              CMakeFiles/ulysses-gnss-radio.dir/Core/Src/sysmem.c.obj (__errno)
/Applications/ArmGNUToolchain/15.2.rel1/arm-none-eabi/bin/../lib/gcc/arm-none-eabi/15.2.1/../../../../arm-none-eabi/lib/thumb/v6-m/nofp/libg_nano.a(libc_a-init.o)
                              /Applications/ArmGNUToolchain/15.2.rel1/arm-none-eabi/bin/../lib/gcc/arm-none-eabi/15.2.1/../../../../arm-none-eabi/lib/thumb/v6-m/nofp/crt0.o (__libc_init_array)
/Applications/ArmGNUToolchain/15.2.rel1/arm-none-eabi/bin/../lib/gcc/arm-none-eabi/15.2.1/../../../../arm-none-eabi/lib/thumb/v6-m/nofp/libg_nano.a(libc_a-lock.o)
                              /Applications/ArmGNUToolchain/15.2.rel1/arm-none-eabi/bin/../lib/gcc/arm-none-eabi/15.2.1/../../../../arm-none-eabi/lib/thumb/v6-m/nofp/libg_nano.a(libc_a-findfp.o) (__retarget_lock_init_recursive)
/Applications/ArmGNUToolchain/15.2.rel1/arm-none-eabi/bin/../lib/gcc/arm-none-eabi/15.2.1/../../../../arm-none-eabi/lib/thumb/v6-m/nofp/libg_nano.a(libc_a-impure.o)
                              /Applications/ArmGNUToolchain/15.2.rel1/arm-none-eabi/bin/../lib/gcc/arm-none-eabi/15.2.1/../../../../arm-none-eabi/lib/thumb/v6-m/nofp/libg_nano.a(libc_a-errno.o) (_impure_ptr)
[...]
Memory Configuration

Name             Origin             Length             Attributes
RAM              0x20000000         0x00024000         xrw
FLASH            0x08000000         0x00020000         xr
*default*        0x00000000         0xffffffff

Linker script and memory map

LOAD /Applications/ArmGNUToolchain/15.2.rel1/arm-none-eabi/bin/../lib/gcc/arm-none-eabi/15.2.1/thumb/v6-m/nofp/crti.o
LOAD /Applications/ArmGNUToolchain/15.2.rel1/arm-none-eabi/bin/../lib/gcc/arm-none-eabi/15.2.1/thumb/v6-m/nofp/crtbegin.o
LOAD /Applications/ArmGNUToolchain/15.2.rel1/arm-none-eabi/bin/../lib/gcc/arm-none-eabi/15.2.1/../../../../arm-none-eabi/lib/thumb/v6-m/nofp/crt0.o
LOAD cmake/stm32cubemx/CMakeFiles/STM32_Drivers.dir/__/__/Core/Src/system_stm32g0xx.c.obj
LOAD cmake/stm32cubemx/CMakeFiles/STM32_Drivers.dir/__/__/Drivers/STM32G0xx_HAL_Driver/Src/stm32g0xx_hal_spi.c.obj
LOAD cmake/stm32cubemx/CMakeFiles/STM32_Drivers.dir/__/__/Drivers/STM32G0xx_HAL_Driver/Src/stm32g0xx_hal_spi_ex.c.obj
LOAD cmake/stm32cubemx/CMakeFiles/STM32_Drivers.dir/__/__/Drivers/STM32G0xx_HAL_Driver/Src/stm32g0xx_hal_rcc.c.obj
LOAD cmake/stm32cubemx/CMakeFiles/STM32_Drivers.dir/__/__/Drivers/STM32G0xx_HAL_Driver/Src/stm32g0xx_hal_rcc_ex.c.obj
LOAD cmake/stm32cubemx/CMakeFiles/STM32_Drivers.dir/__/__/Drivers/STM32G0xx_HAL_Driver/Src/stm32g0xx_ll_rcc.c.obj
LOAD cmake/stm32cubemx/CMakeFiles/STM32_Drivers.dir/__/__/Drivers/STM32G0xx_HAL_Driver/Src/stm32g0xx_hal_flash.c.obj
LOAD cmake/stm32cubemx/CMakeFiles/STM32_Drivers.dir/__/__/Drivers/STM32G0xx_HAL_Driver/Src/stm32g0xx_hal_flash_ex.c.obj
LOAD cmake/stm32cubemx/CMakeFiles/STM32_Drivers.dir/__/__/Drivers/STM32G0xx_HAL_Driver/Src/stm32g0xx_hal_gpio.c.obj
LOAD cmake/stm32cubemx/CMakeFiles/STM32_Drivers.dir/__/__/Drivers/STM32G0xx_HAL_Driver/Src/stm32g0xx_hal_dma.c.obj
LOAD cmake/stm32cubemx/CMakeFiles/STM32_Drivers.dir/__/__/Drivers/STM32G0xx_HAL_Driver/Src/stm32g0xx_hal_dma_ex.c.obj
LOAD cmake/stm32cubemx/CMakeFiles/STM32_Drivers.dir/__/__/Drivers/STM32G0xx_HAL_Driver/Src/stm32g0xx_hal_pwr.c.obj
LOAD cmake/stm32cubemx/CMakeFiles/STM32_Drivers.dir/__/__/Drivers/STM32G0xx_HAL_Driver/Src/stm32g0xx_hal_pwr_ex.c.obj
LOAD cmake/stm32cubemx/CMakeFiles/STM32_Drivers.dir/__/__/Drivers/STM32G0xx_HAL_Driver/Src/stm32g0xx_hal_cortex.c.obj
LOAD cmake/stm32cubemx/CMakeFiles/STM32_Drivers.dir/__/__/Drivers/STM32G0xx_HAL_Driver/Src/stm32g0xx_hal.c.obj
LOAD cmake/stm32cubemx/CMakeFiles/STM32_Drivers.dir/__/__/Drivers/STM32G0xx_HAL_Driver/Src/stm32g0xx_hal_exti.c.obj
LOAD cmake/stm32cubemx/CMakeFiles/STM32_Drivers.dir/__/__/Drivers/STM32G0xx_HAL_Driver/Src/stm32g0xx_hal_uart.c.obj
LOAD cmake/stm32cubemx/CMakeFiles/STM32_Drivers.dir/__/__/Drivers/STM32G0xx_HAL_Driver/Src/stm32g0xx_hal_uart_ex.c.obj
LOAD CMakeFiles/ulysses-gnss-radio.dir/Core/Src/main.c.obj
LOAD CMakeFiles/ulysses-gnss-radio.dir/Core/Src/stm32g0xx_it.c.obj
LOAD CMakeFiles/ulysses-gnss-radio.dir/Core/Src/stm32g0xx_hal_msp.c.obj
LOAD CMakeFiles/ulysses-gnss-radio.dir/Core/Src/sysmem.c.obj
LOAD CMakeFiles/ulysses-gnss-radio.dir/Core/Src/syscalls.c.obj
LOAD CMakeFiles/ulysses-gnss-radio.dir/Core/Src/spi_slave.c.obj
LOAD CMakeFiles/ulysses-gnss-radio.dir/Core/Src/spi_interrupts.c.obj
LOAD CMakeFiles/ulysses-gnss-radio.dir/startup_stm32g0b1xx.s.obj
LOAD /Applications/ArmGNUToolchain/15.2.rel1/arm-none-eabi/bin/../lib/gcc/arm-none-eabi/15.2.1/../../../../arm-none-eabi/lib/thumb/v6-m/nofp/libm.a
START GROUP
LOAD /Applications/ArmGNUToolchain/15.2.rel1/arm-none-eabi/bin/../lib/gcc/arm-none-eabi/15.2.1/thumb/v6-m/nofp/libgcc.a
LOAD /Applications/ArmGNUToolchain/15.2.rel1/arm-none-eabi/bin/../lib/gcc/arm-none-eabi/15.2.1/../../../../arm-none-eabi/lib/thumb/v6-m/nofp/libg_nano.a
LOAD /Applications/ArmGNUToolchain/15.2.rel1/arm-none-eabi/bin/../lib/gcc/arm-none-eabi/15.2.1/../../../../arm-none-eabi/lib/thumb/v6-m/nofp/libc_nano.a
END GROUP
START GROUP
LOAD /Applications/ArmGNUToolchain/15.2.rel1/arm-none-eabi/bin/../lib/gcc/arm-none-eabi/15.2.1/thumb/v6-m/nofp/libgcc.a
LOAD /Applications/ArmGNUToolchain/15.2.rel1/arm-none-eabi/bin/../lib/gcc/arm-none-eabi/15.2.1/../../../../arm-none-eabi/lib/thumb/v6-m/nofp/libc_nano.a
END GROUP
LOAD /Applications/ArmGNUToolchain/15.2.rel1/arm-none-eabi/bin/../lib/gcc/arm-none-eabi/15.2.1/thumb/v6-m/nofp/crtend.o
LOAD /Applications/ArmGNUToolchain/15.2.rel1/arm-none-eabi/bin/../lib/gcc/arm-none-eabi/15.2.1/thumb/v6-m/nofp/crtn.o
                0x20024000                        _estack = (ORIGIN (RAM) + LENGTH (RAM))
                0x00000200                        _Min_Heap_Size = 0x200
                0x00000400                        _Min_Stack_Size = 0x400

.isr_vector     0x08000000       0xbc
                0x08000000                        . = ALIGN (0x4)
 *(.isr_vector)
 .isr_vector    0x08000000       0xbc CMakeFiles/ulysses-gnss-radio.dir/startup_stm32g0b1xx.s.obj
                0x08000000                g_pfnVectors
                0x080000bc                        . = ALIGN (0x4)

.text           0x080000bc     0x44e4
                0x080000bc                        . = ALIGN (0x4)
 *(.text)
 .text          0x080000bc      0x114 /Applications/ArmGNUToolchain/15.2.rel1/arm-none-eabi/bin/../lib/gcc/arm-none-eabi/15.2.1/thumb/v6-m/nofp/libgcc.a(_udivsi3.o)
                0x080000bc                __udivsi3
                0x080000bc                __aeabi_uidiv
                0x080001c8                __aeabi_uidivmod
 .text          0x080001d0      0x1d4 /Applications/ArmGNUToolchain/15.2.rel1/arm-none-eabi/bin/../lib/gcc/arm-none-eabi/15.2.1/thumb/v6-m/nofp/libgcc.a(_divsi3.o)
                0x080001d0                __aeabi_idiv
                0x080001d0                __divsi3
                0x0800039c                __aeabi_idivmod
 .text          0x080003a4        0x4 /Applications/ArmGNUToolchain/15.2.rel1/arm-none-eabi/bin/../lib/gcc/arm-none-eabi/15.2.1/thumb/v6-m/nofp/libgcc.a(_dvmd_tls.o)
                0x080003a4                __aeabi_ldiv0
                0x080003a4                __aeabi_idiv0
 .text          0x080003a8       0x40 /Applications/ArmGNUToolchain/15.2.rel1/arm-none-eabi/bin/../lib/gcc/arm-none-eabi/15.2.1/thumb/v6-m/nofp/libgcc.a(_aeabi_uldivmod.o)
                0x080003a8                __aeabi_uldivmod
 .text          0x080003e8       0x18 /Applications/ArmGNUToolchain/15.2.rel1/arm-none-eabi/bin/../lib/gcc/arm-none-eabi/15.2.1/thumb/v6-m/nofp/libgcc.a(_clzdi2.o)
                0x080003e8                __clzdi2
 .text          0x08000400       0x3c /Applications/ArmGNUToolchain/15.2.rel1/arm-none-eabi/bin/../lib/gcc/arm-none-eabi/15.2.1/thumb/v6-m/nofp/libgcc.a(_clzsi2.o)
                0x08000400                __clzsi2
 *(.text*)
 .text.deregister_tm_clones
                0x0800043c       0x20 /Applications/ArmGNUToolchain/15.2.rel1/arm-none-eabi/bin/../lib/gcc/arm-none-eabi/15.2.1/thumb/v6-m/nofp/crtbegin.o
 .text.register_tm_clones
                0x0800045c       0x28 /Applications/ArmGNUToolchain/15.2.rel1/arm-none-eabi/bin/../lib/gcc/arm-none-eabi/15.2.1/thumb/v6-m/nofp/crtbegin.o
 .text.__do_global_dtors_aux
                0x08000484       0x2c /Applications/ArmGNUToolchain/15.2.rel1/arm-none-eabi/bin/../lib/gcc/arm-none-eabi/15.2.1/thumb/v6-m/nofp/crtbegin.o
 .text.frame_dummy
                0x080004b0       0x24 /Applications/ArmGNUToolchain/15.2.rel1/arm-none-eabi/bin/../lib/gcc/arm-none-eabi/15.2.1/thumb/v6-m/nofp/crtbegin.o
 .text.SystemInit
                0x080004d4        0xa cmake/stm32cubemx/CMakeFiles/STM32_Drivers.dir/__/__/Core/Src/system_stm32g0xx.c.obj
                0x080004d4                SystemInit
 *fill*         0x080004de        0x2 
 .text.HAL_SPI_Init
                0x080004e0      0x170 cmake/stm32cubemx/CMakeFiles/STM32_Drivers.dir/__/__/Drivers/STM32G0xx_HAL_Driver/Src/stm32g0xx_hal_spi.c.obj
                0x080004e0                HAL_SPI_Init
 .text.HAL_SPI_Receive_DMA
                0x08000650      0x274 cmake/stm32cubemx/CMakeFiles/STM32_Drivers.dir/__/__/Drivers/STM32G0xx_HAL_Driver/Src/stm32g0xx_hal_spi.c.obj
                0x08000650                HAL_SPI_Receive_DMA
 .text.HAL_SPI_TransmitReceive_DMA
                0x080008c4      0x354 cmake/stm32cubemx/CMakeFiles/STM32_Drivers.dir/__/__/Drivers/STM32G0xx_HAL_Driver/Src/stm32g0xx_hal_spi.c.obj
                0x080008c4                HAL_SPI_TransmitReceive_DMA
 .text.HAL_SPI_TxRxCpltCallback
                0x08000c18       0x10 cmake/stm32cubemx/CMakeFiles/STM32_Drivers.dir/__/__/Drivers/STM32G0xx_HAL_Driver/Src/stm32g0xx_hal_spi.c.obj
                0x08000c18                HAL_SPI_TxRxCpltCallback
 .text.HAL_SPI_RxHalfCpltCallback
                0x08000c28       0x10 cmake/stm32cubemx/CMakeFiles/STM32_Drivers.dir/__/__/Drivers/STM32G0xx_HAL_Driver/Src/stm32g0xx_hal_spi.c.obj
                0x08000c28                HAL_SPI_RxHalfCpltCallback
 .text.HAL_SPI_TxRxHalfCpltCallback
                0x08000c38       0x10 cmake/stm32cubemx/CMakeFiles/STM32_Drivers.dir/__/__/Drivers/STM32G0xx_HAL_Driver/Src/stm32g0xx_hal_spi.c.obj
                0x08000c38                HAL_SPI_TxRxHalfCpltCallback
 .text.HAL_SPI_ErrorCallback
                0x08000c48       0x10 cmake/stm32cubemx/CMakeFiles/STM32_Drivers.dir/__/__/Drivers/STM32G0xx_HAL_Driver/Src/stm32g0xx_hal_spi.c.obj
                0x08000c48                HAL_SPI_ErrorCallback
 .text.SPI_DMAReceiveCplt
                0x08000c58       0xb0 cmake/stm32cubemx/CMakeFiles/STM32_Drivers.dir/__/__/Drivers/STM32G0xx_HAL_Driver/Src/stm32g0xx_hal_spi.c.obj
 .text.SPI_DMATransmitReceiveCplt
                0x08000d08       0x96 cmake/stm32cubemx/CMakeFiles/STM32_Drivers.dir/__/__/Drivers/STM32G0xx_HAL_Driver/Src/stm32g0xx_hal_spi.c.obj
 .text.SPI_DMAHalfReceiveCplt
                0x08000d9e       0x1e cmake/stm32cubemx/CMakeFiles/STM32_Drivers.dir/__/__/Drivers/STM32G0xx_HAL_Driver/Src/stm32g0xx_hal_spi.c.obj
 .text.SPI_DMAHalfTransmitReceiveCplt
                0x08000dbc       0x1e cmake/stm32cubemx/CMakeFiles/STM32_Drivers.dir/__/__/Drivers/STM32G0xx_HAL_Driver/Src/stm32g0xx_hal_spi.c.obj
 .text.SPI_DMAError
                0x08000dda       0x42 cmake/stm32cubemx/CMakeFiles/STM32_Drivers.dir/__/__/Drivers/STM32G0xx_HAL_Driver/Src/stm32g0xx_hal_spi.c.obj
 .text.SPI_WaitFlagStateUntilTimeout
                0x08000e1c      0x11c cmake/stm32cubemx/CMakeFiles/STM32_Drivers.dir/__/__/Drivers/STM32G0xx_HAL_Driver/Src/stm32g0xx_hal_spi.c.obj
 .text.SPI_WaitFifoStateUntilTimeout
                0x08000f38      0x144 cmake/stm32cubemx/CMakeFiles/STM32_Drivers.dir/__/__/Drivers/STM32G0xx_HAL_Driver/Src/stm32g0xx_hal_spi.c.obj
 .text.SPI_EndRxTransaction
                0x0800107c       0xbc cmake/stm32cubemx/CMakeFiles/STM32_Drivers.dir/__/__/Drivers/STM32G0xx_HAL_Driver/Src/stm32g0xx_hal_spi.c.obj
 .text.SPI_EndRxTxTransaction
                0x08001138       0x8c cmake/stm32cubemx/CMakeFiles/STM32_Drivers.dir/__/__/Drivers/STM32G0xx_HAL_Driver/Src/stm32g0xx_hal_spi.c.obj
 .text.LL_RCC_GetAPB1Prescaler
                0x080011c4       0x18 cmake/stm32cubemx/CMakeFiles/STM32_Drivers.dir/__/__/Drivers/STM32G0xx_HAL_Driver/Src/stm32g0xx_hal_rcc.c.obj
 .text.HAL_RCC_OscConfig
                0x080011dc      0x6c0 cmake/stm32cubemx/CMakeFiles/STM32_Drivers.dir/__/__/Drivers/STM32G0xx_HAL_Driver/Src/stm32g0xx_hal_rcc.c.obj
                0x080011dc                HAL_RCC_OscConfig
 .text.HAL_RCC_ClockConfig
                0x0800189c      0x210 cmake/stm32cubemx/CMakeFiles/STM32_Drivers.dir/__/__/Drivers/STM32G0xx_HAL_Driver/Src/stm32g0xx_hal_rcc.c.obj
                0x0800189c                HAL_RCC_ClockConfig
 .text.HAL_RCC_GetSysClockFreq
                0x08001aac      0x104 cmake/stm32cubemx/CMakeFiles/STM32_Drivers.dir/__/__/Drivers/STM32G0xx_HAL_Driver/Src/stm32g0xx_hal_rcc.c.obj
                0x08001aac                HAL_RCC_GetSysClockFreq
 .text.HAL_RCC_GetHCLKFreq
                0x08001bb0       0x14 cmake/stm32cubemx/CMakeFiles/STM32_Drivers.dir/__/__/Drivers/STM32G0xx_HAL_Driver/Src/stm32g0xx_hal_rcc.c.obj
                0x08001bb0                HAL_RCC_GetHCLKFreq
 .text.HAL_RCC_GetPCLK1Freq
                0x08001bc4       0x2c cmake/stm32cubemx/CMakeFiles/STM32_Drivers.dir/__/__/Drivers/STM32G0xx_HAL_Driver/Src/stm32g0xx_hal_rcc.c.obj
                0x08001bc4                HAL_RCC_GetPCLK1Freq
 .text.HAL_RCCEx_PeriphCLKConfig
                0x08001bf0      0x478 cmake/stm32cubemx/CMakeFiles/STM32_Drivers.dir/__/__/Drivers/STM32G0xx_HAL_Driver/Src/stm32g0xx_hal_rcc_ex.c.obj
                0x08001bf0                HAL_RCCEx_PeriphCLKConfig
 .text.HAL_GPIO_Init
                0x08002068      0x2d8 cmake/stm32cubemx/CMakeFiles/STM32_Drivers.dir/__/__/Drivers/STM32G0xx_HAL_Driver/Src/stm32g0xx_hal_gpio.c.obj
                0x08002068                HAL_GPIO_Init
 .text.HAL_GPIO_WritePin
                0x08002340       0x3a cmake/stm32cubemx/CMakeFiles/STM32_Drivers.dir/__/__/Drivers/STM32G0xx_HAL_Driver/Src/stm32g0xx_hal_gpio.c.obj
                0x08002340                HAL_GPIO_WritePin
 *fill*         0x0800237a        0x2 
 .text.HAL_DMA_Init
                0x0800237c      0x158 cmake/stm32cubemx/CMakeFiles/STM32_Drivers.dir/__/__/Drivers/STM32G0xx_HAL_Driver/Src/stm32g0xx_hal_dma.c.obj
                0x0800237c                HAL_DMA_Init
 .text.HAL_DMA_Start_IT
                0x080024d4      0x10c cmake/stm32cubemx/CMakeFiles/STM32_Drivers.dir/__/__/Drivers/STM32G0xx_HAL_Driver/Src/stm32g0xx_hal_dma.c.obj
                0x080024d4                HAL_DMA_Start_IT
 .text.HAL_DMA_IRQHandler
                0x080025e0      0x188 cmake/stm32cubemx/CMakeFiles/STM32_Drivers.dir/__/__/Drivers/STM32G0xx_HAL_Driver/Src/stm32g0xx_hal_dma.c.obj
                0x080025e0                HAL_DMA_IRQHandler
 .text.DMA_SetConfig
                0x08002768       0x78 cmake/stm32cubemx/CMakeFiles/STM32_Drivers.dir/__/__/Drivers/STM32G0xx_HAL_Driver/Src/stm32g0xx_hal_dma.c.obj
 .text.DMA_CalcDMAMUXChannelBaseAndMask
                0x080027e0       0x94 cmake/stm32cubemx/CMakeFiles/STM32_Drivers.dir/__/__/Drivers/STM32G0xx_HAL_Driver/Src/stm32g0xx_hal_dma.c.obj
 .text.DMA_CalcDMAMUXRequestGenBaseAndMask
                0x08002874       0x48 cmake/stm32cubemx/CMakeFiles/STM32_Drivers.dir/__/__/Drivers/STM32G0xx_HAL_Driver/Src/stm32g0xx_hal_dma.c.obj
 .text.HAL_PWREx_ControlVoltageScaling
                0x080028bc       0x80 cmake/stm32cubemx/CMakeFiles/STM32_Drivers.dir/__/__/Drivers/STM32G0xx_HAL_Driver/Src/stm32g0xx_hal_pwr_ex.c.obj
                0x080028bc                HAL_PWREx_ControlVoltageScaling
 .text.__NVIC_EnableIRQ
                0x0800293c       0x34 cmake/stm32cubemx/CMakeFiles/STM32_Drivers.dir/__/__/Drivers/STM32G0xx_HAL_Driver/Src/stm32g0xx_hal_cortex.c.obj
 .text.__NVIC_SetPriority
                0x08002970       0xdc cmake/stm32cubemx/CMakeFiles/STM32_Drivers.dir/__/__/Drivers/STM32G0xx_HAL_Driver/Src/stm32g0xx_hal_cortex.c.obj
 .text.SysTick_Config
                0x08002a4c       0x48 cmake/stm32cubemx/CMakeFiles/STM32_Drivers.dir/__/__/Drivers/STM32G0xx_HAL_Driver/Src/stm32g0xx_hal_cortex.c.obj
 .text.HAL_NVIC_SetPriority
                0x08002a94       0x2a cmake/stm32cubemx/CMakeFiles/STM32_Drivers.dir/__/__/Drivers/STM32G0xx_HAL_Driver/Src/stm32g0xx_hal_cortex.c.obj
                0x08002a94                HAL_NVIC_SetPriority
 .text.HAL_NVIC_EnableIRQ
                0x08002abe       0x20 cmake/stm32cubemx/CMakeFiles/STM32_Drivers.dir/__/__/Drivers/STM32G0xx_HAL_Driver/Src/stm32g0xx_hal_cortex.c.obj
                0x08002abe                HAL_NVIC_EnableIRQ
 .text.HAL_SYSTICK_Config
                0x08002ade       0x1a cmake/stm32cubemx/CMakeFiles/STM32_Drivers.dir/__/__/Drivers/STM32G0xx_HAL_Driver/Src/stm32g0xx_hal_cortex.c.obj
                0x08002ade                HAL_SYSTICK_Config
 .text.HAL_Init
                0x08002af8       0x40 cmake/stm32cubemx/CMakeFiles/STM32_Drivers.dir/__/__/Drivers/STM32G0xx_HAL_Driver/Src/stm32g0xx_hal.c.obj
                0x08002af8                HAL_Init
 .text.HAL_InitTick
                0x08002b38       0x94 cmake/stm32cubemx/CMakeFiles/STM32_Drivers.dir/__/__/Drivers/STM32G0xx_HAL_Driver/Src/stm32g0xx_hal.c.obj
                0x08002b38                HAL_InitTick
 .text.HAL_IncTick
                0x08002bcc       0x24 cmake/stm32cubemx/CMakeFiles/STM32_Drivers.dir/__/__/Drivers/STM32G0xx_HAL_Driver/Src/stm32g0xx_hal.c.obj
                0x08002bcc                HAL_IncTick
 .text.HAL_GetTick
                0x08002bf0       0x14 cmake/stm32cubemx/CMakeFiles/STM32_Drivers.dir/__/__/Drivers/STM32G0xx_HAL_Driver/Src/stm32g0xx_hal.c.obj
                0x08002bf0                HAL_GetTick
 .text.HAL_SYSCFG_StrobeDBattpinsConfig
                0x08002c04       0x2c cmake/stm32cubemx/CMakeFiles/STM32_Drivers.dir/__/__/Drivers/STM32G0xx_HAL_Driver/Src/stm32g0xx_hal.c.obj
                0x08002c04                HAL_SYSCFG_StrobeDBattpinsConfig
 .text.HAL_UART_Init
                0x08002c30       0xac cmake/stm32cubemx/CMakeFiles/STM32_Drivers.dir/__/__/Drivers/STM32G0xx_HAL_Driver/Src/stm32g0xx_hal_uart.c.obj
                0x08002c30                HAL_UART_Init
 .text.UART_SetConfig
                0x08002cdc      0x6ac cmake/stm32cubemx/CMakeFiles/STM32_Drivers.dir/__/__/Drivers/STM32G0xx_HAL_Driver/Src/stm32g0xx_hal_uart.c.obj
                0x08002cdc                UART_SetConfig
 .text.UART_AdvFeatureConfig
                0x08003388      0x168 cmake/stm32cubemx/CMakeFiles/STM32_Drivers.dir/__/__/Drivers/STM32G0xx_HAL_Driver/Src/stm32g0xx_hal_uart.c.obj
                0x08003388                UART_AdvFeatureConfig
 .text.UART_CheckIdleState
                0x080034f0      0x154 cmake/stm32cubemx/CMakeFiles/STM32_Drivers.dir/__/__/Drivers/STM32G0xx_HAL_Driver/Src/stm32g0xx_hal_uart.c.obj
                0x080034f0                UART_CheckIdleState
 .text.UART_WaitOnFlagUntilTimeout
                0x08003644       0xde cmake/stm32cubemx/CMakeFiles/STM32_Drivers.dir/__/__/Drivers/STM32G0xx_HAL_Driver/Src/stm32g0xx_hal_uart.c.obj
                0x08003644                UART_WaitOnFlagUntilTimeout
 *fill*         0x08003722        0x2 
 .text.UART_EndRxTransfer
                0x08003724       0xcc cmake/stm32cubemx/CMakeFiles/STM32_Drivers.dir/__/__/Drivers/STM32G0xx_HAL_Driver/Src/stm32g0xx_hal_uart.c.obj
 .text.HAL_UARTEx_DisableFifoMode
                0x080037f0       0x74 cmake/stm32cubemx/CMakeFiles/STM32_Drivers.dir/__/__/Drivers/STM32G0xx_HAL_Driver/Src/stm32g0xx_hal_uart_ex.c.obj
                0x080037f0                HAL_UARTEx_DisableFifoMode
 .text.HAL_UARTEx_SetTxFifoThreshold
                0x08003864       0x7e cmake/stm32cubemx/CMakeFiles/STM32_Drivers.dir/__/__/Drivers/STM32G0xx_HAL_Driver/Src/stm32g0xx_hal_uart_ex.c.obj
                0x08003864                HAL_UARTEx_SetTxFifoThreshold
 *fill*         0x080038e2        0x2 
 .text.HAL_UARTEx_SetRxFifoThreshold
                0x080038e4       0x84 cmake/stm32cubemx/CMakeFiles/STM32_Drivers.dir/__/__/Drivers/STM32G0xx_HAL_Driver/Src/stm32g0xx_hal_uart_ex.c.obj
                0x080038e4                HAL_UARTEx_SetRxFifoThreshold
 .text.UARTEx_SetNbDataToProcess
                0x08003968       0xbc cmake/stm32cubemx/CMakeFiles/STM32_Drivers.dir/__/__/Drivers/STM32G0xx_HAL_Driver/Src/stm32g0xx_hal_uart_ex.c.obj
 .text.radio_message_queue_init
                0x08003a24       0x28 CMakeFiles/ulysses-gnss-radio.dir/Core/Src/main.c.obj
 .text.gps_sample_queue_init
                0x08003a4c       0x28 CMakeFiles/ulysses-gnss-radio.dir/Core/Src/main.c.obj
 .text.main     0x08003a74       0x50 CMakeFiles/ulysses-gnss-radio.dir/Core/Src/main.c.obj
                0x08003a74                main
 .text.SystemClock_Config
                0x08003ac4       0x90 CMakeFiles/ulysses-gnss-radio.dir/Core/Src/main.c.obj
                0x08003ac4                SystemClock_Config
 .text.MX_SPI1_Init
                0x08003b54       0x74 CMakeFiles/ulysses-gnss-radio.dir/Core/Src/main.c.obj
 .text.MX_USART1_UART_Init
                0x08003bc8       0x9c CMakeFiles/ulysses-gnss-radio.dir/Core/Src/main.c.obj
 .text.MX_USART5_UART_Init
                0x08003c64       0x68 CMakeFiles/ulysses-gnss-radio.dir/Core/Src/main.c.obj
 .text.MX_USART6_UART_Init
                0x08003ccc       0x68 CMakeFiles/ulysses-gnss-radio.dir/Core/Src/main.c.obj
 .text.MX_DMA_Init
                0x08003d34       0x4c CMakeFiles/ulysses-gnss-radio.dir/Core/Src/main.c.obj
 .text.MX_GPIO_Init
                0x08003d80       0xd8 CMakeFiles/ulysses-gnss-radio.dir/Core/Src/main.c.obj
 .text.Error_Handler
                0x08003e58        0xc CMakeFiles/ulysses-gnss-radio.dir/Core/Src/main.c.obj
                0x08003e58                Error_Handler
 .text.NMI_Handler
                0x08003e64        0x8 CMakeFiles/ulysses-gnss-radio.dir/Core/Src/stm32g0xx_it.c.obj
                0x08003e64                NMI_Handler
 .text.HardFault_Handler
                0x08003e6c        0x8 CMakeFiles/ulysses-gnss-radio.dir/Core/Src/stm32g0xx_it.c.obj
                0x08003e6c                HardFault_Handler
 .text.SVC_Handler
                0x08003e74        0xa CMakeFiles/ulysses-gnss-radio.dir/Core/Src/stm32g0xx_it.c.obj
                0x08003e74                SVC_Handler
 .text.PendSV_Handler
                0x08003e7e        0xa CMakeFiles/ulysses-gnss-radio.dir/Core/Src/stm32g0xx_it.c.obj
                0x08003e7e                PendSV_Handler
 .text.SysTick_Handler
                0x08003e88        0xe CMakeFiles/ulysses-gnss-radio.dir/Core/Src/stm32g0xx_it.c.obj
                0x08003e88                SysTick_Handler
 *fill*         0x08003e96        0x2 
 .text.DMA1_Channel1_IRQHandler
                0x08003e98       0x18 CMakeFiles/ulysses-gnss-radio.dir/Core/Src/stm32g0xx_it.c.obj
                0x08003e98                DMA1_Channel1_IRQHandler
 .text.DMA1_Channel2_3_IRQHandler
                0x08003eb0       0x18 CMakeFiles/ulysses-gnss-radio.dir/Core/Src/stm32g0xx_it.c.obj
                0x08003eb0                DMA1_Channel2_3_IRQHandler
 .text.HAL_MspInit
                0x08003ec8       0x50 CMakeFiles/ulysses-gnss-radio.dir/Core/Src/stm32g0xx_hal_msp.c.obj
                0x08003ec8                HAL_MspInit
 .text.HAL_SPI_MspInit
                0x08003f18      0x14c CMakeFiles/ulysses-gnss-radio.dir/Core/Src/stm32g0xx_hal_msp.c.obj
                0x08003f18                HAL_SPI_MspInit
 .text.HAL_UART_MspInit
                0x08004064      0x1a8 CMakeFiles/ulysses-gnss-radio.dir/Core/Src/stm32g0xx_hal_msp.c.obj
                0x08004064                HAL_UART_MspInit
 .text.deassert_data_ready
                0x0800420c       0x1c CMakeFiles/ulysses-gnss-radio.dir/Core/Src/spi_slave.c.obj
 .text.swap_ping_pong_buffers
                0x08004228       0x28 CMakeFiles/ulysses-gnss-radio.dir/Core/Src/spi_slave.c.obj
 .text.arm_rx_dma
                0x08004250       0x20 CMakeFiles/ulysses-gnss-radio.dir/Core/Src/spi_slave.c.obj
 .text.process_rx_message
                0x08004270       0x28 CMakeFiles/ulysses-gnss-radio.dir/Core/Src/spi_slave.c.obj
 .text.init_spi_handler
                0x08004298       0x64 CMakeFiles/ulysses-gnss-radio.dir/Core/Src/spi_slave.c.obj
                0x08004298                init_spi_handler
 .text.spi_rx_complete
                0x080042fc       0x2c CMakeFiles/ulysses-gnss-radio.dir/Core/Src/spi_slave.c.obj
                0x080042fc                spi_rx_complete
 .text.HAL_SPI_RxCpltCallback
                0x08004328       0x24 CMakeFiles/ulysses-gnss-radio.dir/Core/Src/spi_interrupts.c.obj
                0x08004328                HAL_SPI_RxCpltCallback
 .text.Reset_Handler
                0x0800434c       0x50 CMakeFiles/ulysses-gnss-radio.dir/startup_stm32g0b1xx.s.obj
                0x0800434c                Reset_Handler
 .text.Default_Handler
                0x0800439c        0x2 CMakeFiles/ulysses-gnss-radio.dir/startup_stm32g0b1xx.s.obj
                0x0800439c                TIM1_BRK_UP_TRG_COM_IRQHandler
                0x0800439c                USART3_4_5_6_LPUART1_IRQHandler
                0x0800439c                TIM1_CC_IRQHandler
                0x0800439c                ADC1_COMP_IRQHandler
                0x0800439c                I2C1_IRQHandler
                0x0800439c                TIM7_LPTIM2_IRQHandler
                0x0800439c                TIM17_FDCAN_IT1_IRQHandler
                0x0800439c                DMA1_Ch4_7_DMA2_Ch1_5_DMAMUX1_OVR_IRQHandler
                0x0800439c                RCC_CRS_IRQHandler
                0x0800439c                RTC_TAMP_IRQHandler
                0x0800439c                SPI1_IRQHandler
                0x0800439c                USB_UCPD1_2_IRQHandler
                0x0800439c                EXTI2_3_IRQHandler
                0x0800439c                USART2_LPUART2_IRQHandler
                0x0800439c                PVD_VDDIO2_IRQHandler
                0x0800439c                EXTI4_15_IRQHandler
                0x0800439c                Default_Handler
                0x0800439c                CEC_IRQHandler
                0x0800439c                TIM14_IRQHandler
                0x0800439c                TIM15_IRQHandler
                0x0800439c                TIM3_TIM4_IRQHandler
                0x0800439c                EXTI0_1_IRQHandler
                0x0800439c                SPI2_3_IRQHandler
                0x0800439c                TIM6_DAC_LPTIM1_IRQHandler
                0x0800439c                WWDG_IRQHandler
                0x0800439c                TIM2_IRQHandler
                0x0800439c                FLASH_IRQHandler
                0x0800439c                USART1_IRQHandler
                0x0800439c                TIM16_FDCAN_IT0_IRQHandler
                0x0800439c                I2C2_3_IRQHandler
 *fill*         0x0800439e        0x2 
 .text.__udivmoddi4
                0x080043a0      0x190 /Applications/ArmGNUToolchain/15.2.rel1/arm-none-eabi/bin/../lib/gcc/arm-none-eabi/15.2.1/thumb/v6-m/nofp/libgcc.a(_udivmoddi4.o)
                0x080043a0                __udivmoddi4
 .text.memset   0x08004530       0x10 /Applications/ArmGNUToolchain/15.2.rel1/arm-none-eabi/bin/../lib/gcc/arm-none-eabi/15.2.1/../../../../arm-none-eabi/lib/thumb/v6-m/nofp/libg_nano.a(libc_a-memset.o)
                0x08004530                memset
 .text.__libc_init_array
                0x08004540       0x48 /Applications/ArmGNUToolchain/15.2.rel1/arm-none-eabi/bin/../lib/gcc/arm-none-eabi/15.2.1/../../../../arm-none-eabi/lib/thumb/v6-m/nofp/libg_nano.a(libc_a-init.o)
                0x08004540                __libc_init_array
 *(.glue_7)
 .glue_7        0x08004588        0x0 linker stubs
 *(.glue_7t)
 .glue_7t       0x08004588        0x0 linker stubs
 *(.eh_frame)
 .eh_frame      0x08004588        0x0 /Applications/ArmGNUToolchain/15.2.rel1/arm-none-eabi/bin/../lib/gcc/arm-none-eabi/15.2.1/thumb/v6-m/nofp/crtbegin.o
 *(.init)
 .init          0x08004588        0x4 /Applications/ArmGNUToolchain/15.2.rel1/arm-none-eabi/bin/../lib/gcc/arm-none-eabi/15.2.1/thumb/v6-m/nofp/crti.o
                0x08004588                _init
 .init          0x0800458c        0x8 /Applications/ArmGNUToolchain/15.2.rel1/arm-none-eabi/bin/../lib/gcc/arm-none-eabi/15.2.1/thumb/v6-m/nofp/crtn.o
 *(.fini)
 .fini          0x08004594        0x4 /Applications/ArmGNUToolchain/15.2.rel1/arm-none-eabi/bin/../lib/gcc/arm-none-eabi/15.2.1/thumb/v6-m/nofp/crti.o
                0x08004594                _fini
 .fini          0x08004598        0x8 /Applications/ArmGNUToolchain/15.2.rel1/arm-none-eabi/bin/../lib/gcc/arm-none-eabi/15.2.1/thumb/v6-m/nofp/crtn.o
                0x080045a0                        . = ALIGN (0x4)
                0x080045a0                        _etext = .

.vfp11_veneer   0x080045a0        0x0
 .vfp11_veneer  0x080045a0        0x0 linker stubs

.v4_bx          0x080045a0        0x0
 .v4_bx         0x080045a0        0x0 linker stubs

.iplt           0x080045a0        0x0
 .iplt          0x080045a0        0x0 /Applications/ArmGNUToolchain/15.2.rel1/arm-none-eabi/bin/../lib/gcc/arm-none-eabi/15.2.1/thumb/v6-m/nofp/crtbegin.o

.rodata         0x080045a0       0x88
                0x080045a0                        . = ALIGN (0x4)
 *(.rodata)
 *(.rodata*)
 .rodata.AHBPrescTable
                0x080045a0       0x40 cmake/stm32cubemx/CMakeFiles/STM32_Drivers.dir/__/__/Core/Src/system_stm32g0xx.c.obj
                0x080045a0                AHBPrescTable
 .rodata.APBPrescTable
                0x080045e0       0x20 cmake/stm32cubemx/CMakeFiles/STM32_Drivers.dir/__/__/Core/Src/system_stm32g0xx.c.obj
                0x080045e0                APBPrescTable
 .rodata.UARTPrescTable
                0x08004600       0x18 cmake/stm32cubemx/CMakeFiles/STM32_Drivers.dir/__/__/Drivers/STM32G0xx_HAL_Driver/Src/stm32g0xx_hal_uart.c.obj
                0x08004600                UARTPrescTable
 .rodata.numerator.1
                0x08004618        0x8 cmake/stm32cubemx/CMakeFiles/STM32_Drivers.dir/__/__/Drivers/STM32G0xx_HAL_Driver/Src/stm32g0xx_hal_uart_ex.c.obj
 .rodata.denominator.0
                0x08004620        0x8 cmake/stm32cubemx/CMakeFiles/STM32_Drivers.dir/__/__/Drivers/STM32G0xx_HAL_Driver/Src/stm32g0xx_hal_uart_ex.c.obj
                0x08004628                        . = ALIGN (0x4)

.ARM.extab      0x08004628        0x0
                0x08004628                        . = ALIGN (0x4)
 *(.ARM.extab* .gnu.linkonce.armextab.*)
                0x08004628                        . = ALIGN (0x4)

.ARM            0x08004628        0x8
                0x08004628                        . = ALIGN (0x4)
                0x08004628                        __exidx_start = .
 *(.ARM.exidx*)
 .ARM.exidx.text.__udivmoddi4
                0x08004628        0x8 /Applications/ArmGNUToolchain/15.2.rel1/arm-none-eabi/bin/../lib/gcc/arm-none-eabi/15.2.1/thumb/v6-m/nofp/libgcc.a(_udivmoddi4.o)
                0x08004630                        __exidx_end = .
                0x08004630                        . = ALIGN (0x4)

.preinit_array  0x08004630        0x0
                0x08004630                        . = ALIGN (0x4)
                0x08004630                        PROVIDE (__preinit_array_start = .)
 *(.preinit_array*)
                0x08004630                        PROVIDE (__preinit_array_end = .)
                0x08004630                        . = ALIGN (0x4)

.init_array     0x08004630        0x4
                0x08004630                        . = ALIGN (0x4)
                0x08004630                        PROVIDE (__init_array_start = .)
 *(SORT_BY_NAME(.init_array.*))
 *(.init_array*)
 .init_array    0x08004630        0x4 /Applications/ArmGNUToolchain/15.2.rel1/arm-none-eabi/bin/../lib/gcc/arm-none-eabi/15.2.1/thumb/v6-m/nofp/crtbegin.o
                0x08004634                        PROVIDE (__init_array_end = .)
                0x08004634                        . = ALIGN (0x4)

.fini_array     0x08004634        0x4
                0x08004634                        . = ALIGN (0x4)
                [!provide]                        PROVIDE (__fini_array_start = .)
 *(SORT_BY_NAME(.fini_array.*))
 *(.fini_array*)
 .fini_array    0x08004634        0x4 /Applications/ArmGNUToolchain/15.2.rel1/arm-none-eabi/bin/../lib/gcc/arm-none-eabi/15.2.1/thumb/v6-m/nofp/crtbegin.o
                [!provide]                        PROVIDE (__fini_array_end = .)
                0x08004638                        . = ALIGN (0x4)
                0x08004638                        _sidata = LOADADDR (.data)

.rel.dyn        0x08004638        0x0
 .rel.iplt      0x08004638        0x0 /Applications/ArmGNUToolchain/15.2.rel1/arm-none-eabi/bin/../lib/gcc/arm-none-eabi/15.2.1/thumb/v6-m/nofp/crtbegin.o

.data           0x20000000        0xc load address 0x08004638
                0x20000000                        . = ALIGN (0x4)
                0x20000000                        _sdata = .
 *(.data)
 *(.data*)
 .data.SystemCoreClock
                0x20000000        0x4 cmake/stm32cubemx/CMakeFiles/STM32_Drivers.dir/__/__/Core/Src/system_stm32g0xx.c.obj
                0x20000000                SystemCoreClock
 .data.uwTickPrio
                0x20000004        0x4 cmake/stm32cubemx/CMakeFiles/STM32_Drivers.dir/__/__/Drivers/STM32G0xx_HAL_Driver/Src/stm32g0xx_hal.c.obj
                0x20000004                uwTickPrio
 .data.uwTickFreq
                0x20000008        0x1 cmake/stm32cubemx/CMakeFiles/STM32_Drivers.dir/__/__/Drivers/STM32G0xx_HAL_Driver/Src/stm32g0xx_hal.c.obj
                0x20000008                uwTickFreq
 *(.RamFunc)
 *(.RamFunc*)
                0x2000000c                        . = ALIGN (0x4)
 *fill*         0x20000009        0x3 

.tm_clone_table
                0x2000000c        0x0 load address 0x08004644
 .tm_clone_table
                0x2000000c        0x0 /Applications/ArmGNUToolchain/15.2.rel1/arm-none-eabi/bin/../lib/gcc/arm-none-eabi/15.2.1/thumb/v6-m/nofp/crtbegin.o
 .tm_clone_table
                0x2000000c        0x0 /Applications/ArmGNUToolchain/15.2.rel1/arm-none-eabi/bin/../lib/gcc/arm-none-eabi/15.2.1/thumb/v6-m/nofp/crtend.o

.igot.plt       0x2000000c        0x0 load address 0x08004644
 .igot.plt      0x2000000c        0x0 /Applications/ArmGNUToolchain/15.2.rel1/arm-none-eabi/bin/../lib/gcc/arm-none-eabi/15.2.1/thumb/v6-m/nofp/crtbegin.o

.tdata          0x2000000c        0x0 load address 0x08004644
 *(.tdata .tdata.* .gnu.linkonce.td.*)
                0x2000000c                        . = ALIGN (0x4)
                0x2000000c                        _edata = .
                [!provide]                        PROVIDE (__data_end = .)
                [!provide]                        PROVIDE (__tdata_end = .)
                [!provide]                        PROVIDE (__tdata_start = ADDR (.tdata))
                [!provide]                        PROVIDE (__tdata_size = (__tdata_end - __tdata_start))
                [!provide]                        PROVIDE (__data_start = ADDR (.data))
                [!provide]                        PROVIDE (__data_size = (__data_end - __data_start))
                [!provide]                        PROVIDE (__tdata_source = LOADADDR (.tdata))
                [!provide]                        PROVIDE (__tdata_source_end = (LOADADDR (.tdata) + SIZEOF (.tdata)))
                [!provide]                        PROVIDE (__tdata_source_size = (__tdata_source_end - __tdata_source))
                [!provide]                        PROVIDE (__data_source = LOADADDR (.data))
                [!provide]                        PROVIDE (__data_source_end = __tdata_source_end)
                [!provide]                        PROVIDE (__data_source_size = (__data_source_end - __data_source))

.tbss           0x2000000c        0x0 load address 0x08004644
                0x2000000c                        _sbss = .
                0x2000000c                        __bss_start__ = _sbss
 *(.tbss .tbss.*)
                0x2000000c                        . = ALIGN (0x4)
                [!provide]                        PROVIDE (__tbss_end = .)
                [!provide]                        PROVIDE (__tbss_start = ADDR (.tbss))
                [!provide]                        PROVIDE (__tbss_size = (__tbss_end - __tbss_start))
                [!provide]                        PROVIDE (__tbss_offset = (ADDR (.tbss) - ADDR (.tdata)))
                [!provide]                        PROVIDE (__tls_base = __tdata_start)
                [!provide]                        PROVIDE (__tls_end = __tbss_end)
                [!provide]                        PROVIDE (__tls_size = (__tls_end - __tls_base))
                [!provide]                        PROVIDE (__tls_align = MAX (ALIGNOF (.tdata), ALIGNOF (.tbss)))
                [!provide]                        PROVIDE (__tls_size_align = (((__tls_size + __tls_align) - 0x1) & ~ ((__tls_align - 0x1))))
                [!provide]                        PROVIDE (__arm32_tls_tcb_offset = MAX (0x8, __tls_align))
                [!provide]                        PROVIDE (__arm64_tls_tcb_offset = MAX (0x10, __tls_align))

.bss            0x2000000c      0x528 load address 0x08004644
 *(.bss)
 *(.bss*)
 .bss.completed.1
                0x2000000c        0x1 /Applications/ArmGNUToolchain/15.2.rel1/arm-none-eabi/bin/../lib/gcc/arm-none-eabi/15.2.1/thumb/v6-m/nofp/crtbegin.o
 *fill*         0x2000000d        0x3 
 .bss.object.0  0x20000010       0x18 /Applications/ArmGNUToolchain/15.2.rel1/arm-none-eabi/bin/../lib/gcc/arm-none-eabi/15.2.1/thumb/v6-m/nofp/crtbegin.o
 .bss.uwTick    0x20000028        0x4 cmake/stm32cubemx/CMakeFiles/STM32_Drivers.dir/__/__/Drivers/STM32G0xx_HAL_Driver/Src/stm32g0xx_hal.c.obj
                0x20000028                uwTick
 .bss.hspi1     0x2000002c       0x64 CMakeFiles/ulysses-gnss-radio.dir/Core/Src/main.c.obj
                0x2000002c                hspi1
 .bss.hdma_spi1_tx
                0x20000090       0x60 CMakeFiles/ulysses-gnss-radio.dir/Core/Src/main.c.obj
                0x20000090                hdma_spi1_tx
 .bss.hdma_spi1_rx
                0x200000f0       0x60 CMakeFiles/ulysses-gnss-radio.dir/Core/Src/main.c.obj
                0x200000f0                hdma_spi1_rx
 .bss.huart1    0x20000150       0x94 CMakeFiles/ulysses-gnss-radio.dir/Core/Src/main.c.obj
                0x20000150                huart1
 .bss.huart5    0x200001e4       0x94 CMakeFiles/ulysses-gnss-radio.dir/Core/Src/main.c.obj
                0x200001e4                huart5
 .bss.huart6    0x20000278       0x94 CMakeFiles/ulysses-gnss-radio.dir/Core/Src/main.c.obj
                0x20000278                huart6
 .bss.spi_handler
                0x2000030c       0x28 CMakeFiles/ulysses-gnss-radio.dir/Core/Src/spi_slave.c.obj
 .bss.rx_buffer_a
                0x20000334       0xff CMakeFiles/ulysses-gnss-radio.dir/Core/Src/spi_slave.c.obj
 *fill*         0x20000433        0x1 
 .bss.rx_buffer_b
                0x20000434       0xff CMakeFiles/ulysses-gnss-radio.dir/Core/Src/spi_slave.c.obj
 *(COMMON)
                0x20000534                        . = ALIGN (0x4)
 *fill*         0x20000533        0x1 
                0x20000534                        _ebss = .
                0x20000534                        __bss_end__ = _ebss
                [!provide]                        PROVIDE (__bss_end = .)
                [!provide]                        PROVIDE (__non_tls_bss_start = ADDR (.bss))
                [!provide]                        PROVIDE (__bss_start = __tbss_start)
                [!provide]                        PROVIDE (__bss_size = (__bss_end - __bss_start))

._user_heap_stack
                0x20000534      0x604 load address 0x08004644
                0x20000538                        . = ALIGN (0x8)
 *fill*         0x20000534        0x4 
                [!provide]                        PROVIDE (end = .)
                0x20000538                        PROVIDE (_end = .)
                0x20000738                        . = (. + _Min_Heap_Size)
 *fill*         0x20000538      0x200 
                0x20000b38                        . = (. + _Min_Stack_Size)
 *fill*         0x20000738      0x400 
                0x20000b38                        . = ALIGN (0x8)

/DISCARD/
 libc.a:*(*)
 libm.a:*(*)
 libgcc.a:*(*)
OUTPUT(ulysses-gnss-radio.elf elf32-littlearm)
LOAD linker stubs

.ARM.attributes
                0x00000000       0x28
 .ARM.attributes
                0x00000000       0x1e /Applications/ArmGNUToolchain/15.2.rel1/arm-none-eabi/bin/../lib/gcc/arm-none-eabi/15.2.1/thumb/v6-m/nofp/crti.o
 .ARM.attributes
                0x0000001e       0x2c /Applications/ArmGNUToolchain/15.2.rel1/arm-none-eabi/bin/../lib/gcc/arm-none-eabi/15.2.1/thumb/v6-m/nofp/crtbegin.o
 .ARM.attributes
                0x0000004a       0x2c cmake/stm32cubemx/CMakeFiles/STM32_Drivers.dir/__/__/Core/Src/system_stm32g0xx.c.obj
 .ARM.attributes
                0x00000076       0x2c cmake/stm32cubemx/CMakeFiles/STM32_Drivers.dir/__/__/Drivers/STM32G0xx_HAL_Driver/Src/stm32g0xx_hal_spi.c.obj
 .ARM.attributes
                0x000000a2       0x2c cmake/stm32cubemx/CMakeFiles/STM32_Drivers.dir/__/__/Drivers/STM32G0xx_HAL_Driver/Src/stm32g0xx_hal_rcc.c.obj
 .ARM.attributes
                0x000000ce       0x2c cmake/stm32cubemx/CMakeFiles/STM32_Drivers.dir/__/__/Drivers/STM32G0xx_HAL_Driver/Src/stm32g0xx_hal_rcc_ex.c.obj
 .ARM.attributes
                0x000000fa       0x2c cmake/stm32cubemx/CMakeFiles/STM32_Drivers.dir/__/__/Drivers/STM32G0xx_HAL_Driver/Src/stm32g0xx_hal_gpio.c.obj
 .ARM.attributes
                0x00000126       0x2c cmake/stm32cubemx/CMakeFiles/STM32_Drivers.dir/__/__/Drivers/STM32G0xx_HAL_Driver/Src/stm32g0xx_hal_dma.c.obj
 .ARM.attributes
                0x00000152       0x2c cmake/stm32cubemx/CMakeFiles/STM32_Drivers.dir/__/__/Drivers/STM32G0xx_HAL_Driver/Src/stm32g0xx_hal_pwr_ex.c.obj
 .ARM.attributes
                0x0000017e       0x2c cmake/stm32cubemx/CMakeFiles/STM32_Drivers.dir/__/__/Drivers/STM32G0xx_HAL_Driver/Src/stm32g0xx_hal_cortex.c.obj
 .ARM.attributes
                0x000001aa       0x2c cmake/stm32cubemx/CMakeFiles/STM32_Drivers.dir/__/__/Drivers/STM32G0xx_HAL_Driver/Src/stm32g0xx_hal.c.obj
 .ARM.attributes
                0x000001d6       0x2c cmake/stm32cubemx/CMakeFiles/STM32_Drivers.dir/__/__/Drivers/STM32G0xx_HAL_Driver/Src/stm32g0xx_hal_uart.c.obj
 .ARM.attributes
                0x00000202       0x2c cmake/stm32cubemx/CMakeFiles/STM32_Drivers.dir/__/__/Drivers/STM32G0xx_HAL_Driver/Src/stm32g0xx_hal_uart_ex.c.obj
 .ARM.attributes
                0x0000022e       0x2c CMakeFiles/ulysses-gnss-radio.dir/Core/Src/main.c.obj
 .ARM.attributes
                0x0000025a       0x2c CMakeFiles/ulysses-gnss-radio.dir/Core/Src/stm32g0xx_it.c.obj
 .ARM.attributes
                0x00000286       0x2c CMakeFiles/ulysses-gnss-radio.dir/Core/Src/stm32g0xx_hal_msp.c.obj
 .ARM.attributes
                0x000002b2       0x2c CMakeFiles/ulysses-gnss-radio.dir/Core/Src/spi_slave.c.obj
 .ARM.attributes
                0x000002de       0x2c CMakeFiles/ulysses-gnss-radio.dir/Core/Src/spi_interrupts.c.obj
 .ARM.attributes
                0x0000030a       0x22 CMakeFiles/ulysses-gnss-radio.dir/startup_stm32g0b1xx.s.obj
 .ARM.attributes
                0x0000032c       0x1e /Applications/ArmGNUToolchain/15.2.rel1/arm-none-eabi/bin/../lib/gcc/arm-none-eabi/15.2.1/thumb/v6-m/nofp/libgcc.a(_udivsi3.o)
 .ARM.attributes
                0x0000034a       0x1e /Applications/ArmGNUToolchain/15.2.rel1/arm-none-eabi/bin/../lib/gcc/arm-none-eabi/15.2.1/thumb/v6-m/nofp/libgcc.a(_divsi3.o)
 .ARM.attributes
                0x00000368       0x1e /Applications/ArmGNUToolchain/15.2.rel1/arm-none-eabi/bin/../lib/gcc/arm-none-eabi/15.2.1/thumb/v6-m/nofp/libgcc.a(_dvmd_tls.o)
 .ARM.attributes
                0x00000386       0x1e /Applications/ArmGNUToolchain/15.2.rel1/arm-none-eabi/bin/../lib/gcc/arm-none-eabi/15.2.1/thumb/v6-m/nofp/libgcc.a(_aeabi_uldivmod.o)
 .ARM.attributes
                0x000003a4       0x2c /Applications/ArmGNUToolchain/15.2.rel1/arm-none-eabi/bin/../lib/gcc/arm-none-eabi/15.2.1/thumb/v6-m/nofp/libgcc.a(_udivmoddi4.o)
 .ARM.attributes
                0x000003d0       0x1e /Applications/ArmGNUToolchain/15.2.rel1/arm-none-eabi/bin/../lib/gcc/arm-none-eabi/15.2.1/thumb/v6-m/nofp/libgcc.a(_clzdi2.o)
 .ARM.attributes
                0x000003ee       0x1e /Applications/ArmGNUToolchain/15.2.rel1/arm-none-eabi/bin/../lib/gcc/arm-none-eabi/15.2.1/thumb/v6-m/nofp/libgcc.a(_clzsi2.o)
 .ARM.attributes
                0x0000040c       0x2c /Applications/ArmGNUToolchain/15.2.rel1/arm-none-eabi/bin/../lib/gcc/arm-none-eabi/15.2.1/../../../../arm-none-eabi/lib/thumb/v6-m/nofp/libg_nano.a(libc_a-memset.o)
 .ARM.attributes
                0x00000438       0x2c /Applications/ArmGNUToolchain/15.2.rel1/arm-none-eabi/bin/../lib/gcc/arm-none-eabi/15.2.1/../../../../arm-none-eabi/lib/thumb/v6-m/nofp/libg_nano.a(libc_a-init.o)
 .ARM.attributes
                0x00000464       0x2c /Applications/ArmGNUToolchain/15.2.rel1/arm-none-eabi/bin/../lib/gcc/arm-none-eabi/15.2.1/thumb/v6-m/nofp/crtend.o
 .ARM.attributes
                0x00000490       0x1e /Applications/ArmGNUToolchain/15.2.rel1/arm-none-eabi/bin/../lib/gcc/arm-none-eabi/15.2.1/thumb/v6-m/nofp/crtn.o

.comment        0x00000000       0x45
 .comment       0x00000000       0x45 cmake/stm32cubemx/CMakeFiles/STM32_Drivers.dir/__/__/Core/Src/system_stm32g0xx.c.obj
                                 0x46 (size before relaxing)
 .comment       0x00000045        0x0 cmake/stm32cubemx/CMakeFiles/STM32_Drivers.dir/__/__/Drivers/STM32G0xx_HAL_Driver/Src/stm32g0xx_hal_spi.c.obj
                                 0x46 (size before relaxing)
 .comment       0x00000045        0x0 cmake/stm32cubemx/CMakeFiles/STM32_Drivers.dir/__/__/Drivers/STM32G0xx_HAL_Driver/Src/stm32g0xx_hal_rcc.c.obj
                                 0x46 (size before relaxing)
 .comment       0x00000045        0x0 cmake/stm32cubemx/CMakeFiles/STM32_Drivers.dir/__/__/Drivers/STM32G0xx_HAL_Driver/Src/stm32g0xx_hal_rcc_ex.c.obj
                                 0x46 (size before relaxing)
 .comment       0x00000045        0x0 cmake/stm32cubemx/CMakeFiles/STM32_Drivers.dir/__/__/Drivers/STM32G0xx_HAL_Driver/Src/stm32g0xx_hal_gpio.c.obj
                                 0x46 (size before relaxing)
 .comment       0x00000045        0x0 cmake/stm32cubemx/CMakeFiles/STM32_Drivers.dir/__/__/Drivers/STM32G0xx_HAL_Driver/Src/stm32g0xx_hal_dma.c.obj
                                 0x46 (size before relaxing)
 .comment       0x00000045        0x0 cmake/stm32cubemx/CMakeFiles/STM32_Drivers.dir/__/__/Drivers/STM32G0xx_HAL_Driver/Src/stm32g0xx_hal_pwr_ex.c.obj
                                 0x46 (size before relaxing)
 .comment       0x00000045        0x0 cmake/stm32cubemx/CMakeFiles/STM32_Drivers.dir/__/__/Drivers/STM32G0xx_HAL_Driver/Src/stm32g0xx_hal_cortex.c.obj
                                 0x46 (size before relaxing)
 .comment       0x00000045        0x0 cmake/stm32cubemx/CMakeFiles/STM32_Drivers.dir/__/__/Drivers/STM32G0xx_HAL_Driver/Src/stm32g0xx_hal.c.obj
                                 0x46 (size before relaxing)
 .comment       0x00000045        0x0 cmake/stm32cubemx/CMakeFiles/STM32_Drivers.dir/__/__/Drivers/STM32G0xx_HAL_Driver/Src/stm32g0xx_hal_uart.c.obj
                                 0x46 (size before relaxing)
 .comment       0x00000045        0x0 cmake/stm32cubemx/CMakeFiles/STM32_Drivers.dir/__/__/Drivers/STM32G0xx_HAL_Driver/Src/stm32g0xx_hal_uart_ex.c.obj
                                 0x46 (size before relaxing)
 .comment       0x00000045        0x0 CMakeFiles/ulysses-gnss-radio.dir/Core/Src/main.c.obj
                                 0x46 (size before relaxing)
 .comment       0x00000045        0x0 CMakeFiles/ulysses-gnss-radio.dir/Core/Src/stm32g0xx_it.c.obj
                                 0x46 (size before relaxing)
 .comment       0x00000045        0x0 CMakeFiles/ulysses-gnss-radio.dir/Core/Src/stm32g0xx_hal_msp.c.obj
                                 0x46 (size before relaxing)
 .comment       0x00000045        0x0 CMakeFiles/ulysses-gnss-radio.dir/Core/Src/spi_slave.c.obj
                                 0x46 (size before relaxing)
 .comment       0x00000045        0x0 CMakeFiles/ulysses-gnss-radio.dir/Core/Src/spi_interrupts.c.obj
                                 0x46 (size before relaxing)

.debug_info     0x00000000     0xf17b
 .debug_info    0x00000000      0x316 cmake/stm32cubemx/CMakeFiles/STM32_Drivers.dir/__/__/Core/Src/system_stm32g0xx.c.obj
 .debug_info    0x00000316     0x1767 cmake/stm32cubemx/CMakeFiles/STM32_Drivers.dir/__/__/Drivers/STM32G0xx_HAL_Driver/Src/stm32g0xx_hal_spi.c.obj
 .debug_info    0x00001a7d      0xb9b cmake/stm32cubemx/CMakeFiles/STM32_Drivers.dir/__/__/Drivers/STM32G0xx_HAL_Driver/Src/stm32g0xx_hal_rcc.c.obj
 .debug_info    0x00002618      0xa41 cmake/stm32cubemx/CMakeFiles/STM32_Drivers.dir/__/__/Drivers/STM32G0xx_HAL_Driver/Src/stm32g0xx_hal_rcc_ex.c.obj
 .debug_info    0x00003059      0x5d9 cmake/stm32cubemx/CMakeFiles/STM32_Drivers.dir/__/__/Drivers/STM32G0xx_HAL_Driver/Src/stm32g0xx_hal_gpio.c.obj
 .debug_info    0x00003632      0x869 cmake/stm32cubemx/CMakeFiles/STM32_Drivers.dir/__/__/Drivers/STM32G0xx_HAL_Driver/Src/stm32g0xx_hal_dma.c.obj
 .debug_info    0x00003e9b      0x8b5 cmake/stm32cubemx/CMakeFiles/STM32_Drivers.dir/__/__/Drivers/STM32G0xx_HAL_Driver/Src/stm32g0xx_hal_pwr_ex.c.obj
 .debug_info    0x00004750      0x8d9 cmake/stm32cubemx/CMakeFiles/STM32_Drivers.dir/__/__/Drivers/STM32G0xx_HAL_Driver/Src/stm32g0xx_hal_cortex.c.obj
 .debug_info    0x00005029      0xafa cmake/stm32cubemx/CMakeFiles/STM32_Drivers.dir/__/__/Drivers/STM32G0xx_HAL_Driver/Src/stm32g0xx_hal.c.obj
 .debug_info    0x00005b23     0x48a0 cmake/stm32cubemx/CMakeFiles/STM32_Drivers.dir/__/__/Drivers/STM32G0xx_HAL_Driver/Src/stm32g0xx_hal_uart.c.obj
 .debug_info    0x0000a3c3      0xff0 cmake/stm32cubemx/CMakeFiles/STM32_Drivers.dir/__/__/Drivers/STM32G0xx_HAL_Driver/Src/stm32g0xx_hal_uart_ex.c.obj
 .debug_info    0x0000b3b3     0x13ca CMakeFiles/ulysses-gnss-radio.dir/Core/Src/main.c.obj
 .debug_info    0x0000c77d      0x48e CMakeFiles/ulysses-gnss-radio.dir/Core/Src/stm32g0xx_it.c.obj
 .debug_info    0x0000cc0b     0x109e CMakeFiles/ulysses-gnss-radio.dir/Core/Src/stm32g0xx_hal_msp.c.obj
 .debug_info    0x0000dca9      0xd88 CMakeFiles/ulysses-gnss-radio.dir/Core/Src/spi_slave.c.obj
 .debug_info    0x0000ea31      0x71a CMakeFiles/ulysses-gnss-radio.dir/Core/Src/spi_interrupts.c.obj
 .debug_info    0x0000f14b       0x30 CMakeFiles/ulysses-gnss-radio.dir/startup_stm32g0b1xx.s.obj

.debug_abbrev   0x00000000     0x24e6
 .debug_abbrev  0x00000000      0x119 cmake/stm32cubemx/CMakeFiles/STM32_Drivers.dir/__/__/Core/Src/system_stm32g0xx.c.obj
 .debug_abbrev  0x00000119      0x290 cmake/stm32cubemx/CMakeFiles/STM32_Drivers.dir/__/__/Drivers/STM32G0xx_HAL_Driver/Src/stm32g0xx_hal_spi.c.obj
 .debug_abbrev  0x000003a9      0x2aa cmake/stm32cubemx/CMakeFiles/STM32_Drivers.dir/__/__/Drivers/STM32G0xx_HAL_Driver/Src/stm32g0xx_hal_rcc.c.obj
 .debug_abbrev  0x00000653      0x244 cmake/stm32cubemx/CMakeFiles/STM32_Drivers.dir/__/__/Drivers/STM32G0xx_HAL_Driver/Src/stm32g0xx_hal_rcc_ex.c.obj
 .debug_abbrev  0x00000897      0x1c8 cmake/stm32cubemx/CMakeFiles/STM32_Drivers.dir/__/__/Drivers/STM32G0xx_HAL_Driver/Src/stm32g0xx_hal_gpio.c.obj
 .debug_abbrev  0x00000a5f      0x214 cmake/stm32cubemx/CMakeFiles/STM32_Drivers.dir/__/__/Drivers/STM32G0xx_HAL_Driver/Src/stm32g0xx_hal_dma.c.obj
 .debug_abbrev  0x00000c73      0x23c cmake/stm32cubemx/CMakeFiles/STM32_Drivers.dir/__/__/Drivers/STM32G0xx_HAL_Driver/Src/stm32g0xx_hal_pwr_ex.c.obj
 .debug_abbrev  0x00000eaf      0x2ab cmake/stm32cubemx/CMakeFiles/STM32_Drivers.dir/__/__/Drivers/STM32G0xx_HAL_Driver/Src/stm32g0xx_hal_cortex.c.obj
 .debug_abbrev  0x0000115a      0x27f cmake/stm32cubemx/CMakeFiles/STM32_Drivers.dir/__/__/Drivers/STM32G0xx_HAL_Driver/Src/stm32g0xx_hal.c.obj
 .debug_abbrev  0x000013d9      0x311 cmake/stm32cubemx/CMakeFiles/STM32_Drivers.dir/__/__/Drivers/STM32G0xx_HAL_Driver/Src/stm32g0xx_hal_uart.c.obj
 .debug_abbrev  0x000016ea      0x2d3 cmake/stm32cubemx/CMakeFiles/STM32_Drivers.dir/__/__/Drivers/STM32G0xx_HAL_Driver/Src/stm32g0xx_hal_uart_ex.c.obj
 .debug_abbrev  0x000019bd      0x2f9 CMakeFiles/ulysses-gnss-radio.dir/Core/Src/main.c.obj
 .debug_abbrev  0x00001cb6      0x196 CMakeFiles/ulysses-gnss-radio.dir/Core/Src/stm32g0xx_it.c.obj
 .debug_abbrev  0x00001e4c      0x224 CMakeFiles/ulysses-gnss-radio.dir/Core/Src/stm32g0xx_hal_msp.c.obj
 .debug_abbrev  0x00002070      0x2c1 CMakeFiles/ulysses-gnss-radio.dir/Core/Src/spi_slave.c.obj
 .debug_abbrev  0x00002331      0x191 CMakeFiles/ulysses-gnss-radio.dir/Core/Src/spi_interrupts.c.obj
 .debug_abbrev  0x000024c2       0x24 CMakeFiles/ulysses-gnss-radio.dir/startup_stm32g0b1xx.s.obj

.debug_aranges  0x00000000      0xc58
 .debug_aranges
                0x00000000       0x28 cmake/stm32cubemx/CMakeFiles/STM32_Drivers.dir/__/__/Core/Src/system_stm32g0xx.c.obj
 .debug_aranges
                0x00000028      0x1d8 cmake/stm32cubemx/CMakeFiles/STM32_Drivers.dir/__/__/Drivers/STM32G0xx_HAL_Driver/Src/stm32g0xx_hal_spi.c.obj
 .debug_aranges
                0x00000200       0xa0 cmake/stm32cubemx/CMakeFiles/STM32_Drivers.dir/__/__/Drivers/STM32G0xx_HAL_Driver/Src/stm32g0xx_hal_rcc.c.obj
 .debug_aranges
                0x000002a0       0x88 cmake/stm32cubemx/CMakeFiles/STM32_Drivers.dir/__/__/Drivers/STM32G0xx_HAL_Driver/Src/stm32g0xx_hal_rcc_ex.c.obj
 .debug_aranges
                0x00000328       0x60 cmake/stm32cubemx/CMakeFiles/STM32_Drivers.dir/__/__/Drivers/STM32G0xx_HAL_Driver/Src/stm32g0xx_hal_gpio.c.obj
 .debug_aranges
                0x00000388       0x90 cmake/stm32cubemx/CMakeFiles/STM32_Drivers.dir/__/__/Drivers/STM32G0xx_HAL_Driver/Src/stm32g0xx_hal_dma.c.obj
 .debug_aranges
                0x00000418      0x128 cmake/stm32cubemx/CMakeFiles/STM32_Drivers.dir/__/__/Drivers/STM32G0xx_HAL_Driver/Src/stm32g0xx_hal_pwr_ex.c.obj
 .debug_aranges
                0x00000540       0xe8 cmake/stm32cubemx/CMakeFiles/STM32_Drivers.dir/__/__/Drivers/STM32G0xx_HAL_Driver/Src/stm32g0xx_hal_cortex.c.obj
 .debug_aranges
                0x00000628      0x130 cmake/stm32cubemx/CMakeFiles/STM32_Drivers.dir/__/__/Drivers/STM32G0xx_HAL_Driver/Src/stm32g0xx_hal.c.obj
 .debug_aranges
                0x00000758      0x248 cmake/stm32cubemx/CMakeFiles/STM32_Drivers.dir/__/__/Drivers/STM32G0xx_HAL_Driver/Src/stm32g0xx_hal_uart.c.obj
 .debug_aranges
                0x000009a0       0xa8 cmake/stm32cubemx/CMakeFiles/STM32_Drivers.dir/__/__/Drivers/STM32G0xx_HAL_Driver/Src/stm32g0xx_hal_uart_ex.c.obj
 .debug_aranges
                0x00000a48       0x70 CMakeFiles/ulysses-gnss-radio.dir/Core/Src/main.c.obj
 .debug_aranges
                0x00000ab8       0x50 CMakeFiles/ulysses-gnss-radio.dir/Core/Src/stm32g0xx_it.c.obj
 .debug_aranges
                0x00000b08       0x40 CMakeFiles/ulysses-gnss-radio.dir/Core/Src/stm32g0xx_hal_msp.c.obj
 .debug_aranges
                0x00000b48       0xc0 CMakeFiles/ulysses-gnss-radio.dir/Core/Src/spi_slave.c.obj
 .debug_aranges
                0x00000c08       0x28 CMakeFiles/ulysses-gnss-radio.dir/Core/Src/spi_interrupts.c.obj
 .debug_aranges
                0x00000c30       0x28 CMakeFiles/ulysses-gnss-radio.dir/startup_stm32g0b1xx.s.obj

.debug_rnglists
                0x00000000      0x989
 .debug_rnglists
                0x00000000       0x1a cmake/stm32cubemx/CMakeFiles/STM32_Drivers.dir/__/__/Core/Src/system_stm32g0xx.c.obj
 .debug_rnglists
                0x0000001a      0x17a cmake/stm32cubemx/CMakeFiles/STM32_Drivers.dir/__/__/Drivers/STM32G0xx_HAL_Driver/Src/stm32g0xx_hal_spi.c.obj
 .debug_rnglists
                0x00000194       0x79 cmake/stm32cubemx/CMakeFiles/STM32_Drivers.dir/__/__/Drivers/STM32G0xx_HAL_Driver/Src/stm32g0xx_hal_rcc.c.obj
 .debug_rnglists
                0x0000020d       0x69 cmake/stm32cubemx/CMakeFiles/STM32_Drivers.dir/__/__/Drivers/STM32G0xx_HAL_Driver/Src/stm32g0xx_hal_rcc_ex.c.obj
 .debug_rnglists
                0x00000276       0x45 cmake/stm32cubemx/CMakeFiles/STM32_Drivers.dir/__/__/Drivers/STM32G0xx_HAL_Driver/Src/stm32g0xx_hal_gpio.c.obj
 .debug_rnglists
                0x000002bb       0x72 cmake/stm32cubemx/CMakeFiles/STM32_Drivers.dir/__/__/Drivers/STM32G0xx_HAL_Driver/Src/stm32g0xx_hal_dma.c.obj
 .debug_rnglists
                0x0000032d       0xe0 cmake/stm32cubemx/CMakeFiles/STM32_Drivers.dir/__/__/Drivers/STM32G0xx_HAL_Driver/Src/stm32g0xx_hal_pwr_ex.c.obj
 .debug_rnglists
                0x0000040d       0xaa cmake/stm32cubemx/CMakeFiles/STM32_Drivers.dir/__/__/Drivers/STM32G0xx_HAL_Driver/Src/stm32g0xx_hal_cortex.c.obj
 .debug_rnglists
                0x000004b7       0xe0 cmake/stm32cubemx/CMakeFiles/STM32_Drivers.dir/__/__/Drivers/STM32G0xx_HAL_Driver/Src/stm32g0xx_hal.c.obj
 .debug_rnglists
                0x00000597      0x1fd cmake/stm32cubemx/CMakeFiles/STM32_Drivers.dir/__/__/Drivers/STM32G0xx_HAL_Driver/Src/stm32g0xx_hal_uart.c.obj
 .debug_rnglists
                0x00000794       0x80 cmake/stm32cubemx/CMakeFiles/STM32_Drivers.dir/__/__/Drivers/STM32G0xx_HAL_Driver/Src/stm32g0xx_hal_uart_ex.c.obj
 .debug_rnglists
                0x00000814       0x52 CMakeFiles/ulysses-gnss-radio.dir/Core/Src/main.c.obj
 .debug_rnglists
                0x00000866       0x37 CMakeFiles/ulysses-gnss-radio.dir/Core/Src/stm32g0xx_it.c.obj
 .debug_rnglists
                0x0000089d       0x2e CMakeFiles/ulysses-gnss-radio.dir/Core/Src/stm32g0xx_hal_msp.c.obj
 .debug_rnglists
                0x000008cb       0x8c CMakeFiles/ulysses-gnss-radio.dir/Core/Src/spi_slave.c.obj
 .debug_rnglists
                0x00000957       0x19 CMakeFiles/ulysses-gnss-radio.dir/Core/Src/spi_interrupts.c.obj
 .debug_rnglists
                0x00000970       0x19 CMakeFiles/ulysses-gnss-radio.dir/startup_stm32g0b1xx.s.obj

.debug_macro    0x00000000    0x1bddc
 .debug_macro   0x00000000      0x1e0 cmake/stm32cubemx/CMakeFiles/STM32_Drivers.dir/__/__/Core/Src/system_stm32g0xx.c.obj
 .debug_macro   0x000001e0      0xac0 cmake/stm32cubemx/CMakeFiles/STM32_Drivers.dir/__/__/Core/Src/system_stm32g0xx.c.obj
 .debug_macro   0x00000ca0       0x2e cmake/stm32cubemx/CMakeFiles/STM32_Drivers.dir/__/__/Core/Src/system_stm32g0xx.c.obj
 .debug_macro   0x00000cce       0x28 cmake/stm32cubemx/CMakeFiles/STM32_Drivers.dir/__/__/Core/Src/system_stm32g0xx.c.obj
 .debug_macro   0x00000cf6       0x22 cmake/stm32cubemx/CMakeFiles/STM32_Drivers.dir/__/__/Core/Src/system_stm32g0xx.c.obj
 .debug_macro   0x00000d18       0x8e cmake/stm32cubemx/CMakeFiles/STM32_Drivers.dir/__/__/Core/Src/system_stm32g0xx.c.obj
 .debug_macro   0x00000da6       0x51 cmake/stm32cubemx/CMakeFiles/STM32_Drivers.dir/__/__/Core/Src/system_stm32g0xx.c.obj
 .debug_macro   0x00000df7      0x103 cmake/stm32cubemx/CMakeFiles/STM32_Drivers.dir/__/__/Core/Src/system_stm32g0xx.c.obj
 .debug_macro   0x00000efa       0x6a cmake/stm32cubemx/CMakeFiles/STM32_Drivers.dir/__/__/Core/Src/system_stm32g0xx.c.obj
 .debug_macro   0x00000f64      0x1df cmake/stm32cubemx/CMakeFiles/STM32_Drivers.dir/__/__/Core/Src/system_stm32g0xx.c.obj
 .debug_macro   0x00001143       0x1c cmake/stm32cubemx/CMakeFiles/STM32_Drivers.dir/__/__/Core/Src/system_stm32g0xx.c.obj
 .debug_macro   0x0000115f       0x22 cmake/stm32cubemx/CMakeFiles/STM32_Drivers.dir/__/__/Core/Src/system_stm32g0xx.c.obj
 .debug_macro   0x00001181       0xd1 cmake/stm32cubemx/CMakeFiles/STM32_Drivers.dir/__/__/Core/Src/system_stm32g0xx.c.obj
 .debug_macro   0x00001252      0x4da cmake/stm32cubemx/CMakeFiles/STM32_Drivers.dir/__/__/Core/Src/system_stm32g0xx.c.obj
 .debug_macro   0x0000172c      0x11f cmake/stm32cubemx/CMakeFiles/STM32_Drivers.dir/__/__/Core/Src/system_stm32g0xx.c.obj
 .debug_macro   0x0000184b     0xf3de cmake/stm32cubemx/CMakeFiles/STM32_Drivers.dir/__/__/Core/Src/system_stm32g0xx.c.obj
 .debug_macro   0x00010c29       0x66 cmake/stm32cubemx/CMakeFiles/STM32_Drivers.dir/__/__/Core/Src/system_stm32g0xx.c.obj
 .debug_macro   0x00010c8f      0x12a cmake/stm32cubemx/CMakeFiles/STM32_Drivers.dir/__/__/Core/Src/system_stm32g0xx.c.obj
 .debug_macro   0x00010db9     0x350e cmake/stm32cubemx/CMakeFiles/STM32_Drivers.dir/__/__/Core/Src/system_stm32g0xx.c.obj
 .debug_macro   0x000142c7      0x190 cmake/stm32cubemx/CMakeFiles/STM32_Drivers.dir/__/__/Core/Src/system_stm32g0xx.c.obj
 .debug_macro   0x00014457       0x5c cmake/stm32cubemx/CMakeFiles/STM32_Drivers.dir/__/__/Core/Src/system_stm32g0xx.c.obj
 .debug_macro   0x000144b3      0x72c cmake/stm32cubemx/CMakeFiles/STM32_Drivers.dir/__/__/Core/Src/system_stm32g0xx.c.obj
 .debug_macro   0x00014bdf     0x1579 cmake/stm32cubemx/CMakeFiles/STM32_Drivers.dir/__/__/Core/Src/system_stm32g0xx.c.obj
 .debug_macro   0x00016158      0x535 cmake/stm32cubemx/CMakeFiles/STM32_Drivers.dir/__/__/Core/Src/system_stm32g0xx.c.obj
 .debug_macro   0x0001668d      0x1cf cmake/stm32cubemx/CMakeFiles/STM32_Drivers.dir/__/__/Core/Src/system_stm32g0xx.c.obj
 .debug_macro   0x0001685c      0x25b cmake/stm32cubemx/CMakeFiles/STM32_Drivers.dir/__/__/Core/Src/system_stm32g0xx.c.obj
 .debug_macro   0x00016ab7      0x4f5 cmake/stm32cubemx/CMakeFiles/STM32_Drivers.dir/__/__/Core/Src/system_stm32g0xx.c.obj
 .debug_macro   0x00016fac      0x280 cmake/stm32cubemx/CMakeFiles/STM32_Drivers.dir/__/__/Core/Src/system_stm32g0xx.c.obj
 .debug_macro   0x0001722c      0x417 cmake/stm32cubemx/CMakeFiles/STM32_Drivers.dir/__/__/Core/Src/system_stm32g0xx.c.obj
 .debug_macro   0x00017643      0x1b2 cmake/stm32cubemx/CMakeFiles/STM32_Drivers.dir/__/__/Core/Src/system_stm32g0xx.c.obj
 .debug_macro   0x000177f5       0x43 cmake/stm32cubemx/CMakeFiles/STM32_Drivers.dir/__/__/Core/Src/system_stm32g0xx.c.obj
 .debug_macro   0x00017838      0x1f1 cmake/stm32cubemx/CMakeFiles/STM32_Drivers.dir/__/__/Core/Src/system_stm32g0xx.c.obj
 .debug_macro   0x00017a29      0x1e4 cmake/stm32cubemx/CMakeFiles/STM32_Drivers.dir/__/__/Core/Src/system_stm32g0xx.c.obj
 .debug_macro   0x00017c0d      0x3fa cmake/stm32cubemx/CMakeFiles/STM32_Drivers.dir/__/__/Core/Src/system_stm32g0xx.c.obj
 .debug_macro   0x00018007       0x28 cmake/stm32cubemx/CMakeFiles/STM32_Drivers.dir/__/__/Core/Src/system_stm32g0xx.c.obj
 .debug_macro   0x0001802f      0x123 cmake/stm32cubemx/CMakeFiles/STM32_Drivers.dir/__/__/Core/Src/system_stm32g0xx.c.obj
 .debug_macro   0x00018152      0x145 cmake/stm32cubemx/CMakeFiles/STM32_Drivers.dir/__/__/Core/Src/system_stm32g0xx.c.obj
 .debug_macro   0x00018297      0x30b cmake/stm32cubemx/CMakeFiles/STM32_Drivers.dir/__/__/Core/Src/system_stm32g0xx.c.obj
 .debug_macro   0x000185a2      0x2fe cmake/stm32cubemx/CMakeFiles/STM32_Drivers.dir/__/__/Core/Src/system_stm32g0xx.c.obj
 .debug_macro   0x000188a0      0x693 cmake/stm32cubemx/CMakeFiles/STM32_Drivers.dir/__/__/Core/Src/system_stm32g0xx.c.obj
 .debug_macro   0x00018f33       0xa6 cmake/stm32cubemx/CMakeFiles/STM32_Drivers.dir/__/__/Core/Src/system_stm32g0xx.c.obj
 .debug_macro   0x00018fd9      0x5df cmake/stm32cubemx/CMakeFiles/STM32_Drivers.dir/__/__/Core/Src/system_stm32g0xx.c.obj
 .debug_macro   0x000195b8      0x1e8 cmake/stm32cubemx/CMakeFiles/STM32_Drivers.dir/__/__/Drivers/STM32G0xx_HAL_Driver/Src/stm32g0xx_hal_spi.c.obj
 .debug_macro   0x000197a0      0x228 cmake/stm32cubemx/CMakeFiles/STM32_Drivers.dir/__/__/Drivers/STM32G0xx_HAL_Driver/Src/stm32g0xx_hal_rcc.c.obj
 .debug_macro   0x000199c8      0x1f8 cmake/stm32cubemx/CMakeFiles/STM32_Drivers.dir/__/__/Drivers/STM32G0xx_HAL_Driver/Src/stm32g0xx_hal_rcc_ex.c.obj
 .debug_macro   0x00019bc0      0x1e7 cmake/stm32cubemx/CMakeFiles/STM32_Drivers.dir/__/__/Drivers/STM32G0xx_HAL_Driver/Src/stm32g0xx_hal_gpio.c.obj
 .debug_macro   0x00019da7      0x1e0 cmake/stm32cubemx/CMakeFiles/STM32_Drivers.dir/__/__/Drivers/STM32G0xx_HAL_Driver/Src/stm32g0xx_hal_dma.c.obj
 .debug_macro   0x00019f87      0x20a cmake/stm32cubemx/CMakeFiles/STM32_Drivers.dir/__/__/Drivers/STM32G0xx_HAL_Driver/Src/stm32g0xx_hal_pwr_ex.c.obj
 .debug_macro   0x0001a191      0x1e0 cmake/stm32cubemx/CMakeFiles/STM32_Drivers.dir/__/__/Drivers/STM32G0xx_HAL_Driver/Src/stm32g0xx_hal_cortex.c.obj
 .debug_macro   0x0001a371      0x204 cmake/stm32cubemx/CMakeFiles/STM32_Drivers.dir/__/__/Drivers/STM32G0xx_HAL_Driver/Src/stm32g0xx_hal.c.obj
 .debug_macro   0x0001a575      0x20b cmake/stm32cubemx/CMakeFiles/STM32_Drivers.dir/__/__/Drivers/STM32G0xx_HAL_Driver/Src/stm32g0xx_hal_uart.c.obj
 .debug_macro   0x0001a780      0x1ec cmake/stm32cubemx/CMakeFiles/STM32_Drivers.dir/__/__/Drivers/STM32G0xx_HAL_Driver/Src/stm32g0xx_hal_uart_ex.c.obj
 .debug_macro   0x0001a96c      0x2e0 CMakeFiles/ulysses-gnss-radio.dir/Core/Src/main.c.obj
 .debug_macro   0x0001ac4c       0x22 CMakeFiles/ulysses-gnss-radio.dir/Core/Src/main.c.obj
 .debug_macro   0x0001ac6e       0x7b CMakeFiles/ulysses-gnss-radio.dir/Core/Src/main.c.obj
 .debug_macro   0x0001ace9       0x24 CMakeFiles/ulysses-gnss-radio.dir/Core/Src/main.c.obj
 .debug_macro   0x0001ad0d       0x3c CMakeFiles/ulysses-gnss-radio.dir/Core/Src/main.c.obj
 .debug_macro   0x0001ad49       0x34 CMakeFiles/ulysses-gnss-radio.dir/Core/Src/main.c.obj
 .debug_macro   0x0001ad7d      0x364 CMakeFiles/ulysses-gnss-radio.dir/Core/Src/main.c.obj
 .debug_macro   0x0001b0e1       0x16 CMakeFiles/ulysses-gnss-radio.dir/Core/Src/main.c.obj
 .debug_macro   0x0001b0f7       0x4a CMakeFiles/ulysses-gnss-radio.dir/Core/Src/main.c.obj
 .debug_macro   0x0001b141       0x34 CMakeFiles/ulysses-gnss-radio.dir/Core/Src/main.c.obj
 .debug_macro   0x0001b175       0x10 CMakeFiles/ulysses-gnss-radio.dir/Core/Src/main.c.obj
 .debug_macro   0x0001b185       0x58 CMakeFiles/ulysses-gnss-radio.dir/Core/Src/main.c.obj
 .debug_macro   0x0001b1dd      0x1e5 CMakeFiles/ulysses-gnss-radio.dir/Core/Src/main.c.obj
 .debug_macro   0x0001b3c2       0x10 CMakeFiles/ulysses-gnss-radio.dir/Core/Src/main.c.obj
 .debug_macro   0x0001b3d2       0x3c CMakeFiles/ulysses-gnss-radio.dir/Core/Src/main.c.obj
 .debug_macro   0x0001b40e       0x10 CMakeFiles/ulysses-gnss-radio.dir/Core/Src/main.c.obj
 .debug_macro   0x0001b41e       0x16 CMakeFiles/ulysses-gnss-radio.dir/Core/Src/main.c.obj
 .debug_macro   0x0001b434       0x16 CMakeFiles/ulysses-gnss-radio.dir/Core/Src/main.c.obj
 .debug_macro   0x0001b44a      0x1f4 CMakeFiles/ulysses-gnss-radio.dir/Core/Src/stm32g0xx_it.c.obj
 .debug_macro   0x0001b63e      0x1ea CMakeFiles/ulysses-gnss-radio.dir/Core/Src/stm32g0xx_hal_msp.c.obj
 .debug_macro   0x0001b828      0x2e0 CMakeFiles/ulysses-gnss-radio.dir/Core/Src/spi_slave.c.obj
 .debug_macro   0x0001bb08      0x2d4 CMakeFiles/ulysses-gnss-radio.dir/Core/Src/spi_interrupts.c.obj

.debug_line     0x00000000     0xf65a
 .debug_line    0x00000000      0x783 cmake/stm32cubemx/CMakeFiles/STM32_Drivers.dir/__/__/Core/Src/system_stm32g0xx.c.obj
 .debug_line    0x00000783     0x1fae cmake/stm32cubemx/CMakeFiles/STM32_Drivers.dir/__/__/Drivers/STM32G0xx_HAL_Driver/Src/stm32g0xx_hal_spi.c.obj
 .debug_line    0x00002731     0x1003 cmake/stm32cubemx/CMakeFiles/STM32_Drivers.dir/__/__/Drivers/STM32G0xx_HAL_Driver/Src/stm32g0xx_hal_rcc.c.obj
 .debug_line    0x00003734     0x11a6 cmake/stm32cubemx/CMakeFiles/STM32_Drivers.dir/__/__/Drivers/STM32G0xx_HAL_Driver/Src/stm32g0xx_hal_rcc_ex.c.obj
 .debug_line    0x000048da      0xb2e cmake/stm32cubemx/CMakeFiles/STM32_Drivers.dir/__/__/Drivers/STM32G0xx_HAL_Driver/Src/stm32g0xx_hal_gpio.c.obj
 .debug_line    0x00005408      0xe3b cmake/stm32cubemx/CMakeFiles/STM32_Drivers.dir/__/__/Drivers/STM32G0xx_HAL_Driver/Src/stm32g0xx_hal_dma.c.obj
 .debug_line    0x00006243      0xbae cmake/stm32cubemx/CMakeFiles/STM32_Drivers.dir/__/__/Drivers/STM32G0xx_HAL_Driver/Src/stm32g0xx_hal_pwr_ex.c.obj
 .debug_line    0x00006df1      0xb5e cmake/stm32cubemx/CMakeFiles/STM32_Drivers.dir/__/__/Drivers/STM32G0xx_HAL_Driver/Src/stm32g0xx_hal_cortex.c.obj
 .debug_line    0x0000794f      0xafc cmake/stm32cubemx/CMakeFiles/STM32_Drivers.dir/__/__/Drivers/STM32G0xx_HAL_Driver/Src/stm32g0xx_hal.c.obj
 .debug_line    0x0000844b     0x3765 cmake/stm32cubemx/CMakeFiles/STM32_Drivers.dir/__/__/Drivers/STM32G0xx_HAL_Driver/Src/stm32g0xx_hal_uart.c.obj
 .debug_line    0x0000bbb0      0xce2 cmake/stm32cubemx/CMakeFiles/STM32_Drivers.dir/__/__/Drivers/STM32G0xx_HAL_Driver/Src/stm32g0xx_hal_uart_ex.c.obj
 .debug_line    0x0000c892      0xa1e CMakeFiles/ulysses-gnss-radio.dir/Core/Src/main.c.obj
 .debug_line    0x0000d2b0      0x79d CMakeFiles/ulysses-gnss-radio.dir/Core/Src/stm32g0xx_it.c.obj
 .debug_line    0x0000da4d      0x879 CMakeFiles/ulysses-gnss-radio.dir/Core/Src/stm32g0xx_hal_msp.c.obj
 .debug_line    0x0000e2c6      0xb17 CMakeFiles/ulysses-gnss-radio.dir/Core/Src/spi_slave.c.obj
 .debug_line    0x0000eddd      0x802 CMakeFiles/ulysses-gnss-radio.dir/Core/Src/spi_interrupts.c.obj
 .debug_line    0x0000f5df       0x7b CMakeFiles/ulysses-gnss-radio.dir/startup_stm32g0b1xx.s.obj

.debug_str      0x00000000    0xb29fa
 .debug_str     0x00000000    0xb29fa cmake/stm32cubemx/CMakeFiles/STM32_Drivers.dir/__/__/Core/Src/system_stm32g0xx.c.obj
                              0xac33c (size before relaxing)
 .debug_str     0x000b29fa        0x0 cmake/stm32cubemx/CMakeFiles/STM32_Drivers.dir/__/__/Drivers/STM32G0xx_HAL_Driver/Src/stm32g0xx_hal_spi.c.obj
                              0xacd49 (size before relaxing)
 .debug_str     0x000b29fa        0x0 cmake/stm32cubemx/CMakeFiles/STM32_Drivers.dir/__/__/Drivers/STM32G0xx_HAL_Driver/Src/stm32g0xx_hal_rcc.c.obj
                              0xacb08 (size before relaxing)
 .debug_str     0x000b29fa        0x0 cmake/stm32cubemx/CMakeFiles/STM32_Drivers.dir/__/__/Drivers/STM32G0xx_HAL_Driver/Src/stm32g0xx_hal_rcc_ex.c.obj
                              0xac998 (size before relaxing)
 .debug_str     0x000b29fa        0x0 cmake/stm32cubemx/CMakeFiles/STM32_Drivers.dir/__/__/Drivers/STM32G0xx_HAL_Driver/Src/stm32g0xx_hal_gpio.c.obj
                              0xac49f (size before relaxing)
 .debug_str     0x000b29fa        0x0 cmake/stm32cubemx/CMakeFiles/STM32_Drivers.dir/__/__/Drivers/STM32G0xx_HAL_Driver/Src/stm32g0xx_hal_dma.c.obj
                              0xac7ec (size before relaxing)
 .debug_str     0x000b29fa        0x0 cmake/stm32cubemx/CMakeFiles/STM32_Drivers.dir/__/__/Drivers/STM32G0xx_HAL_Driver/Src/stm32g0xx_hal_pwr_ex.c.obj
                              0xac8be (size before relaxing)
 .debug_str     0x000b29fa        0x0 cmake/stm32cubemx/CMakeFiles/STM32_Drivers.dir/__/__/Drivers/STM32G0xx_HAL_Driver/Src/stm32g0xx_hal_cortex.c.obj
                              0xac84d (size before relaxing)
 .debug_str     0x000b29fa        0x0 cmake/stm32cubemx/CMakeFiles/STM32_Drivers.dir/__/__/Drivers/STM32G0xx_HAL_Driver/Src/stm32g0xx_hal.c.obj
                              0xacc15 (size before relaxing)
 .debug_str     0x000b29fa        0x0 cmake/stm32cubemx/CMakeFiles/STM32_Drivers.dir/__/__/Drivers/STM32G0xx_HAL_Driver/Src/stm32g0xx_hal_uart.c.obj
                              0xad327 (size before relaxing)
 .debug_str     0x000b29fa        0x0 cmake/stm32cubemx/CMakeFiles/STM32_Drivers.dir/__/__/Drivers/STM32G0xx_HAL_Driver/Src/stm32g0xx_hal_uart_ex.c.obj
                              0xacbed (size before relaxing)
 .debug_str     0x000b29fa        0x0 CMakeFiles/ulysses-gnss-radio.dir/Core/Src/main.c.obj
                              0xafcb4 (size before relaxing)
 .debug_str     0x000b29fa        0x0 CMakeFiles/ulysses-gnss-radio.dir/Core/Src/stm32g0xx_it.c.obj
                              0xac5bf (size before relaxing)
 .debug_str     0x000b29fa        0x0 CMakeFiles/ulysses-gnss-radio.dir/Core/Src/stm32g0xx_hal_msp.c.obj
                              0xacd0b (size before relaxing)
 .debug_str     0x000b29fa        0x0 CMakeFiles/ulysses-gnss-radio.dir/Core/Src/spi_slave.c.obj
                              0xaf8a7 (size before relaxing)
 .debug_str     0x000b29fa        0x0 CMakeFiles/ulysses-gnss-radio.dir/Core/Src/spi_interrupts.c.obj
                              0xaf3a7 (size before relaxing)
 .debug_str     0x000b29fa        0x0 CMakeFiles/ulysses-gnss-radio.dir/startup_stm32g0b1xx.s.obj
                                 0xa2 (size before relaxing)

.debug_frame    0x00000000     0x2b54
 .debug_frame   0x00000000       0x4c cmake/stm32cubemx/CMakeFiles/STM32_Drivers.dir/__/__/Core/Src/system_stm32g0xx.c.obj
 .debug_frame   0x0000004c      0x710 cmake/stm32cubemx/CMakeFiles/STM32_Drivers.dir/__/__/Drivers/STM32G0xx_HAL_Driver/Src/stm32g0xx_hal_spi.c.obj
 .debug_frame   0x0000075c      0x214 cmake/stm32cubemx/CMakeFiles/STM32_Drivers.dir/__/__/Drivers/STM32G0xx_HAL_Driver/Src/stm32g0xx_hal_rcc.c.obj
 .debug_frame   0x00000970      0x1c0 cmake/stm32cubemx/CMakeFiles/STM32_Drivers.dir/__/__/Drivers/STM32G0xx_HAL_Driver/Src/stm32g0xx_hal_rcc_ex.c.obj
 .debug_frame   0x00000b30      0x130 cmake/stm32cubemx/CMakeFiles/STM32_Drivers.dir/__/__/Drivers/STM32G0xx_HAL_Driver/Src/stm32g0xx_hal_gpio.c.obj
 .debug_frame   0x00000c60      0x1f0 cmake/stm32cubemx/CMakeFiles/STM32_Drivers.dir/__/__/Drivers/STM32G0xx_HAL_Driver/Src/stm32g0xx_hal_dma.c.obj
 .debug_frame   0x00000e50      0x3f4 cmake/stm32cubemx/CMakeFiles/STM32_Drivers.dir/__/__/Drivers/STM32G0xx_HAL_Driver/Src/stm32g0xx_hal_pwr_ex.c.obj
 .debug_frame   0x00001244      0x33c cmake/stm32cubemx/CMakeFiles/STM32_Drivers.dir/__/__/Drivers/STM32G0xx_HAL_Driver/Src/stm32g0xx_hal_cortex.c.obj
 .debug_frame   0x00001580      0x41c cmake/stm32cubemx/CMakeFiles/STM32_Drivers.dir/__/__/Drivers/STM32G0xx_HAL_Driver/Src/stm32g0xx_hal.c.obj
 .debug_frame   0x0000199c      0x8d8 cmake/stm32cubemx/CMakeFiles/STM32_Drivers.dir/__/__/Drivers/STM32G0xx_HAL_Driver/Src/stm32g0xx_hal_uart.c.obj
 .debug_frame   0x00002274      0x258 cmake/stm32cubemx/CMakeFiles/STM32_Drivers.dir/__/__/Drivers/STM32G0xx_HAL_Driver/Src/stm32g0xx_hal_uart_ex.c.obj
 .debug_frame   0x000024cc      0x15c CMakeFiles/ulysses-gnss-radio.dir/Core/Src/main.c.obj
 .debug_frame   0x00002628       0xd4 CMakeFiles/ulysses-gnss-radio.dir/Core/Src/stm32g0xx_it.c.obj
 .debug_frame   0x000026fc       0xb0 CMakeFiles/ulysses-gnss-radio.dir/Core/Src/stm32g0xx_hal_msp.c.obj
 .debug_frame   0x000027ac      0x290 CMakeFiles/ulysses-gnss-radio.dir/Core/Src/spi_slave.c.obj
 .debug_frame   0x00002a3c       0x50 CMakeFiles/ulysses-gnss-radio.dir/Core/Src/spi_interrupts.c.obj
 .debug_frame   0x00002a8c       0x20 /Applications/ArmGNUToolchain/15.2.rel1/arm-none-eabi/bin/../lib/gcc/arm-none-eabi/15.2.1/thumb/v6-m/nofp/libgcc.a(_udivsi3.o)
 .debug_frame   0x00002aac       0x20 /Applications/ArmGNUToolchain/15.2.rel1/arm-none-eabi/bin/../lib/gcc/arm-none-eabi/15.2.1/thumb/v6-m/nofp/libgcc.a(_divsi3.o)
 .debug_frame   0x00002acc       0x3c /Applications/ArmGNUToolchain/15.2.rel1/arm-none-eabi/bin/../lib/gcc/arm-none-eabi/15.2.1/thumb/v6-m/nofp/libgcc.a(_udivmoddi4.o)
 .debug_frame   0x00002b08       0x20 /Applications/ArmGNUToolchain/15.2.rel1/arm-none-eabi/bin/../lib/gcc/arm-none-eabi/15.2.1/../../../../arm-none-eabi/lib/thumb/v6-m/nofp/libg_nano.a(libc_a-memset.o)
 .debug_frame   0x00002b28       0x2c /Applications/ArmGNUToolchain/15.2.rel1/arm-none-eabi/bin/../lib/gcc/arm-none-eabi/15.2.1/../../../../arm-none-eabi/lib/thumb/v6-m/nofp/libg_nano.a(libc_a-init.o)

.debug_line_str
                0x00000000      0x164
 .debug_line_str
                0x00000000      0x164 CMakeFiles/ulysses-gnss-radio.dir/startup_stm32g0b1xx.s.obj
                                 0x86 (size before relaxing)
 .debug_line_str
                0x00000164        0x0 /Applications/ArmGNUToolchain/15.2.rel1/arm-none-eabi/bin/../lib/gcc/arm-none-eabi/15.2.1/thumb/v6-m/nofp/libgcc.a(_udivsi3.o)
                                 0xd2 (size before relaxing)
 .debug_line_str
                0x00000164        0x0 /Applications/ArmGNUToolchain/15.2.rel1/arm-none-eabi/bin/../lib/gcc/arm-none-eabi/15.2.1/thumb/v6-m/nofp/libgcc.a(_divsi3.o)
                                 0xd2 (size before relaxing)
 .debug_line_str
                0x00000164        0x0 /Applications/ArmGNUToolchain/15.2.rel1/arm-none-eabi/bin/../lib/gcc/arm-none-eabi/15.2.1/thumb/v6-m/nofp/libgcc.a(_dvmd_tls.o)
                                 0xd2 (size before relaxing)
 .debug_line_str
                0x00000164        0x0 /Applications/ArmGNUToolchain/15.2.rel1/arm-none-eabi/bin/../lib/gcc/arm-none-eabi/15.2.1/thumb/v6-m/nofp/libgcc.a(_aeabi_uldivmod.o)
                                 0xd2 (size before relaxing)
 .debug_line_str
                0x00000164        0x0 /Applications/ArmGNUToolchain/15.2.rel1/arm-none-eabi/bin/../lib/gcc/arm-none-eabi/15.2.1/thumb/v6-m/nofp/libgcc.a(_clzdi2.o)
                                 0xd2 (size before relaxing)
 .debug_line_str
                0x00000164        0x0 /Applications/ArmGNUToolchain/15.2.rel1/arm-none-eabi/bin/../lib/gcc/arm-none-eabi/15.2.1/thumb/v6-m/nofp/libgcc.a(_clzsi2.o)
                                 0xd2 (size before relaxing)
