Archive member included to satisfy reference by file (symbol)

/Applications/ArmGNUToolchain/14.3.rel1/arm-none-eabi/bin/../lib/gcc/arm-none-eabi/14.3.1/thumb/v6-m/nofp/libgcc.a(_udivsi3.o)
                              cmake/stm32cubemx/CMakeFiles/STM32_Drivers.dir/__/__/Core/Src/system_stm32g0xx.c.obj (__aeabi_uidiv)
/Applications/ArmGNUToolchain/14.3.rel1/arm-none-eabi/bin/../lib/gcc/arm-none-eabi/14.3.1/thumb/v6-m/nofp/libgcc.a(_divsi3.o)
                              cmake/stm32cubemx/CMakeFiles/STM32_Drivers.dir/__/__/Drivers/STM32G0xx_HAL_Driver/Src/stm32g0xx_hal_uart_ex.c.obj (__aeabi_idiv)
/Applications/ArmGNUToolchain/14.3.rel1/arm-none-eabi/bin/../lib/gcc/arm-none-eabi/14.3.1/thumb/v6-m/nofp/libgcc.a(_dvmd_tls.o)
                              /Applications/ArmGNUToolchain/14.3.rel1/arm-none-eabi/bin/../lib/gcc/arm-none-eabi/14.3.1/thumb/v6-m/nofp/libgcc.a(_udivsi3.o) (__aeabi_idiv0)
/Applications/ArmGNUToolchain/14.3.rel1/arm-none-eabi/bin/../lib/gcc/arm-none-eabi/14.3.1/thumb/v6-m/nofp/libgcc.a(_aeabi_uldivmod.o)
                              cmake/stm32cubemx/CMakeFiles/STM32_Drivers.dir/__/__/Drivers/STM32G0xx_HAL_Driver/Src/stm32g0xx_hal_uart.c.obj (__aeabi_uldivmod)
/Applications/ArmGNUToolchain/14.3.rel1/arm-none-eabi/bin/../lib/gcc/arm-none-eabi/14.3.1/thumb/v6-m/nofp/libgcc.a(_udivmoddi4.o)
                              /Applications/ArmGNUToolchain/14.3.rel1/arm-none-eabi/bin/../lib/gcc/arm-none-eabi/14.3.1/thumb/v6-m/nofp/libgcc.a(_aeabi_uldivmod.o) (__udivmoddi4)
/Applications/ArmGNUToolchain/14.3.rel1/arm-none-eabi/bin/../lib/gcc/arm-none-eabi/14.3.1/thumb/v6-m/nofp/libgcc.a(_clzdi2.o)
                              /Applications/ArmGNUToolchain/14.3.rel1/arm-none-eabi/bin/../lib/gcc/arm-none-eabi/14.3.1/thumb/v6-m/nofp/libgcc.a(_udivmoddi4.o) (__clzdi2)
/Applications/ArmGNUToolchain/14.3.rel1/arm-none-eabi/bin/../lib/gcc/arm-none-eabi/14.3.1/thumb/v6-m/nofp/libgcc.a(_clzsi2.o)
                              /Applications/ArmGNUToolchain/14.3.rel1/arm-none-eabi/bin/../lib/gcc/arm-none-eabi/14.3.1/thumb/v6-m/nofp/libgcc.a(_clzdi2.o) (__clzsi2)
/Applications/ArmGNUToolchain/14.3.rel1/arm-none-eabi/bin/../lib/gcc/arm-none-eabi/14.3.1/../../../../arm-none-eabi/lib/thumb/v6-m/nofp/libg_nano.a(libc_a-exit.o)
                              /Applications/ArmGNUToolchain/14.3.rel1/arm-none-eabi/bin/../lib/gcc/arm-none-eabi/14.3.1/../../../../arm-none-eabi/lib/thumb/v6-m/nofp/crt0.o (exit)
/Applications/ArmGNUToolchain/14.3.rel1/arm-none-eabi/bin/../lib/gcc/arm-none-eabi/14.3.1/../../../../arm-none-eabi/lib/thumb/v6-m/nofp/libg_nano.a(libc_a-findfp.o)
                              /Applications/ArmGNUToolchain/14.3.rel1/arm-none-eabi/bin/../lib/gcc/arm-none-eabi/14.3.1/../../../../arm-none-eabi/lib/thumb/v6-m/nofp/libg_nano.a(libc_a-exit.o) (__stdio_exit_handler)
/Applications/ArmGNUToolchain/14.3.rel1/arm-none-eabi/bin/../lib/gcc/arm-none-eabi/14.3.1/../../../../arm-none-eabi/lib/thumb/v6-m/nofp/libg_nano.a(libc_a-fwalk.o)
                              /Applications/ArmGNUToolchain/14.3.rel1/arm-none-eabi/bin/../lib/gcc/arm-none-eabi/14.3.1/../../../../arm-none-eabi/lib/thumb/v6-m/nofp/libg_nano.a(libc_a-findfp.o) (_fwalk_sglue)
/Applications/ArmGNUToolchain/14.3.rel1/arm-none-eabi/bin/../lib/gcc/arm-none-eabi/14.3.1/../../../../arm-none-eabi/lib/thumb/v6-m/nofp/libg_nano.a(libc_a-memset.o)
                              /Applications/ArmGNUToolchain/14.3.rel1/arm-none-eabi/bin/../lib/gcc/arm-none-eabi/14.3.1/../../../../arm-none-eabi/lib/thumb/v6-m/nofp/crt0.o (memset)
/Applications/ArmGNUToolchain/14.3.rel1/arm-none-eabi/bin/../lib/gcc/arm-none-eabi/14.3.1/../../../../arm-none-eabi/lib/thumb/v6-m/nofp/libg_nano.a(libc_a-errno.o)
                              CMakeFiles/ulysses-gnss-radio.dir/Core/Src/sysmem.c.obj (__errno)
/Applications/ArmGNUToolchain/14.3.rel1/arm-none-eabi/bin/../lib/gcc/arm-none-eabi/14.3.1/../../../../arm-none-eabi/lib/thumb/v6-m/nofp/libg_nano.a(libc_a-init.o)
                              /Applications/ArmGNUToolchain/14.3.rel1/arm-none-eabi/bin/../lib/gcc/arm-none-eabi/14.3.1/../../../../arm-none-eabi/lib/thumb/v6-m/nofp/crt0.o (__libc_init_array)
/Applications/ArmGNUToolchain/14.3.rel1/arm-none-eabi/bin/../lib/gcc/arm-none-eabi/14.3.1/../../../../arm-none-eabi/lib/thumb/v6-m/nofp/libg_nano.a(libc_a-lock.o)
                              /Applications/ArmGNUToolchain/14.3.rel1/arm-none-eabi/bin/../lib/gcc/arm-none-eabi/14.3.1/../../../../arm-none-eabi/lib/thumb/v6-m/nofp/libg_nano.a(libc_a-findfp.o) (__retarget_lock_init_recursive)
/Applications/ArmGNUToolchain/14.3.rel1/arm-none-eabi/bin/../lib/gcc/arm-none-eabi/14.3.1/../../../../arm-none-eabi/lib/thumb/v6-m/nofp/libg_nano.a(libc_a-impure.o)
                              /Applications/ArmGNUToolchain/14.3.rel1/arm-none-eabi/bin/../lib/gcc/arm-none-eabi/14.3.1/../../../../arm-none-eabi/lib/thumb/v6-m/nofp/libg_nano.a(libc_a-errno.o) (_impure_ptr)
[...]
Memory Configuration

Name             Origin             Length             Attributes
RAM              0x20000000         0x00024000         xrw
FLASH            0x08000000         0x00020000         xr
*default*        0x00000000         0xffffffff

Linker script and memory map

LOAD /Applications/ArmGNUToolchain/14.3.rel1/arm-none-eabi/bin/../lib/gcc/arm-none-eabi/14.3.1/thumb/v6-m/nofp/crti.o
LOAD /Applications/ArmGNUToolchain/14.3.rel1/arm-none-eabi/bin/../lib/gcc/arm-none-eabi/14.3.1/thumb/v6-m/nofp/crtbegin.o
LOAD /Applications/ArmGNUToolchain/14.3.rel1/arm-none-eabi/bin/../lib/gcc/arm-none-eabi/14.3.1/../../../../arm-none-eabi/lib/thumb/v6-m/nofp/crt0.o
LOAD cmake/stm32cubemx/CMakeFiles/STM32_Drivers.dir/__/__/Core/Src/system_stm32g0xx.c.obj
LOAD cmake/stm32cubemx/CMakeFiles/STM32_Drivers.dir/__/__/Drivers/STM32G0xx_HAL_Driver/Src/stm32g0xx_hal_spi.c.obj
LOAD cmake/stm32cubemx/CMakeFiles/STM32_Drivers.dir/__/__/Drivers/STM32G0xx_HAL_Driver/Src/stm32g0xx_hal_spi_ex.c.obj
LOAD cmake/stm32cubemx/CMakeFiles/STM32_Drivers.dir/__/__/Drivers/STM32G0xx_HAL_Driver/Src/stm32g0xx_hal_rcc.c.obj
LOAD cmake/stm32cubemx/CMakeFiles/STM32_Drivers.dir/__/__/Drivers/STM32G0xx_HAL_Driver/Src/stm32g0xx_hal_rcc_ex.c.obj
LOAD cmake/stm32cubemx/CMakeFiles/STM32_Drivers.dir/__/__/Drivers/STM32G0xx_HAL_Driver/Src/stm32g0xx_ll_rcc.c.obj
LOAD cmake/stm32cubemx/CMakeFiles/STM32_Drivers.dir/__/__/Drivers/STM32G0xx_HAL_Driver/Src/stm32g0xx_hal_flash.c.obj
LOAD cmake/stm32cubemx/CMakeFiles/STM32_Drivers.dir/__/__/Drivers/STM32G0xx_HAL_Driver/Src/stm32g0xx_hal_flash_ex.c.obj
LOAD cmake/stm32cubemx/CMakeFiles/STM32_Drivers.dir/__/__/Drivers/STM32G0xx_HAL_Driver/Src/stm32g0xx_hal_gpio.c.obj
LOAD cmake/stm32cubemx/CMakeFiles/STM32_Drivers.dir/__/__/Drivers/STM32G0xx_HAL_Driver/Src/stm32g0xx_hal_dma.c.obj
LOAD cmake/stm32cubemx/CMakeFiles/STM32_Drivers.dir/__/__/Drivers/STM32G0xx_HAL_Driver/Src/stm32g0xx_hal_dma_ex.c.obj
LOAD cmake/stm32cubemx/CMakeFiles/STM32_Drivers.dir/__/__/Drivers/STM32G0xx_HAL_Driver/Src/stm32g0xx_hal_pwr.c.obj
LOAD cmake/stm32cubemx/CMakeFiles/STM32_Drivers.dir/__/__/Drivers/STM32G0xx_HAL_Driver/Src/stm32g0xx_hal_pwr_ex.c.obj
LOAD cmake/stm32cubemx/CMakeFiles/STM32_Drivers.dir/__/__/Drivers/STM32G0xx_HAL_Driver/Src/stm32g0xx_hal_cortex.c.obj
LOAD cmake/stm32cubemx/CMakeFiles/STM32_Drivers.dir/__/__/Drivers/STM32G0xx_HAL_Driver/Src/stm32g0xx_hal.c.obj
LOAD cmake/stm32cubemx/CMakeFiles/STM32_Drivers.dir/__/__/Drivers/STM32G0xx_HAL_Driver/Src/stm32g0xx_hal_exti.c.obj
LOAD cmake/stm32cubemx/CMakeFiles/STM32_Drivers.dir/__/__/Drivers/STM32G0xx_HAL_Driver/Src/stm32g0xx_hal_uart.c.obj
LOAD cmake/stm32cubemx/CMakeFiles/STM32_Drivers.dir/__/__/Drivers/STM32G0xx_HAL_Driver/Src/stm32g0xx_hal_uart_ex.c.obj
LOAD CMakeFiles/ulysses-gnss-radio.dir/Core/Src/main.c.obj
LOAD CMakeFiles/ulysses-gnss-radio.dir/Core/Src/stm32g0xx_it.c.obj
LOAD CMakeFiles/ulysses-gnss-radio.dir/Core/Src/stm32g0xx_hal_msp.c.obj
LOAD CMakeFiles/ulysses-gnss-radio.dir/Core/Src/sysmem.c.obj
LOAD CMakeFiles/ulysses-gnss-radio.dir/Core/Src/syscalls.c.obj
LOAD CMakeFiles/ulysses-gnss-radio.dir/Core/Src/spi_slave.c.obj
LOAD CMakeFiles/ulysses-gnss-radio.dir/Core/Src/spi_interrupts.c.obj
LOAD CMakeFiles/ulysses-gnss-radio.dir/startup_stm32g0b1xx.s.obj
LOAD /Applications/ArmGNUToolchain/14.3.rel1/arm-none-eabi/bin/../lib/gcc/arm-none-eabi/14.3.1/../../../../arm-none-eabi/lib/thumb/v6-m/nofp/libm.a
START GROUP
LOAD /Applications/ArmGNUToolchain/14.3.rel1/arm-none-eabi/bin/../lib/gcc/arm-none-eabi/14.3.1/thumb/v6-m/nofp/libgcc.a
LOAD /Applications/ArmGNUToolchain/14.3.rel1/arm-none-eabi/bin/../lib/gcc/arm-none-eabi/14.3.1/../../../../arm-none-eabi/lib/thumb/v6-m/nofp/libg_nano.a
LOAD /Applications/ArmGNUToolchain/14.3.rel1/arm-none-eabi/bin/../lib/gcc/arm-none-eabi/14.3.1/../../../../arm-none-eabi/lib/thumb/v6-m/nofp/libc_nano.a
END GROUP
START GROUP
LOAD /Applications/ArmGNUToolchain/14.3.rel1/arm-none-eabi/bin/../lib/gcc/arm-none-eabi/14.3.1/thumb/v6-m/nofp/libgcc.a
LOAD /Applications/ArmGNUToolchain/14.3.rel1/arm-none-eabi/bin/../lib/gcc/arm-none-eabi/14.3.1/../../../../arm-none-eabi/lib/thumb/v6-m/nofp/libc_nano.a
END GROUP
LOAD /Applications/ArmGNUToolchain/14.3.rel1/arm-none-eabi/bin/../lib/gcc/arm-none-eabi/14.3.1/thumb/v6-m/nofp/crtend.o
LOAD /Applications/ArmGNUToolchain/14.3.rel1/arm-none-eabi/bin/../lib/gcc/arm-none-eabi/14.3.1/thumb/v6-m/nofp/crtn.o
                0x20024000                        _estack = (ORIGIN (RAM) + LENGTH (RAM))
                0x00000200                        _Min_Heap_Size = 0x200
                0x00000400                        _Min_Stack_Size = 0x400

.isr_vector     0x08000000       0xbc
                0x08000000                        . = ALIGN (0x4)
 *(.isr_vector)
 .isr_vector    0x08000000       0xbc CMakeFiles/ulysses-gnss-radio.dir/startup_stm32g0b1xx.s.obj
                0x08000000                g_pfnVectors
                0x080000bc                        . = ALIGN (0x4)

.text           0x080000bc     0x51a8
                0x080000bc                        . = ALIGN (0x4)
 *(.text)
 .text          0x080000bc      0x114 /Applications/ArmGNUToolchain/14.3.rel1/arm-none-eabi/bin/../lib/gcc/arm-none-eabi/14.3.1/thumb/v6-m/nofp/libgcc.a(_udivsi3.o)
                0x080000bc                __udivsi3
                0x080000bc                __aeabi_uidiv
                0x080001c8                __aeabi_uidivmod
 .text          0x080001d0      0x1d4 /Applications/ArmGNUToolchain/14.3.rel1/arm-none-eabi/bin/../lib/gcc/arm-none-eabi/14.3.1/thumb/v6-m/nofp/libgcc.a(_divsi3.o)
                0x080001d0                __aeabi_idiv
                0x080001d0                __divsi3
                0x0800039c                __aeabi_idivmod
 .text          0x080003a4        0x4 /Applications/ArmGNUToolchain/14.3.rel1/arm-none-eabi/bin/../lib/gcc/arm-none-eabi/14.3.1/thumb/v6-m/nofp/libgcc.a(_dvmd_tls.o)
                0x080003a4                __aeabi_ldiv0
                0x080003a4                __aeabi_idiv0
 .text          0x080003a8       0x40 /Applications/ArmGNUToolchain/14.3.rel1/arm-none-eabi/bin/../lib/gcc/arm-none-eabi/14.3.1/thumb/v6-m/nofp/libgcc.a(_aeabi_uldivmod.o)
                0x080003a8                __aeabi_uldivmod
 .text          0x080003e8       0x18 /Applications/ArmGNUToolchain/14.3.rel1/arm-none-eabi/bin/../lib/gcc/arm-none-eabi/14.3.1/thumb/v6-m/nofp/libgcc.a(_clzdi2.o)
                0x080003e8                __clzdi2
 .text          0x08000400       0x3c /Applications/ArmGNUToolchain/14.3.rel1/arm-none-eabi/bin/../lib/gcc/arm-none-eabi/14.3.1/thumb/v6-m/nofp/libgcc.a(_clzsi2.o)
                0x08000400                __clzsi2
 *(.text*)
 .text.deregister_tm_clones
                0x0800043c       0x20 /Applications/ArmGNUToolchain/14.3.rel1/arm-none-eabi/bin/../lib/gcc/arm-none-eabi/14.3.1/thumb/v6-m/nofp/crtbegin.o
 .text.register_tm_clones
                0x0800045c       0x28 /Applications/ArmGNUToolchain/14.3.rel1/arm-none-eabi/bin/../lib/gcc/arm-none-eabi/14.3.1/thumb/v6-m/nofp/crtbegin.o
 .text.__do_global_dtors_aux
                0x08000484       0x2c /Applications/ArmGNUToolchain/14.3.rel1/arm-none-eabi/bin/../lib/gcc/arm-none-eabi/14.3.1/thumb/v6-m/nofp/crtbegin.o
 .text.frame_dummy
                0x080004b0       0x24 /Applications/ArmGNUToolchain/14.3.rel1/arm-none-eabi/bin/../lib/gcc/arm-none-eabi/14.3.1/thumb/v6-m/nofp/crtbegin.o
 .text.SystemInit
                0x080004d4        0xa cmake/stm32cubemx/CMakeFiles/STM32_Drivers.dir/__/__/Core/Src/system_stm32g0xx.c.obj
                0x080004d4                SystemInit
 *fill*         0x080004de        0x2 
 .text.HAL_SPI_Init
                0x080004e0      0x170 cmake/stm32cubemx/CMakeFiles/STM32_Drivers.dir/__/__/Drivers/STM32G0xx_HAL_Driver/Src/stm32g0xx_hal_spi.c.obj
                0x080004e0                HAL_SPI_Init
 .text.HAL_SPI_Transmit_DMA
                0x08000650      0x204 cmake/stm32cubemx/CMakeFiles/STM32_Drivers.dir/__/__/Drivers/STM32G0xx_HAL_Driver/Src/stm32g0xx_hal_spi.c.obj
                0x08000650                HAL_SPI_Transmit_DMA
 .text.HAL_SPI_Receive_DMA
                0x08000854      0x274 cmake/stm32cubemx/CMakeFiles/STM32_Drivers.dir/__/__/Drivers/STM32G0xx_HAL_Driver/Src/stm32g0xx_hal_spi.c.obj
                0x08000854                HAL_SPI_Receive_DMA
 .text.HAL_SPI_TransmitReceive_DMA
                0x08000ac8      0x354 cmake/stm32cubemx/CMakeFiles/STM32_Drivers.dir/__/__/Drivers/STM32G0xx_HAL_Driver/Src/stm32g0xx_hal_spi.c.obj
                0x08000ac8                HAL_SPI_TransmitReceive_DMA
 .text.HAL_SPI_Abort
                0x08000e1c      0x244 cmake/stm32cubemx/CMakeFiles/STM32_Drivers.dir/__/__/Drivers/STM32G0xx_HAL_Driver/Src/stm32g0xx_hal_spi.c.obj
                0x08000e1c                HAL_SPI_Abort
 .text.HAL_SPI_TxRxCpltCallback
                0x08001060       0x10 cmake/stm32cubemx/CMakeFiles/STM32_Drivers.dir/__/__/Drivers/STM32G0xx_HAL_Driver/Src/stm32g0xx_hal_spi.c.obj
                0x08001060                HAL_SPI_TxRxCpltCallback
 .text.HAL_SPI_TxHalfCpltCallback
                0x08001070       0x10 cmake/stm32cubemx/CMakeFiles/STM32_Drivers.dir/__/__/Drivers/STM32G0xx_HAL_Driver/Src/stm32g0xx_hal_spi.c.obj
                0x08001070                HAL_SPI_TxHalfCpltCallback
 .text.HAL_SPI_RxHalfCpltCallback
                0x08001080       0x10 cmake/stm32cubemx/CMakeFiles/STM32_Drivers.dir/__/__/Drivers/STM32G0xx_HAL_Driver/Src/stm32g0xx_hal_spi.c.obj
                0x08001080                HAL_SPI_RxHalfCpltCallback
 .text.HAL_SPI_TxRxHalfCpltCallback
                0x08001090       0x10 cmake/stm32cubemx/CMakeFiles/STM32_Drivers.dir/__/__/Drivers/STM32G0xx_HAL_Driver/Src/stm32g0xx_hal_spi.c.obj
                0x08001090                HAL_SPI_TxRxHalfCpltCallback
 .text.HAL_SPI_ErrorCallback
                0x080010a0       0x10 cmake/stm32cubemx/CMakeFiles/STM32_Drivers.dir/__/__/Drivers/STM32G0xx_HAL_Driver/Src/stm32g0xx_hal_spi.c.obj
                0x080010a0                HAL_SPI_ErrorCallback
 .text.SPI_DMATransmitCplt
                0x080010b0       0xac cmake/stm32cubemx/CMakeFiles/STM32_Drivers.dir/__/__/Drivers/STM32G0xx_HAL_Driver/Src/stm32g0xx_hal_spi.c.obj
 .text.SPI_DMAReceiveCplt
                0x0800115c       0xb0 cmake/stm32cubemx/CMakeFiles/STM32_Drivers.dir/__/__/Drivers/STM32G0xx_HAL_Driver/Src/stm32g0xx_hal_spi.c.obj
 .text.SPI_DMATransmitReceiveCplt
                0x0800120c       0x96 cmake/stm32cubemx/CMakeFiles/STM32_Drivers.dir/__/__/Drivers/STM32G0xx_HAL_Driver/Src/stm32g0xx_hal_spi.c.obj
 .text.SPI_DMAHalfTransmitCplt
                0x080012a2       0x1e cmake/stm32cubemx/CMakeFiles/STM32_Drivers.dir/__/__/Drivers/STM32G0xx_HAL_Driver/Src/stm32g0xx_hal_spi.c.obj
 .text.SPI_DMAHalfReceiveCplt
                0x080012c0       0x1e cmake/stm32cubemx/CMakeFiles/STM32_Drivers.dir/__/__/Drivers/STM32G0xx_HAL_Driver/Src/stm32g0xx_hal_spi.c.obj
 .text.SPI_DMAHalfTransmitReceiveCplt
                0x080012de       0x1e cmake/stm32cubemx/CMakeFiles/STM32_Drivers.dir/__/__/Drivers/STM32G0xx_HAL_Driver/Src/stm32g0xx_hal_spi.c.obj
 .text.SPI_DMAError
                0x080012fc       0x42 cmake/stm32cubemx/CMakeFiles/STM32_Drivers.dir/__/__/Drivers/STM32G0xx_HAL_Driver/Src/stm32g0xx_hal_spi.c.obj
 *fill*         0x0800133e        0x2 
 .text.SPI_WaitFlagStateUntilTimeout
                0x08001340      0x11c cmake/stm32cubemx/CMakeFiles/STM32_Drivers.dir/__/__/Drivers/STM32G0xx_HAL_Driver/Src/stm32g0xx_hal_spi.c.obj
 .text.SPI_WaitFifoStateUntilTimeout
                0x0800145c      0x144 cmake/stm32cubemx/CMakeFiles/STM32_Drivers.dir/__/__/Drivers/STM32G0xx_HAL_Driver/Src/stm32g0xx_hal_spi.c.obj
 .text.SPI_EndRxTransaction
                0x080015a0       0xbc cmake/stm32cubemx/CMakeFiles/STM32_Drivers.dir/__/__/Drivers/STM32G0xx_HAL_Driver/Src/stm32g0xx_hal_spi.c.obj
 .text.SPI_EndRxTxTransaction
                0x0800165c       0x8c cmake/stm32cubemx/CMakeFiles/STM32_Drivers.dir/__/__/Drivers/STM32G0xx_HAL_Driver/Src/stm32g0xx_hal_spi.c.obj
 .text.SPI_AbortRx_ISR
                0x080016e8       0xbc cmake/stm32cubemx/CMakeFiles/STM32_Drivers.dir/__/__/Drivers/STM32G0xx_HAL_Driver/Src/stm32g0xx_hal_spi.c.obj
 .text.SPI_AbortTx_ISR
                0x080017a4      0x13c cmake/stm32cubemx/CMakeFiles/STM32_Drivers.dir/__/__/Drivers/STM32G0xx_HAL_Driver/Src/stm32g0xx_hal_spi.c.obj
 .text.LL_RCC_GetAPB1Prescaler
                0x080018e0       0x18 cmake/stm32cubemx/CMakeFiles/STM32_Drivers.dir/__/__/Drivers/STM32G0xx_HAL_Driver/Src/stm32g0xx_hal_rcc.c.obj
 .text.HAL_RCC_OscConfig
                0x080018f8      0x6c0 cmake/stm32cubemx/CMakeFiles/STM32_Drivers.dir/__/__/Drivers/STM32G0xx_HAL_Driver/Src/stm32g0xx_hal_rcc.c.obj
                0x080018f8                HAL_RCC_OscConfig
 .text.HAL_RCC_ClockConfig
                0x08001fb8      0x210 cmake/stm32cubemx/CMakeFiles/STM32_Drivers.dir/__/__/Drivers/STM32G0xx_HAL_Driver/Src/stm32g0xx_hal_rcc.c.obj
                0x08001fb8                HAL_RCC_ClockConfig
 .text.HAL_RCC_GetSysClockFreq
                0x080021c8      0x104 cmake/stm32cubemx/CMakeFiles/STM32_Drivers.dir/__/__/Drivers/STM32G0xx_HAL_Driver/Src/stm32g0xx_hal_rcc.c.obj
                0x080021c8                HAL_RCC_GetSysClockFreq
 .text.HAL_RCC_GetHCLKFreq
                0x080022cc       0x14 cmake/stm32cubemx/CMakeFiles/STM32_Drivers.dir/__/__/Drivers/STM32G0xx_HAL_Driver/Src/stm32g0xx_hal_rcc.c.obj
                0x080022cc                HAL_RCC_GetHCLKFreq
 .text.HAL_RCC_GetPCLK1Freq
                0x080022e0       0x2c cmake/stm32cubemx/CMakeFiles/STM32_Drivers.dir/__/__/Drivers/STM32G0xx_HAL_Driver/Src/stm32g0xx_hal_rcc.c.obj
                0x080022e0                HAL_RCC_GetPCLK1Freq
 .text.HAL_RCCEx_PeriphCLKConfig
                0x0800230c      0x478 cmake/stm32cubemx/CMakeFiles/STM32_Drivers.dir/__/__/Drivers/STM32G0xx_HAL_Driver/Src/stm32g0xx_hal_rcc_ex.c.obj
                0x0800230c                HAL_RCCEx_PeriphCLKConfig
 .text.HAL_GPIO_Init
                0x08002784      0x2d8 cmake/stm32cubemx/CMakeFiles/STM32_Drivers.dir/__/__/Drivers/STM32G0xx_HAL_Driver/Src/stm32g0xx_hal_gpio.c.obj
                0x08002784                HAL_GPIO_Init
 .text.HAL_GPIO_WritePin
                0x08002a5c       0x3a cmake/stm32cubemx/CMakeFiles/STM32_Drivers.dir/__/__/Drivers/STM32G0xx_HAL_Driver/Src/stm32g0xx_hal_gpio.c.obj
                0x08002a5c                HAL_GPIO_WritePin
 *fill*         0x08002a96        0x2 
 .text.HAL_DMA_Init
                0x08002a98      0x158 cmake/stm32cubemx/CMakeFiles/STM32_Drivers.dir/__/__/Drivers/STM32G0xx_HAL_Driver/Src/stm32g0xx_hal_dma.c.obj
                0x08002a98                HAL_DMA_Init
 .text.HAL_DMA_Start_IT
                0x08002bf0      0x10c cmake/stm32cubemx/CMakeFiles/STM32_Drivers.dir/__/__/Drivers/STM32G0xx_HAL_Driver/Src/stm32g0xx_hal_dma.c.obj
                0x08002bf0                HAL_DMA_Start_IT
 .text.HAL_DMA_Abort
                0x08002cfc       0xc0 cmake/stm32cubemx/CMakeFiles/STM32_Drivers.dir/__/__/Drivers/STM32G0xx_HAL_Driver/Src/stm32g0xx_hal_dma.c.obj
                0x08002cfc                HAL_DMA_Abort
 .text.HAL_DMA_IRQHandler
                0x08002dbc      0x188 cmake/stm32cubemx/CMakeFiles/STM32_Drivers.dir/__/__/Drivers/STM32G0xx_HAL_Driver/Src/stm32g0xx_hal_dma.c.obj
                0x08002dbc                HAL_DMA_IRQHandler
 .text.DMA_SetConfig
                0x08002f44       0x78 cmake/stm32cubemx/CMakeFiles/STM32_Drivers.dir/__/__/Drivers/STM32G0xx_HAL_Driver/Src/stm32g0xx_hal_dma.c.obj
 .text.DMA_CalcDMAMUXChannelBaseAndMask
                0x08002fbc       0x94 cmake/stm32cubemx/CMakeFiles/STM32_Drivers.dir/__/__/Drivers/STM32G0xx_HAL_Driver/Src/stm32g0xx_hal_dma.c.obj
 .text.DMA_CalcDMAMUXRequestGenBaseAndMask
                0x08003050       0x48 cmake/stm32cubemx/CMakeFiles/STM32_Drivers.dir/__/__/Drivers/STM32G0xx_HAL_Driver/Src/stm32g0xx_hal_dma.c.obj
 .text.HAL_PWREx_ControlVoltageScaling
                0x08003098       0x80 cmake/stm32cubemx/CMakeFiles/STM32_Drivers.dir/__/__/Drivers/STM32G0xx_HAL_Driver/Src/stm32g0xx_hal_pwr_ex.c.obj
                0x08003098                HAL_PWREx_ControlVoltageScaling
 .text.__NVIC_EnableIRQ
                0x08003118       0x34 cmake/stm32cubemx/CMakeFiles/STM32_Drivers.dir/__/__/Drivers/STM32G0xx_HAL_Driver/Src/stm32g0xx_hal_cortex.c.obj
 .text.__NVIC_SetPriority
                0x0800314c       0xdc cmake/stm32cubemx/CMakeFiles/STM32_Drivers.dir/__/__/Drivers/STM32G0xx_HAL_Driver/Src/stm32g0xx_hal_cortex.c.obj
 .text.SysTick_Config
                0x08003228       0x48 cmake/stm32cubemx/CMakeFiles/STM32_Drivers.dir/__/__/Drivers/STM32G0xx_HAL_Driver/Src/stm32g0xx_hal_cortex.c.obj
 .text.HAL_NVIC_SetPriority
                0x08003270       0x2a cmake/stm32cubemx/CMakeFiles/STM32_Drivers.dir/__/__/Drivers/STM32G0xx_HAL_Driver/Src/stm32g0xx_hal_cortex.c.obj
                0x08003270                HAL_NVIC_SetPriority
 .text.HAL_NVIC_EnableIRQ
                0x0800329a       0x20 cmake/stm32cubemx/CMakeFiles/STM32_Drivers.dir/__/__/Drivers/STM32G0xx_HAL_Driver/Src/stm32g0xx_hal_cortex.c.obj
                0x0800329a                HAL_NVIC_EnableIRQ
 .text.HAL_SYSTICK_Config
                0x080032ba       0x1a cmake/stm32cubemx/CMakeFiles/STM32_Drivers.dir/__/__/Drivers/STM32G0xx_HAL_Driver/Src/stm32g0xx_hal_cortex.c.obj
                0x080032ba                HAL_SYSTICK_Config
 .text.HAL_Init
                0x080032d4       0x40 cmake/stm32cubemx/CMakeFiles/STM32_Drivers.dir/__/__/Drivers/STM32G0xx_HAL_Driver/Src/stm32g0xx_hal.c.obj
                0x080032d4                HAL_Init
 .text.HAL_InitTick
                0x08003314       0x94 cmake/stm32cubemx/CMakeFiles/STM32_Drivers.dir/__/__/Drivers/STM32G0xx_HAL_Driver/Src/stm32g0xx_hal.c.obj
                0x08003314                HAL_InitTick
 .text.HAL_IncTick
                0x080033a8       0x24 cmake/stm32cubemx/CMakeFiles/STM32_Drivers.dir/__/__/Drivers/STM32G0xx_HAL_Driver/Src/stm32g0xx_hal.c.obj
                0x080033a8                HAL_IncTick
 .text.HAL_GetTick
                0x080033cc       0x14 cmake/stm32cubemx/CMakeFiles/STM32_Drivers.dir/__/__/Drivers/STM32G0xx_HAL_Driver/Src/stm32g0xx_hal.c.obj
                0x080033cc                HAL_GetTick
 .text.HAL_SYSCFG_StrobeDBattpinsConfig
                0x080033e0       0x2c cmake/stm32cubemx/CMakeFiles/STM32_Drivers.dir/__/__/Drivers/STM32G0xx_HAL_Driver/Src/stm32g0xx_hal.c.obj
                0x080033e0                HAL_SYSCFG_StrobeDBattpinsConfig
 .text.HAL_UART_Init
                0x0800340c       0xac cmake/stm32cubemx/CMakeFiles/STM32_Drivers.dir/__/__/Drivers/STM32G0xx_HAL_Driver/Src/stm32g0xx_hal_uart.c.obj
                0x0800340c                HAL_UART_Init
 .text.UART_SetConfig
                0x080034b8      0x6ac cmake/stm32cubemx/CMakeFiles/STM32_Drivers.dir/__/__/Drivers/STM32G0xx_HAL_Driver/Src/stm32g0xx_hal_uart.c.obj
                0x080034b8                UART_SetConfig
 .text.UART_AdvFeatureConfig
                0x08003b64      0x168 cmake/stm32cubemx/CMakeFiles/STM32_Drivers.dir/__/__/Drivers/STM32G0xx_HAL_Driver/Src/stm32g0xx_hal_uart.c.obj
                0x08003b64                UART_AdvFeatureConfig
 .text.UART_CheckIdleState
                0x08003ccc      0x154 cmake/stm32cubemx/CMakeFiles/STM32_Drivers.dir/__/__/Drivers/STM32G0xx_HAL_Driver/Src/stm32g0xx_hal_uart.c.obj
                0x08003ccc                UART_CheckIdleState
 .text.UART_WaitOnFlagUntilTimeout
                0x08003e20       0xde cmake/stm32cubemx/CMakeFiles/STM32_Drivers.dir/__/__/Drivers/STM32G0xx_HAL_Driver/Src/stm32g0xx_hal_uart.c.obj
                0x08003e20                UART_WaitOnFlagUntilTimeout
 *fill*         0x08003efe        0x2 
 .text.UART_EndRxTransfer
                0x08003f00       0xcc cmake/stm32cubemx/CMakeFiles/STM32_Drivers.dir/__/__/Drivers/STM32G0xx_HAL_Driver/Src/stm32g0xx_hal_uart.c.obj
 .text.HAL_UARTEx_DisableFifoMode
                0x08003fcc       0x74 cmake/stm32cubemx/CMakeFiles/STM32_Drivers.dir/__/__/Drivers/STM32G0xx_HAL_Driver/Src/stm32g0xx_hal_uart_ex.c.obj
                0x08003fcc                HAL_UARTEx_DisableFifoMode
 .text.HAL_UARTEx_SetTxFifoThreshold
                0x08004040       0x7e cmake/stm32cubemx/CMakeFiles/STM32_Drivers.dir/__/__/Drivers/STM32G0xx_HAL_Driver/Src/stm32g0xx_hal_uart_ex.c.obj
                0x08004040                HAL_UARTEx_SetTxFifoThreshold
 *fill*         0x080040be        0x2 
 .text.HAL_UARTEx_SetRxFifoThreshold
                0x080040c0       0x84 cmake/stm32cubemx/CMakeFiles/STM32_Drivers.dir/__/__/Drivers/STM32G0xx_HAL_Driver/Src/stm32g0xx_hal_uart_ex.c.obj
                0x080040c0                HAL_UARTEx_SetRxFifoThreshold
 .text.UARTEx_SetNbDataToProcess
                0x08004144       0xbc cmake/stm32cubemx/CMakeFiles/STM32_Drivers.dir/__/__/Drivers/STM32G0xx_HAL_Driver/Src/stm32g0xx_hal_uart_ex.c.obj
 .text.radio_message_queue_init
                0x08004200       0x28 CMakeFiles/ulysses-gnss-radio.dir/Core/Src/main.c.obj
 .text.gps_sample_queue_init
                0x08004228       0x28 CMakeFiles/ulysses-gnss-radio.dir/Core/Src/main.c.obj
 .text.main     0x08004250       0x64 CMakeFiles/ulysses-gnss-radio.dir/Core/Src/main.c.obj
                0x08004250                main
 .text.SystemClock_Config
                0x080042b4       0x90 CMakeFiles/ulysses-gnss-radio.dir/Core/Src/main.c.obj
                0x080042b4                SystemClock_Config
 .text.MX_SPI1_Init
                0x08004344       0x74 CMakeFiles/ulysses-gnss-radio.dir/Core/Src/main.c.obj
 .text.MX_USART1_UART_Init
                0x080043b8       0x9c CMakeFiles/ulysses-gnss-radio.dir/Core/Src/main.c.obj
 .text.MX_USART5_UART_Init
                0x08004454       0x68 CMakeFiles/ulysses-gnss-radio.dir/Core/Src/main.c.obj
 .text.MX_USART6_UART_Init
                0x080044bc       0x68 CMakeFiles/ulysses-gnss-radio.dir/Core/Src/main.c.obj
 .text.MX_DMA_Init
                0x08004524       0x4c CMakeFiles/ulysses-gnss-radio.dir/Core/Src/main.c.obj
 .text.MX_GPIO_Init
                0x08004570       0xd8 CMakeFiles/ulysses-gnss-radio.dir/Core/Src/main.c.obj
 .text.Error_Handler
                0x08004648        0xc CMakeFiles/ulysses-gnss-radio.dir/Core/Src/main.c.obj
                0x08004648                Error_Handler
 .text.radio_message_queue_full
                0x08004654       0x40 CMakeFiles/ulysses-gnss-radio.dir/Core/Src/stm32g0xx_it.c.obj
 .text.radio_message_enqueue
                0x08004694       0x98 CMakeFiles/ulysses-gnss-radio.dir/Core/Src/stm32g0xx_it.c.obj
 .text.NMI_Handler
                0x0800472c        0x8 CMakeFiles/ulysses-gnss-radio.dir/Core/Src/stm32g0xx_it.c.obj
                0x0800472c                NMI_Handler
 .text.HardFault_Handler
                0x08004734        0x8 CMakeFiles/ulysses-gnss-radio.dir/Core/Src/stm32g0xx_it.c.obj
                0x08004734                HardFault_Handler
 .text.SVC_Handler
                0x0800473c        0xa CMakeFiles/ulysses-gnss-radio.dir/Core/Src/stm32g0xx_it.c.obj
                0x0800473c                SVC_Handler
 .text.PendSV_Handler
                0x08004746        0xa CMakeFiles/ulysses-gnss-radio.dir/Core/Src/stm32g0xx_it.c.obj
                0x08004746                PendSV_Handler
 .text.SysTick_Handler
                0x08004750        0xe CMakeFiles/ulysses-gnss-radio.dir/Core/Src/stm32g0xx_it.c.obj
                0x08004750                SysTick_Handler
 *fill*         0x0800475e        0x2 
 .text.DMA1_Channel1_IRQHandler
                0x08004760       0x18 CMakeFiles/ulysses-gnss-radio.dir/Core/Src/stm32g0xx_it.c.obj
                0x08004760                DMA1_Channel1_IRQHandler
 .text.DMA1_Channel2_3_IRQHandler
                0x08004778       0x18 CMakeFiles/ulysses-gnss-radio.dir/Core/Src/stm32g0xx_it.c.obj
                0x08004778                DMA1_Channel2_3_IRQHandler
 .text.USART3_4_5_6_LPUART1_IRQHandler
                0x08004790       0x88 CMakeFiles/ulysses-gnss-radio.dir/Core/Src/stm32g0xx_it.c.obj
                0x08004790                USART3_4_5_6_LPUART1_IRQHandler
 .text.HAL_MspInit
                0x08004818       0x50 CMakeFiles/ulysses-gnss-radio.dir/Core/Src/stm32g0xx_hal_msp.c.obj
                0x08004818                HAL_MspInit
 .text.HAL_SPI_MspInit
                0x08004868      0x14c CMakeFiles/ulysses-gnss-radio.dir/Core/Src/stm32g0xx_hal_msp.c.obj
                0x08004868                HAL_SPI_MspInit
 .text.HAL_UART_MspInit
                0x080049b4      0x1a8 CMakeFiles/ulysses-gnss-radio.dir/Core/Src/stm32g0xx_hal_msp.c.obj
                0x080049b4                HAL_UART_MspInit
 .text.radio_message_queue_empty
                0x08004b5c       0x30 CMakeFiles/ulysses-gnss-radio.dir/Core/Src/spi_slave.c.obj
 .text.radio_message_queue_tail_pointer
                0x08004b8c       0x40 CMakeFiles/ulysses-gnss-radio.dir/Core/Src/spi_slave.c.obj
 .text.radio_message_queue_pop
                0x08004bcc       0x40 CMakeFiles/ulysses-gnss-radio.dir/Core/Src/spi_slave.c.obj
 .text.gps_sample_queue_empty
                0x08004c0c       0x30 CMakeFiles/ulysses-gnss-radio.dir/Core/Src/spi_slave.c.obj
 .text.gps_sample_queue_tail_pointer
                0x08004c3c       0x3c CMakeFiles/ulysses-gnss-radio.dir/Core/Src/spi_slave.c.obj
 .text.gps_sample_queue_pop
                0x08004c78       0x40 CMakeFiles/ulysses-gnss-radio.dir/Core/Src/spi_slave.c.obj
 .text.assert_data_ready
                0x08004cb8       0x1c CMakeFiles/ulysses-gnss-radio.dir/Core/Src/spi_slave.c.obj
 .text.deassert_data_ready
                0x08004cd4       0x1c CMakeFiles/ulysses-gnss-radio.dir/Core/Src/spi_slave.c.obj
 .text.swap_ping_pong_buffers
                0x08004cf0       0x28 CMakeFiles/ulysses-gnss-radio.dir/Core/Src/spi_slave.c.obj
 .text.arm_rx_dma
                0x08004d18       0x20 CMakeFiles/ulysses-gnss-radio.dir/Core/Src/spi_slave.c.obj
 .text.arm_tx_type_dma
                0x08004d38       0x30 CMakeFiles/ulysses-gnss-radio.dir/Core/Src/spi_slave.c.obj
 .text.arm_tx_data_dma
                0x08004d68       0x28 CMakeFiles/ulysses-gnss-radio.dir/Core/Src/spi_slave.c.obj
 .text.process_rx_message
                0x08004d90       0x28 CMakeFiles/ulysses-gnss-radio.dir/Core/Src/spi_slave.c.obj
 .text.setup_next_tx_transaction
                0x08004db8       0x88 CMakeFiles/ulysses-gnss-radio.dir/Core/Src/spi_slave.c.obj
 .text.pop_current_tx_message
                0x08004e40       0x34 CMakeFiles/ulysses-gnss-radio.dir/Core/Src/spi_slave.c.obj
 .text.init_spi_handler
                0x08004e74       0x64 CMakeFiles/ulysses-gnss-radio.dir/Core/Src/spi_slave.c.obj
                0x08004e74                init_spi_handler
 .text.tick_spi_handler
                0x08004ed8       0x40 CMakeFiles/ulysses-gnss-radio.dir/Core/Src/spi_slave.c.obj
                0x08004ed8                tick_spi_handler
 .text.spi_tx_complete
                0x08004f18       0x68 CMakeFiles/ulysses-gnss-radio.dir/Core/Src/spi_slave.c.obj
                0x08004f18                spi_tx_complete
 .text.spi_rx_complete
                0x08004f80       0x2c CMakeFiles/ulysses-gnss-radio.dir/Core/Src/spi_slave.c.obj
                0x08004f80                spi_rx_complete
 .text.HAL_SPI_TxCpltCallback
                0x08004fac       0x24 CMakeFiles/ulysses-gnss-radio.dir/Core/Src/spi_interrupts.c.obj
                0x08004fac                HAL_SPI_TxCpltCallback
 .text.HAL_SPI_RxCpltCallback
                0x08004fd0       0x24 CMakeFiles/ulysses-gnss-radio.dir/Core/Src/spi_interrupts.c.obj
                0x08004fd0                HAL_SPI_RxCpltCallback
 .text.Reset_Handler
                0x08004ff4       0x50 CMakeFiles/ulysses-gnss-radio.dir/startup_stm32g0b1xx.s.obj
                0x08004ff4                Reset_Handler
 .text.Default_Handler
                0x08005044        0x2 CMakeFiles/ulysses-gnss-radio.dir/startup_stm32g0b1xx.s.obj
                0x08005044                TIM1_BRK_UP_TRG_COM_IRQHandler
                0x08005044                TIM1_CC_IRQHandler
                0x08005044                ADC1_COMP_IRQHandler
                0x08005044                I2C1_IRQHandler
                0x08005044                TIM7_LPTIM2_IRQHandler
                0x08005044                TIM17_FDCAN_IT1_IRQHandler
                0x08005044                DMA1_Ch4_7_DMA2_Ch1_5_DMAMUX1_OVR_IRQHandler
                0x08005044                RCC_CRS_IRQHandler
                0x08005044                RTC_TAMP_IRQHandler
                0x08005044                SPI1_IRQHandler
                0x08005044                USB_UCPD1_2_IRQHandler
                0x08005044                EXTI2_3_IRQHandler
                0x08005044                USART2_LPUART2_IRQHandler
                0x08005044                PVD_VDDIO2_IRQHandler
                0x08005044                EXTI4_15_IRQHandler
                0x08005044                Default_Handler
                0x08005044                CEC_IRQHandler
                0x08005044                TIM14_IRQHandler
                0x08005044                TIM15_IRQHandler
                0x08005044                TIM3_TIM4_IRQHandler
                0x08005044                EXTI0_1_IRQHandler
                0x08005044                SPI2_3_IRQHandler
                0x08005044                TIM6_DAC_LPTIM1_IRQHandler
                0x08005044                WWDG_IRQHandler
                0x08005044                TIM2_IRQHandler
                0x08005044                FLASH_IRQHandler
                0x08005044                USART1_IRQHandler
                0x08005044                TIM16_FDCAN_IT0_IRQHandler
                0x08005044                I2C2_3_IRQHandler
 *fill*         0x08005046        0x2 
 .text.__udivmoddi4
                0x08005048      0x198 /Applications/ArmGNUToolchain/14.3.rel1/arm-none-eabi/bin/../lib/gcc/arm-none-eabi/14.3.1/thumb/v6-m/nofp/libgcc.a(_udivmoddi4.o)
                0x08005048                __udivmoddi4
 .text.memset   0x080051e0       0x10 /Applications/ArmGNUToolchain/14.3.rel1/arm-none-eabi/bin/../lib/gcc/arm-none-eabi/14.3.1/../../../../arm-none-eabi/lib/thumb/v6-m/nofp/libg_nano.a(libc_a-memset.o)
                0x080051e0                memset
 .text.__libc_init_array
                0x080051f0       0x48 /Applications/ArmGNUToolchain/14.3.rel1/arm-none-eabi/bin/../lib/gcc/arm-none-eabi/14.3.1/../../../../arm-none-eabi/lib/thumb/v6-m/nofp/libg_nano.a(libc_a-init.o)
                0x080051f0                __libc_init_array
 .text.memcpy   0x08005238       0x12 /Applications/ArmGNUToolchain/14.3.rel1/arm-none-eabi/bin/../lib/gcc/arm-none-eabi/14.3.1/../../../../arm-none-eabi/lib/thumb/v6-m/nofp/libg_nano.a(libc_a-memcpy-stub.o)
                0x08005238                memcpy
 *(.glue_7)
 .glue_7        0x0800524a        0x0 linker stubs
 *(.glue_7t)
 .glue_7t       0x0800524a        0x0 linker stubs
 *(.eh_frame)
 *fill*         0x0800524a        0x2 
 .eh_frame      0x0800524c        0x0 /Applications/ArmGNUToolchain/14.3.rel1/arm-none-eabi/bin/../lib/gcc/arm-none-eabi/14.3.1/thumb/v6-m/nofp/crtbegin.o
 *(.init)
 .init          0x0800524c        0x4 /Applications/ArmGNUToolchain/14.3.rel1/arm-none-eabi/bin/../lib/gcc/arm-none-eabi/14.3.1/thumb/v6-m/nofp/crti.o
                0x0800524c                _init
 .init          0x08005250        0x8 /Applications/ArmGNUToolchain/14.3.rel1/arm-none-eabi/bin/../lib/gcc/arm-none-eabi/14.3.1/thumb/v6-m/nofp/crtn.o
 *(.fini)
 .fini          0x08005258        0x4 /Applications/ArmGNUToolchain/14.3.rel1/arm-none-eabi/bin/../lib/gcc/arm-none-eabi/14.3.1/thumb/v6-m/nofp/crti.o
                0x08005258                _fini
 .fini          0x0800525c        0x8 /Applications/ArmGNUToolchain/14.3.rel1/arm-none-eabi/bin/../lib/gcc/arm-none-eabi/14.3.1/thumb/v6-m/nofp/crtn.o
                0x08005264                        . = ALIGN (0x4)
                0x08005264                        _etext = .

.vfp11_veneer   0x08005264        0x0
 .vfp11_veneer  0x08005264        0x0 linker stubs

.v4_bx          0x08005264        0x0
 .v4_bx         0x08005264        0x0 linker stubs

.iplt           0x08005264        0x0
 .iplt          0x08005264        0x0 /Applications/ArmGNUToolchain/14.3.rel1/arm-none-eabi/bin/../lib/gcc/arm-none-eabi/14.3.1/thumb/v6-m/nofp/crtbegin.o

.rodata         0x08005264       0x88
                0x08005264                        . = ALIGN (0x4)
 *(.rodata)
 *(.rodata*)
 .rodata.AHBPrescTable
                0x08005264       0x40 cmake/stm32cubemx/CMakeFiles/STM32_Drivers.dir/__/__/Core/Src/system_stm32g0xx.c.obj
                0x08005264                AHBPrescTable
 .rodata.APBPrescTable
                0x080052a4       0x20 cmake/stm32cubemx/CMakeFiles/STM32_Drivers.dir/__/__/Core/Src/system_stm32g0xx.c.obj
                0x080052a4                APBPrescTable
 .rodata.UARTPrescTable
                0x080052c4       0x18 cmake/stm32cubemx/CMakeFiles/STM32_Drivers.dir/__/__/Drivers/STM32G0xx_HAL_Driver/Src/stm32g0xx_hal_uart.c.obj
                0x080052c4                UARTPrescTable
 .rodata.numerator.1
                0x080052dc        0x8 cmake/stm32cubemx/CMakeFiles/STM32_Drivers.dir/__/__/Drivers/STM32G0xx_HAL_Driver/Src/stm32g0xx_hal_uart_ex.c.obj
 .rodata.denominator.0
                0x080052e4        0x8 cmake/stm32cubemx/CMakeFiles/STM32_Drivers.dir/__/__/Drivers/STM32G0xx_HAL_Driver/Src/stm32g0xx_hal_uart_ex.c.obj
                0x080052ec                        . = ALIGN (0x4)

.ARM.extab      0x080052ec        0x0
                0x080052ec                        . = ALIGN (0x4)
 *(.ARM.extab* .gnu.linkonce.armextab.*)
                0x080052ec                        . = ALIGN (0x4)

.ARM            0x080052ec        0x8
                0x080052ec                        . = ALIGN (0x4)
                0x080052ec                        __exidx_start = .
 *(.ARM.exidx*)
 .ARM.exidx.text.__udivmoddi4
                0x080052ec        0x8 /Applications/ArmGNUToolchain/14.3.rel1/arm-none-eabi/bin/../lib/gcc/arm-none-eabi/14.3.1/thumb/v6-m/nofp/libgcc.a(_udivmoddi4.o)
                0x080052f4                        __exidx_end = .
                0x080052f4                        . = ALIGN (0x4)

.preinit_array  0x080052f4        0x0
                0x080052f4                        . = ALIGN (0x4)
                0x080052f4                        PROVIDE (__preinit_array_start = .)
 *(.preinit_array*)
                0x080052f4                        PROVIDE (__preinit_array_end = .)
                0x080052f4                        . = ALIGN (0x4)

.init_array     0x080052f4        0x4
                0x080052f4                        . = ALIGN (0x4)
                0x080052f4                        PROVIDE (__init_array_start = .)
 *(SORT_BY_NAME(.init_array.*))
 *(.init_array*)
 .init_array    0x080052f4        0x4 /Applications/ArmGNUToolchain/14.3.rel1/arm-none-eabi/bin/../lib/gcc/arm-none-eabi/14.3.1/thumb/v6-m/nofp/crtbegin.o
                0x080052f8                        PROVIDE (__init_array_end = .)
                0x080052f8                        . = ALIGN (0x4)

.fini_array     0x080052f8        0x4
                0x080052f8                        . = ALIGN (0x4)
                [!provide]                        PROVIDE (__fini_array_start = .)
 *(SORT_BY_NAME(.fini_array.*))
 *(.fini_array*)
 .fini_array    0x080052f8        0x4 /Applications/ArmGNUToolchain/14.3.rel1/arm-none-eabi/bin/../lib/gcc/arm-none-eabi/14.3.1/thumb/v6-m/nofp/crtbegin.o
                [!provide]                        PROVIDE (__fini_array_end = .)
                0x080052fc                        . = ALIGN (0x4)
                0x080052fc                        _sidata = LOADADDR (.data)

.rel.dyn        0x080052fc        0x0
 .rel.iplt      0x080052fc        0x0 /Applications/ArmGNUToolchain/14.3.rel1/arm-none-eabi/bin/../lib/gcc/arm-none-eabi/14.3.1/thumb/v6-m/nofp/crtbegin.o

.data           0x20000000        0xc load address 0x080052fc
                0x20000000                        . = ALIGN (0x4)
                0x20000000                        _sdata = .
 *(.data)
 *(.data*)
 .data.SystemCoreClock
                0x20000000        0x4 cmake/stm32cubemx/CMakeFiles/STM32_Drivers.dir/__/__/Core/Src/system_stm32g0xx.c.obj
                0x20000000                SystemCoreClock
 .data.uwTickPrio
                0x20000004        0x4 cmake/stm32cubemx/CMakeFiles/STM32_Drivers.dir/__/__/Drivers/STM32G0xx_HAL_Driver/Src/stm32g0xx_hal.c.obj
                0x20000004                uwTickPrio
 .data.uwTickFreq
                0x20000008        0x1 cmake/stm32cubemx/CMakeFiles/STM32_Drivers.dir/__/__/Drivers/STM32G0xx_HAL_Driver/Src/stm32g0xx_hal.c.obj
                0x20000008                uwTickFreq
 *(.RamFunc)
 *(.RamFunc*)
                0x2000000c                        . = ALIGN (0x4)
 *fill*         0x20000009        0x3 

.tm_clone_table
                0x2000000c        0x0 load address 0x08005308
 .tm_clone_table
                0x2000000c        0x0 /Applications/ArmGNUToolchain/14.3.rel1/arm-none-eabi/bin/../lib/gcc/arm-none-eabi/14.3.1/thumb/v6-m/nofp/crtbegin.o
 .tm_clone_table
                0x2000000c        0x0 /Applications/ArmGNUToolchain/14.3.rel1/arm-none-eabi/bin/../lib/gcc/arm-none-eabi/14.3.1/thumb/v6-m/nofp/crtend.o

.igot.plt       0x2000000c        0x0 load address 0x08005308
 .igot.plt      0x2000000c        0x0 /Applications/ArmGNUToolchain/14.3.rel1/arm-none-eabi/bin/../lib/gcc/arm-none-eabi/14.3.1/thumb/v6-m/nofp/crtbegin.o

.tdata          0x2000000c        0x0 load address 0x08005308
 *(.tdata .tdata.* .gnu.linkonce.td.*)
                0x2000000c                        . = ALIGN (0x4)
                0x2000000c                        _edata = .
                [!provide]                        PROVIDE (__data_end = .)
                [!provide]                        PROVIDE (__tdata_end = .)
                [!provide]                        PROVIDE (__tdata_start = ADDR (.tdata))
                [!provide]                        PROVIDE (__tdata_size = (__tdata_end - __tdata_start))
                [!provide]                        PROVIDE (__data_start = ADDR (.data))
                [!provide]                        PROVIDE (__data_size = (__data_end - __data_start))
                [!provide]                        PROVIDE (__tdata_source = LOADADDR (.tdata))
                [!provide]                        PROVIDE (__tdata_source_end = (LOADADDR (.tdata) + SIZEOF (.tdata)))
                [!provide]                        PROVIDE (__tdata_source_size = (__tdata_source_end - __tdata_source))
                [!provide]                        PROVIDE (__data_source = LOADADDR (.data))
                [!provide]                        PROVIDE (__data_source_end = __tdata_source_end)
                [!provide]                        PROVIDE (__data_source_size = (__data_source_end - __data_source))

.tbss           0x2000000c        0x0 load address 0x08005308
                0x2000000c                        _sbss = .
                0x2000000c                        __bss_start__ = _sbss
 *(.tbss .tbss.*)
                0x2000000c                        . = ALIGN (0x4)
                [!provide]                        PROVIDE (__tbss_end = .)
                [!provide]                        PROVIDE (__tbss_start = ADDR (.tbss))
                [!provide]                        PROVIDE (__tbss_size = (__tbss_end - __tbss_start))
                [!provide]                        PROVIDE (__tbss_offset = (ADDR (.tbss) - ADDR (.tdata)))
                [!provide]                        PROVIDE (__tls_base = __tdata_start)
                [!provide]                        PROVIDE (__tls_end = __tbss_end)
                [!provide]                        PROVIDE (__tls_size = (__tls_end - __tls_base))
                [!provide]                        PROVIDE (__tls_align = MAX (ALIGNOF (.tdata), ALIGNOF (.tbss)))
                [!provide]                        PROVIDE (__tls_size_align = (((__tls_size + __tls_align) - 0x1) & ~ ((__tls_align - 0x1))))
                [!provide]                        PROVIDE (__arm32_tls_tcb_offset = MAX (0x8, __tls_align))
                [!provide]                        PROVIDE (__arm64_tls_tcb_offset = MAX (0x10, __tls_align))

.bss            0x2000000c     0x12a8 load address 0x08005308
 *(.bss)
 *(.bss*)
 .bss.completed.1
                0x2000000c        0x1 /Applications/ArmGNUToolchain/14.3.rel1/arm-none-eabi/bin/../lib/gcc/arm-none-eabi/14.3.1/thumb/v6-m/nofp/crtbegin.o
 *fill*         0x2000000d        0x3 
 .bss.object.0  0x20000010       0x18 /Applications/ArmGNUToolchain/14.3.rel1/arm-none-eabi/bin/../lib/gcc/arm-none-eabi/14.3.1/thumb/v6-m/nofp/crtbegin.o
 .bss.uwTick    0x20000028        0x4 cmake/stm32cubemx/CMakeFiles/STM32_Drivers.dir/__/__/Drivers/STM32G0xx_HAL_Driver/Src/stm32g0xx_hal.c.obj
                0x20000028                uwTick
 .bss.hspi1     0x2000002c       0x64 CMakeFiles/ulysses-gnss-radio.dir/Core/Src/main.c.obj
                0x2000002c                hspi1
 .bss.hdma_spi1_tx
                0x20000090       0x60 CMakeFiles/ulysses-gnss-radio.dir/Core/Src/main.c.obj
                0x20000090                hdma_spi1_tx
 .bss.hdma_spi1_rx
                0x200000f0       0x60 CMakeFiles/ulysses-gnss-radio.dir/Core/Src/main.c.obj
                0x200000f0                hdma_spi1_rx
 .bss.huart1    0x20000150       0x94 CMakeFiles/ulysses-gnss-radio.dir/Core/Src/main.c.obj
                0x20000150                huart1
 .bss.huart5    0x200001e4       0x94 CMakeFiles/ulysses-gnss-radio.dir/Core/Src/main.c.obj
                0x200001e4                huart5
 .bss.huart6    0x20000278       0x94 CMakeFiles/ulysses-gnss-radio.dir/Core/Src/main.c.obj
                0x20000278                huart6
 .bss.radio_message_queue
                0x2000030c      0x9f8 CMakeFiles/ulysses-gnss-radio.dir/Core/Src/main.c.obj
                0x2000030c                radio_message_queue
 .bss.gps_sample_queue
                0x20000d04      0x282 CMakeFiles/ulysses-gnss-radio.dir/Core/Src/main.c.obj
                0x20000d04                gps_sample_queue
 .bss.radio_rx_byte
                0x20000f86        0x1 CMakeFiles/ulysses-gnss-radio.dir/Core/Src/stm32g0xx_it.c.obj
 *fill*         0x20000f87        0x1 
 .bss.radio_temp_buffer
                0x20000f88       0xff CMakeFiles/ulysses-gnss-radio.dir/Core/Src/stm32g0xx_it.c.obj
 .bss.radio_temp_index
                0x20001087        0x1 CMakeFiles/ulysses-gnss-radio.dir/Core/Src/stm32g0xx_it.c.obj
 .bss.spi_handler
                0x20001088       0x28 CMakeFiles/ulysses-gnss-radio.dir/Core/Src/spi_slave.c.obj
 .bss.tx_type_buffer
                0x200010b0        0x1 CMakeFiles/ulysses-gnss-radio.dir/Core/Src/spi_slave.c.obj
 *fill*         0x200010b1        0x3 
 .bss.rx_buffer_a
                0x200010b4       0xff CMakeFiles/ulysses-gnss-radio.dir/Core/Src/spi_slave.c.obj
 *fill*         0x200011b3        0x1 
 .bss.rx_buffer_b
                0x200011b4       0xff CMakeFiles/ulysses-gnss-radio.dir/Core/Src/spi_slave.c.obj
 *(COMMON)
                0x200012b4                        . = ALIGN (0x4)
 *fill*         0x200012b3        0x1 
                0x200012b4                        _ebss = .
                0x200012b4                        __bss_end__ = _ebss
                [!provide]                        PROVIDE (__bss_end = .)
                [!provide]                        PROVIDE (__non_tls_bss_start = ADDR (.bss))
                [!provide]                        PROVIDE (__bss_start = __tbss_start)
                [!provide]                        PROVIDE (__bss_size = (__bss_end - __bss_start))

._user_heap_stack
                0x200012b4      0x604 load address 0x08005308
                0x200012b8                        . = ALIGN (0x8)
 *fill*         0x200012b4        0x4 
                [!provide]                        PROVIDE (end = .)
                0x200012b8                        PROVIDE (_end = .)
                0x200014b8                        . = (. + _Min_Heap_Size)
 *fill*         0x200012b8      0x200 
                0x200018b8                        . = (. + _Min_Stack_Size)
 *fill*         0x200014b8      0x400 
                0x200018b8                        . = ALIGN (0x8)

/DISCARD/
 libc.a:*(*)
 libm.a:*(*)
 libgcc.a:*(*)
OUTPUT(ulysses-gnss-radio.elf elf32-littlearm)
LOAD linker stubs

.ARM.attributes
                0x00000000       0x28
 .ARM.attributes
                0x00000000       0x1e /Applications/ArmGNUToolchain/14.3.rel1/arm-none-eabi/bin/../lib/gcc/arm-none-eabi/14.3.1/thumb/v6-m/nofp/crti.o
 .ARM.attributes
                0x0000001e       0x2c /Applications/ArmGNUToolchain/14.3.rel1/arm-none-eabi/bin/../lib/gcc/arm-none-eabi/14.3.1/thumb/v6-m/nofp/crtbegin.o
 .ARM.attributes
                0x0000004a       0x2c cmake/stm32cubemx/CMakeFiles/STM32_Drivers.dir/__/__/Core/Src/system_stm32g0xx.c.obj
 .ARM.attributes
                0x00000076       0x2c cmake/stm32cubemx/CMakeFiles/STM32_Drivers.dir/__/__/Drivers/STM32G0xx_HAL_Driver/Src/stm32g0xx_hal_spi.c.obj
 .ARM.attributes
                0x000000a2       0x2c cmake/stm32cubemx/CMakeFiles/STM32_Drivers.dir/__/__/Drivers/STM32G0xx_HAL_Driver/Src/stm32g0xx_hal_rcc.c.obj
 .ARM.attributes
                0x000000ce       0x2c cmake/stm32cubemx/CMakeFiles/STM32_Drivers.dir/__/__/Drivers/STM32G0xx_HAL_Driver/Src/stm32g0xx_hal_rcc_ex.c.obj
 .ARM.attributes
                0x000000fa       0x2c cmake/stm32cubemx/CMakeFiles/STM32_Drivers.dir/__/__/Drivers/STM32G0xx_HAL_Driver/Src/stm32g0xx_hal_gpio.c.obj
 .ARM.attributes
                0x00000126       0x2c cmake/stm32cubemx/CMakeFiles/STM32_Drivers.dir/__/__/Drivers/STM32G0xx_HAL_Driver/Src/stm32g0xx_hal_dma.c.obj
 .ARM.attributes
                0x00000152       0x2c cmake/stm32cubemx/CMakeFiles/STM32_Drivers.dir/__/__/Drivers/STM32G0xx_HAL_Driver/Src/stm32g0xx_hal_pwr_ex.c.obj
 .ARM.attributes
                0x0000017e       0x2c cmake/stm32cubemx/CMakeFiles/STM32_Drivers.dir/__/__/Drivers/STM32G0xx_HAL_Driver/Src/stm32g0xx_hal_cortex.c.obj
 .ARM.attributes
                0x000001aa       0x2c cmake/stm32cubemx/CMakeFiles/STM32_Drivers.dir/__/__/Drivers/STM32G0xx_HAL_Driver/Src/stm32g0xx_hal.c.obj
 .ARM.attributes
                0x000001d6       0x2c cmake/stm32cubemx/CMakeFiles/STM32_Drivers.dir/__/__/Drivers/STM32G0xx_HAL_Driver/Src/stm32g0xx_hal_uart.c.obj
 .ARM.attributes
                0x00000202       0x2c cmake/stm32cubemx/CMakeFiles/STM32_Drivers.dir/__/__/Drivers/STM32G0xx_HAL_Driver/Src/stm32g0xx_hal_uart_ex.c.obj
 .ARM.attributes
                0x0000022e       0x2c CMakeFiles/ulysses-gnss-radio.dir/Core/Src/main.c.obj
 .ARM.attributes
                0x0000025a       0x2c CMakeFiles/ulysses-gnss-radio.dir/Core/Src/stm32g0xx_it.c.obj
 .ARM.attributes
                0x00000286       0x2c CMakeFiles/ulysses-gnss-radio.dir/Core/Src/stm32g0xx_hal_msp.c.obj
 .ARM.attributes
                0x000002b2       0x2c CMakeFiles/ulysses-gnss-radio.dir/Core/Src/spi_slave.c.obj
 .ARM.attributes
                0x000002de       0x2c CMakeFiles/ulysses-gnss-radio.dir/Core/Src/spi_interrupts.c.obj
 .ARM.attributes
                0x0000030a       0x22 CMakeFiles/ulysses-gnss-radio.dir/startup_stm32g0b1xx.s.obj
 .ARM.attributes
                0x0000032c       0x1e /Applications/ArmGNUToolchain/14.3.rel1/arm-none-eabi/bin/../lib/gcc/arm-none-eabi/14.3.1/thumb/v6-m/nofp/libgcc.a(_udivsi3.o)
 .ARM.attributes
                0x0000034a       0x1e /Applications/ArmGNUToolchain/14.3.rel1/arm-none-eabi/bin/../lib/gcc/arm-none-eabi/14.3.1/thumb/v6-m/nofp/libgcc.a(_divsi3.o)
 .ARM.attributes
                0x00000368       0x1e /Applications/ArmGNUToolchain/14.3.rel1/arm-none-eabi/bin/../lib/gcc/arm-none-eabi/14.3.1/thumb/v6-m/nofp/libgcc.a(_dvmd_tls.o)
 .ARM.attributes
                0x00000386       0x1e /Applications/ArmGNUToolchain/14.3.rel1/arm-none-eabi/bin/../lib/gcc/arm-none-eabi/14.3.1/thumb/v6-m/nofp/libgcc.a(_aeabi_uldivmod.o)
 .ARM.attributes
                0x000003a4       0x2c /Applications/ArmGNUToolchain/14.3.rel1/arm-none-eabi/bin/../lib/gcc/arm-none-eabi/14.3.1/thumb/v6-m/nofp/libgcc.a(_udivmoddi4.o)
 .ARM.attributes
                0x000003d0       0x1e /Applications/ArmGNUToolchain/14.3.rel1/arm-none-eabi/bin/../lib/gcc/arm-none-eabi/14.3.1/thumb/v6-m/nofp/libgcc.a(_clzdi2.o)
 .ARM.attributes
                0x000003ee       0x1e /Applications/ArmGNUToolchain/14.3.rel1/arm-none-eabi/bin/../lib/gcc/arm-none-eabi/14.3.1/thumb/v6-m/nofp/libgcc.a(_clzsi2.o)
 .ARM.attributes
                0x0000040c       0x2c /Applications/ArmGNUToolchain/14.3.rel1/arm-none-eabi/bin/../lib/gcc/arm-none-eabi/14.3.1/../../../../arm-none-eabi/lib/thumb/v6-m/nofp/libg_nano.a(libc_a-memset.o)
 .ARM.attributes
                0x00000438       0x2c /Applications/ArmGNUToolchain/14.3.rel1/arm-none-eabi/bin/../lib/gcc/arm-none-eabi/14.3.1/../../../../arm-none-eabi/lib/thumb/v6-m/nofp/libg_nano.a(libc_a-init.o)
 .ARM.attributes
                0x00000464       0x2c /Applications/ArmGNUToolchain/14.3.rel1/arm-none-eabi/bin/../lib/gcc/arm-none-eabi/14.3.1/../../../../arm-none-eabi/lib/thumb/v6-m/nofp/libg_nano.a(libc_a-memcpy-stub.o)
 .ARM.attributes
                0x00000490       0x2c /Applications/ArmGNUToolchain/14.3.rel1/arm-none-eabi/bin/../lib/gcc/arm-none-eabi/14.3.1/thumb/v6-m/nofp/crtend.o
 .ARM.attributes
                0x000004bc       0x1e /Applications/ArmGNUToolchain/14.3.rel1/arm-none-eabi/bin/../lib/gcc/arm-none-eabi/14.3.1/thumb/v6-m/nofp/crtn.o

.comment        0x00000000       0x46
 .comment       0x00000000       0x46 cmake/stm32cubemx/CMakeFiles/STM32_Drivers.dir/__/__/Core/Src/system_stm32g0xx.c.obj
                                 0x47 (size before relaxing)
 .comment       0x00000046       0x47 cmake/stm32cubemx/CMakeFiles/STM32_Drivers.dir/__/__/Drivers/STM32G0xx_HAL_Driver/Src/stm32g0xx_hal_spi.c.obj
 .comment       0x00000046       0x47 cmake/stm32cubemx/CMakeFiles/STM32_Drivers.dir/__/__/Drivers/STM32G0xx_HAL_Driver/Src/stm32g0xx_hal_rcc.c.obj
 .comment       0x00000046       0x47 cmake/stm32cubemx/CMakeFiles/STM32_Drivers.dir/__/__/Drivers/STM32G0xx_HAL_Driver/Src/stm32g0xx_hal_rcc_ex.c.obj
 .comment       0x00000046       0x47 cmake/stm32cubemx/CMakeFiles/STM32_Drivers.dir/__/__/Drivers/STM32G0xx_HAL_Driver/Src/stm32g0xx_hal_gpio.c.obj
 .comment       0x00000046       0x47 cmake/stm32cubemx/CMakeFiles/STM32_Drivers.dir/__/__/Drivers/STM32G0xx_HAL_Driver/Src/stm32g0xx_hal_dma.c.obj
 .comment       0x00000046       0x47 cmake/stm32cubemx/CMakeFiles/STM32_Drivers.dir/__/__/Drivers/STM32G0xx_HAL_Driver/Src/stm32g0xx_hal_pwr_ex.c.obj
 .comment       0x00000046       0x47 cmake/stm32cubemx/CMakeFiles/STM32_Drivers.dir/__/__/Drivers/STM32G0xx_HAL_Driver/Src/stm32g0xx_hal_cortex.c.obj
 .comment       0x00000046       0x47 cmake/stm32cubemx/CMakeFiles/STM32_Drivers.dir/__/__/Drivers/STM32G0xx_HAL_Driver/Src/stm32g0xx_hal.c.obj
 .comment       0x00000046       0x47 cmake/stm32cubemx/CMakeFiles/STM32_Drivers.dir/__/__/Drivers/STM32G0xx_HAL_Driver/Src/stm32g0xx_hal_uart.c.obj
 .comment       0x00000046       0x47 cmake/stm32cubemx/CMakeFiles/STM32_Drivers.dir/__/__/Drivers/STM32G0xx_HAL_Driver/Src/stm32g0xx_hal_uart_ex.c.obj
 .comment       0x00000046       0x47 CMakeFiles/ulysses-gnss-radio.dir/Core/Src/main.c.obj
 .comment       0x00000046       0x47 CMakeFiles/ulysses-gnss-radio.dir/Core/Src/stm32g0xx_it.c.obj
 .comment       0x00000046       0x47 CMakeFiles/ulysses-gnss-radio.dir/Core/Src/stm32g0xx_hal_msp.c.obj
 .comment       0x00000046       0x47 CMakeFiles/ulysses-gnss-radio.dir/Core/Src/spi_slave.c.obj
 .comment       0x00000046       0x47 CMakeFiles/ulysses-gnss-radio.dir/Core/Src/spi_interrupts.c.obj

.debug_info     0x00000000     0xf6c3
 .debug_info    0x00000000      0x316 cmake/stm32cubemx/CMakeFiles/STM32_Drivers.dir/__/__/Core/Src/system_stm32g0xx.c.obj
 .debug_info    0x00000316     0x1767 cmake/stm32cubemx/CMakeFiles/STM32_Drivers.dir/__/__/Drivers/STM32G0xx_HAL_Driver/Src/stm32g0xx_hal_spi.c.obj
 .debug_info    0x00001a7d      0xb9b cmake/stm32cubemx/CMakeFiles/STM32_Drivers.dir/__/__/Drivers/STM32G0xx_HAL_Driver/Src/stm32g0xx_hal_rcc.c.obj
 .debug_info    0x00002618      0xa41 cmake/stm32cubemx/CMakeFiles/STM32_Drivers.dir/__/__/Drivers/STM32G0xx_HAL_Driver/Src/stm32g0xx_hal_rcc_ex.c.obj
 .debug_info    0x00003059      0x5d9 cmake/stm32cubemx/CMakeFiles/STM32_Drivers.dir/__/__/Drivers/STM32G0xx_HAL_Driver/Src/stm32g0xx_hal_gpio.c.obj
 .debug_info    0x00003632      0x869 cmake/stm32cubemx/CMakeFiles/STM32_Drivers.dir/__/__/Drivers/STM32G0xx_HAL_Driver/Src/stm32g0xx_hal_dma.c.obj
 .debug_info    0x00003e9b      0x8b5 cmake/stm32cubemx/CMakeFiles/STM32_Drivers.dir/__/__/Drivers/STM32G0xx_HAL_Driver/Src/stm32g0xx_hal_pwr_ex.c.obj
 .debug_info    0x00004750      0x8d9 cmake/stm32cubemx/CMakeFiles/STM32_Drivers.dir/__/__/Drivers/STM32G0xx_HAL_Driver/Src/stm32g0xx_hal_cortex.c.obj
 .debug_info    0x00005029      0xafa cmake/stm32cubemx/CMakeFiles/STM32_Drivers.dir/__/__/Drivers/STM32G0xx_HAL_Driver/Src/stm32g0xx_hal.c.obj
 .debug_info    0x00005b23     0x48a0 cmake/stm32cubemx/CMakeFiles/STM32_Drivers.dir/__/__/Drivers/STM32G0xx_HAL_Driver/Src/stm32g0xx_hal_uart.c.obj
 .debug_info    0x0000a3c3      0xff0 cmake/stm32cubemx/CMakeFiles/STM32_Drivers.dir/__/__/Drivers/STM32G0xx_HAL_Driver/Src/stm32g0xx_hal_uart_ex.c.obj
 .debug_info    0x0000b3b3     0x13cc CMakeFiles/ulysses-gnss-radio.dir/Core/Src/main.c.obj
 .debug_info    0x0000c77f      0x9d4 CMakeFiles/ulysses-gnss-radio.dir/Core/Src/stm32g0xx_it.c.obj
 .debug_info    0x0000d153     0x109e CMakeFiles/ulysses-gnss-radio.dir/Core/Src/stm32g0xx_hal_msp.c.obj
 .debug_info    0x0000e1f1      0xd88 CMakeFiles/ulysses-gnss-radio.dir/Core/Src/spi_slave.c.obj
 .debug_info    0x0000ef79      0x71a CMakeFiles/ulysses-gnss-radio.dir/Core/Src/spi_interrupts.c.obj
 .debug_info    0x0000f693       0x30 CMakeFiles/ulysses-gnss-radio.dir/startup_stm32g0b1xx.s.obj

.debug_abbrev   0x00000000     0x258d
 .debug_abbrev  0x00000000      0x119 cmake/stm32cubemx/CMakeFiles/STM32_Drivers.dir/__/__/Core/Src/system_stm32g0xx.c.obj
 .debug_abbrev  0x00000119      0x290 cmake/stm32cubemx/CMakeFiles/STM32_Drivers.dir/__/__/Drivers/STM32G0xx_HAL_Driver/Src/stm32g0xx_hal_spi.c.obj
 .debug_abbrev  0x000003a9      0x2aa cmake/stm32cubemx/CMakeFiles/STM32_Drivers.dir/__/__/Drivers/STM32G0xx_HAL_Driver/Src/stm32g0xx_hal_rcc.c.obj
 .debug_abbrev  0x00000653      0x244 cmake/stm32cubemx/CMakeFiles/STM32_Drivers.dir/__/__/Drivers/STM32G0xx_HAL_Driver/Src/stm32g0xx_hal_rcc_ex.c.obj
 .debug_abbrev  0x00000897      0x1c8 cmake/stm32cubemx/CMakeFiles/STM32_Drivers.dir/__/__/Drivers/STM32G0xx_HAL_Driver/Src/stm32g0xx_hal_gpio.c.obj
 .debug_abbrev  0x00000a5f      0x214 cmake/stm32cubemx/CMakeFiles/STM32_Drivers.dir/__/__/Drivers/STM32G0xx_HAL_Driver/Src/stm32g0xx_hal_dma.c.obj
 .debug_abbrev  0x00000c73      0x23c cmake/stm32cubemx/CMakeFiles/STM32_Drivers.dir/__/__/Drivers/STM32G0xx_HAL_Driver/Src/stm32g0xx_hal_pwr_ex.c.obj
 .debug_abbrev  0x00000eaf      0x2ab cmake/stm32cubemx/CMakeFiles/STM32_Drivers.dir/__/__/Drivers/STM32G0xx_HAL_Driver/Src/stm32g0xx_hal_cortex.c.obj
 .debug_abbrev  0x0000115a      0x27f cmake/stm32cubemx/CMakeFiles/STM32_Drivers.dir/__/__/Drivers/STM32G0xx_HAL_Driver/Src/stm32g0xx_hal.c.obj
 .debug_abbrev  0x000013d9      0x311 cmake/stm32cubemx/CMakeFiles/STM32_Drivers.dir/__/__/Drivers/STM32G0xx_HAL_Driver/Src/stm32g0xx_hal_uart.c.obj
 .debug_abbrev  0x000016ea      0x2d3 cmake/stm32cubemx/CMakeFiles/STM32_Drivers.dir/__/__/Drivers/STM32G0xx_HAL_Driver/Src/stm32g0xx_hal_uart_ex.c.obj
 .debug_abbrev  0x000019bd      0x30b CMakeFiles/ulysses-gnss-radio.dir/Core/Src/main.c.obj
 .debug_abbrev  0x00001cc8      0x22b CMakeFiles/ulysses-gnss-radio.dir/Core/Src/stm32g0xx_it.c.obj
 .debug_abbrev  0x00001ef3      0x224 CMakeFiles/ulysses-gnss-radio.dir/Core/Src/stm32g0xx_hal_msp.c.obj
 .debug_abbrev  0x00002117      0x2c1 CMakeFiles/ulysses-gnss-radio.dir/Core/Src/spi_slave.c.obj
 .debug_abbrev  0x000023d8      0x191 CMakeFiles/ulysses-gnss-radio.dir/Core/Src/spi_interrupts.c.obj
 .debug_abbrev  0x00002569       0x24 CMakeFiles/ulysses-gnss-radio.dir/startup_stm32g0b1xx.s.obj

.debug_aranges  0x00000000      0xc70
 .debug_aranges
                0x00000000       0x28 cmake/stm32cubemx/CMakeFiles/STM32_Drivers.dir/__/__/Core/Src/system_stm32g0xx.c.obj
 .debug_aranges
                0x00000028      0x1d8 cmake/stm32cubemx/CMakeFiles/STM32_Drivers.dir/__/__/Drivers/STM32G0xx_HAL_Driver/Src/stm32g0xx_hal_spi.c.obj
 .debug_aranges
                0x00000200       0xa0 cmake/stm32cubemx/CMakeFiles/STM32_Drivers.dir/__/__/Drivers/STM32G0xx_HAL_Driver/Src/stm32g0xx_hal_rcc.c.obj
 .debug_aranges
                0x000002a0       0x88 cmake/stm32cubemx/CMakeFiles/STM32_Drivers.dir/__/__/Drivers/STM32G0xx_HAL_Driver/Src/stm32g0xx_hal_rcc_ex.c.obj
 .debug_aranges
                0x00000328       0x60 cmake/stm32cubemx/CMakeFiles/STM32_Drivers.dir/__/__/Drivers/STM32G0xx_HAL_Driver/Src/stm32g0xx_hal_gpio.c.obj
 .debug_aranges
                0x00000388       0x90 cmake/stm32cubemx/CMakeFiles/STM32_Drivers.dir/__/__/Drivers/STM32G0xx_HAL_Driver/Src/stm32g0xx_hal_dma.c.obj
 .debug_aranges
                0x00000418      0x128 cmake/stm32cubemx/CMakeFiles/STM32_Drivers.dir/__/__/Drivers/STM32G0xx_HAL_Driver/Src/stm32g0xx_hal_pwr_ex.c.obj
 .debug_aranges
                0x00000540       0xe8 cmake/stm32cubemx/CMakeFiles/STM32_Drivers.dir/__/__/Drivers/STM32G0xx_HAL_Driver/Src/stm32g0xx_hal_cortex.c.obj
 .debug_aranges
                0x00000628      0x130 cmake/stm32cubemx/CMakeFiles/STM32_Drivers.dir/__/__/Drivers/STM32G0xx_HAL_Driver/Src/stm32g0xx_hal.c.obj
 .debug_aranges
                0x00000758      0x248 cmake/stm32cubemx/CMakeFiles/STM32_Drivers.dir/__/__/Drivers/STM32G0xx_HAL_Driver/Src/stm32g0xx_hal_uart.c.obj
 .debug_aranges
                0x000009a0       0xa8 cmake/stm32cubemx/CMakeFiles/STM32_Drivers.dir/__/__/Drivers/STM32G0xx_HAL_Driver/Src/stm32g0xx_hal_uart_ex.c.obj
 .debug_aranges
                0x00000a48       0x70 CMakeFiles/ulysses-gnss-radio.dir/Core/Src/main.c.obj
 .debug_aranges
                0x00000ab8       0x68 CMakeFiles/ulysses-gnss-radio.dir/Core/Src/stm32g0xx_it.c.obj
 .debug_aranges
                0x00000b20       0x40 CMakeFiles/ulysses-gnss-radio.dir/Core/Src/stm32g0xx_hal_msp.c.obj
 .debug_aranges
                0x00000b60       0xc0 CMakeFiles/ulysses-gnss-radio.dir/Core/Src/spi_slave.c.obj
 .debug_aranges
                0x00000c20       0x28 CMakeFiles/ulysses-gnss-radio.dir/Core/Src/spi_interrupts.c.obj
 .debug_aranges
                0x00000c48       0x28 CMakeFiles/ulysses-gnss-radio.dir/startup_stm32g0b1xx.s.obj

.debug_rnglists
                0x00000000      0x99d
 .debug_rnglists
                0x00000000       0x1a cmake/stm32cubemx/CMakeFiles/STM32_Drivers.dir/__/__/Core/Src/system_stm32g0xx.c.obj
 .debug_rnglists
                0x0000001a      0x17a cmake/stm32cubemx/CMakeFiles/STM32_Drivers.dir/__/__/Drivers/STM32G0xx_HAL_Driver/Src/stm32g0xx_hal_spi.c.obj
 .debug_rnglists
                0x00000194       0x79 cmake/stm32cubemx/CMakeFiles/STM32_Drivers.dir/__/__/Drivers/STM32G0xx_HAL_Driver/Src/stm32g0xx_hal_rcc.c.obj
 .debug_rnglists
                0x0000020d       0x69 cmake/stm32cubemx/CMakeFiles/STM32_Drivers.dir/__/__/Drivers/STM32G0xx_HAL_Driver/Src/stm32g0xx_hal_rcc_ex.c.obj
 .debug_rnglists
                0x00000276       0x45 cmake/stm32cubemx/CMakeFiles/STM32_Drivers.dir/__/__/Drivers/STM32G0xx_HAL_Driver/Src/stm32g0xx_hal_gpio.c.obj
 .debug_rnglists
                0x000002bb       0x72 cmake/stm32cubemx/CMakeFiles/STM32_Drivers.dir/__/__/Drivers/STM32G0xx_HAL_Driver/Src/stm32g0xx_hal_dma.c.obj
 .debug_rnglists
                0x0000032d       0xe0 cmake/stm32cubemx/CMakeFiles/STM32_Drivers.dir/__/__/Drivers/STM32G0xx_HAL_Driver/Src/stm32g0xx_hal_pwr_ex.c.obj
 .debug_rnglists
                0x0000040d       0xaa cmake/stm32cubemx/CMakeFiles/STM32_Drivers.dir/__/__/Drivers/STM32G0xx_HAL_Driver/Src/stm32g0xx_hal_cortex.c.obj
 .debug_rnglists
                0x000004b7       0xe0 cmake/stm32cubemx/CMakeFiles/STM32_Drivers.dir/__/__/Drivers/STM32G0xx_HAL_Driver/Src/stm32g0xx_hal.c.obj
 .debug_rnglists
                0x00000597      0x1fd cmake/stm32cubemx/CMakeFiles/STM32_Drivers.dir/__/__/Drivers/STM32G0xx_HAL_Driver/Src/stm32g0xx_hal_uart.c.obj
 .debug_rnglists
                0x00000794       0x80 cmake/stm32cubemx/CMakeFiles/STM32_Drivers.dir/__/__/Drivers/STM32G0xx_HAL_Driver/Src/stm32g0xx_hal_uart_ex.c.obj
 .debug_rnglists
                0x00000814       0x52 CMakeFiles/ulysses-gnss-radio.dir/Core/Src/main.c.obj
 .debug_rnglists
                0x00000866       0x4b CMakeFiles/ulysses-gnss-radio.dir/Core/Src/stm32g0xx_it.c.obj
 .debug_rnglists
                0x000008b1       0x2e CMakeFiles/ulysses-gnss-radio.dir/Core/Src/stm32g0xx_hal_msp.c.obj
 .debug_rnglists
                0x000008df       0x8c CMakeFiles/ulysses-gnss-radio.dir/Core/Src/spi_slave.c.obj
 .debug_rnglists
                0x0000096b       0x19 CMakeFiles/ulysses-gnss-radio.dir/Core/Src/spi_interrupts.c.obj
 .debug_rnglists
                0x00000984       0x19 CMakeFiles/ulysses-gnss-radio.dir/startup_stm32g0b1xx.s.obj

.debug_macro    0x00000000    0x1be9c
 .debug_macro   0x00000000      0x1e0 cmake/stm32cubemx/CMakeFiles/STM32_Drivers.dir/__/__/Core/Src/system_stm32g0xx.c.obj
 .debug_macro   0x000001e0      0xaae cmake/stm32cubemx/CMakeFiles/STM32_Drivers.dir/__/__/Core/Src/system_stm32g0xx.c.obj
 .debug_macro   0x00000c8e       0x2e cmake/stm32cubemx/CMakeFiles/STM32_Drivers.dir/__/__/Core/Src/system_stm32g0xx.c.obj
 .debug_macro   0x00000cbc       0x28 cmake/stm32cubemx/CMakeFiles/STM32_Drivers.dir/__/__/Core/Src/system_stm32g0xx.c.obj
 .debug_macro   0x00000ce4       0x22 cmake/stm32cubemx/CMakeFiles/STM32_Drivers.dir/__/__/Core/Src/system_stm32g0xx.c.obj
 .debug_macro   0x00000d06       0x8e cmake/stm32cubemx/CMakeFiles/STM32_Drivers.dir/__/__/Core/Src/system_stm32g0xx.c.obj
 .debug_macro   0x00000d94       0x51 cmake/stm32cubemx/CMakeFiles/STM32_Drivers.dir/__/__/Core/Src/system_stm32g0xx.c.obj
 .debug_macro   0x00000de5      0x103 cmake/stm32cubemx/CMakeFiles/STM32_Drivers.dir/__/__/Core/Src/system_stm32g0xx.c.obj
 .debug_macro   0x00000ee8       0x6a cmake/stm32cubemx/CMakeFiles/STM32_Drivers.dir/__/__/Core/Src/system_stm32g0xx.c.obj
 .debug_macro   0x00000f52      0x1df cmake/stm32cubemx/CMakeFiles/STM32_Drivers.dir/__/__/Core/Src/system_stm32g0xx.c.obj
 .debug_macro   0x00001131       0x1c cmake/stm32cubemx/CMakeFiles/STM32_Drivers.dir/__/__/Core/Src/system_stm32g0xx.c.obj
 .debug_macro   0x0000114d       0x22 cmake/stm32cubemx/CMakeFiles/STM32_Drivers.dir/__/__/Core/Src/system_stm32g0xx.c.obj
 .debug_macro   0x0000116f       0xd1 cmake/stm32cubemx/CMakeFiles/STM32_Drivers.dir/__/__/Core/Src/system_stm32g0xx.c.obj
 .debug_macro   0x00001240      0x4da cmake/stm32cubemx/CMakeFiles/STM32_Drivers.dir/__/__/Core/Src/system_stm32g0xx.c.obj
 .debug_macro   0x0000171a      0x11f cmake/stm32cubemx/CMakeFiles/STM32_Drivers.dir/__/__/Core/Src/system_stm32g0xx.c.obj
 .debug_macro   0x00001839     0xf3de cmake/stm32cubemx/CMakeFiles/STM32_Drivers.dir/__/__/Core/Src/system_stm32g0xx.c.obj
 .debug_macro   0x00010c17       0x66 cmake/stm32cubemx/CMakeFiles/STM32_Drivers.dir/__/__/Core/Src/system_stm32g0xx.c.obj
 .debug_macro   0x00010c7d      0x12a cmake/stm32cubemx/CMakeFiles/STM32_Drivers.dir/__/__/Core/Src/system_stm32g0xx.c.obj
 .debug_macro   0x00010da7     0x350e cmake/stm32cubemx/CMakeFiles/STM32_Drivers.dir/__/__/Core/Src/system_stm32g0xx.c.obj
 .debug_macro   0x000142b5      0x190 cmake/stm32cubemx/CMakeFiles/STM32_Drivers.dir/__/__/Core/Src/system_stm32g0xx.c.obj
 .debug_macro   0x00014445       0x5c cmake/stm32cubemx/CMakeFiles/STM32_Drivers.dir/__/__/Core/Src/system_stm32g0xx.c.obj
 .debug_macro   0x000144a1      0x72c cmake/stm32cubemx/CMakeFiles/STM32_Drivers.dir/__/__/Core/Src/system_stm32g0xx.c.obj
 .debug_macro   0x00014bcd     0x1579 cmake/stm32cubemx/CMakeFiles/STM32_Drivers.dir/__/__/Core/Src/system_stm32g0xx.c.obj
 .debug_macro   0x00016146      0x535 cmake/stm32cubemx/CMakeFiles/STM32_Drivers.dir/__/__/Core/Src/system_stm32g0xx.c.obj
 .debug_macro   0x0001667b      0x1cf cmake/stm32cubemx/CMakeFiles/STM32_Drivers.dir/__/__/Core/Src/system_stm32g0xx.c.obj
 .debug_macro   0x0001684a      0x25b cmake/stm32cubemx/CMakeFiles/STM32_Drivers.dir/__/__/Core/Src/system_stm32g0xx.c.obj
 .debug_macro   0x00016aa5      0x4f5 cmake/stm32cubemx/CMakeFiles/STM32_Drivers.dir/__/__/Core/Src/system_stm32g0xx.c.obj
 .debug_macro   0x00016f9a      0x280 cmake/stm32cubemx/CMakeFiles/STM32_Drivers.dir/__/__/Core/Src/system_stm32g0xx.c.obj
 .debug_macro   0x0001721a      0x417 cmake/stm32cubemx/CMakeFiles/STM32_Drivers.dir/__/__/Core/Src/system_stm32g0xx.c.obj
 .debug_macro   0x00017631      0x1b2 cmake/stm32cubemx/CMakeFiles/STM32_Drivers.dir/__/__/Core/Src/system_stm32g0xx.c.obj
 .debug_macro   0x000177e3       0x43 cmake/stm32cubemx/CMakeFiles/STM32_Drivers.dir/__/__/Core/Src/system_stm32g0xx.c.obj
 .debug_macro   0x00017826      0x1f1 cmake/stm32cubemx/CMakeFiles/STM32_Drivers.dir/__/__/Core/Src/system_stm32g0xx.c.obj
 .debug_macro   0x00017a17      0x1e4 cmake/stm32cubemx/CMakeFiles/STM32_Drivers.dir/__/__/Core/Src/system_stm32g0xx.c.obj
 .debug_macro   0x00017bfb      0x3fa cmake/stm32cubemx/CMakeFiles/STM32_Drivers.dir/__/__/Core/Src/system_stm32g0xx.c.obj
 .debug_macro   0x00017ff5       0x28 cmake/stm32cubemx/CMakeFiles/STM32_Drivers.dir/__/__/Core/Src/system_stm32g0xx.c.obj
 .debug_macro   0x0001801d      0x123 cmake/stm32cubemx/CMakeFiles/STM32_Drivers.dir/__/__/Core/Src/system_stm32g0xx.c.obj
 .debug_macro   0x00018140      0x145 cmake/stm32cubemx/CMakeFiles/STM32_Drivers.dir/__/__/Core/Src/system_stm32g0xx.c.obj
 .debug_macro   0x00018285      0x30b cmake/stm32cubemx/CMakeFiles/STM32_Drivers.dir/__/__/Core/Src/system_stm32g0xx.c.obj
 .debug_macro   0x00018590      0x2fe cmake/stm32cubemx/CMakeFiles/STM32_Drivers.dir/__/__/Core/Src/system_stm32g0xx.c.obj
 .debug_macro   0x0001888e      0x693 cmake/stm32cubemx/CMakeFiles/STM32_Drivers.dir/__/__/Core/Src/system_stm32g0xx.c.obj
 .debug_macro   0x00018f21       0xa6 cmake/stm32cubemx/CMakeFiles/STM32_Drivers.dir/__/__/Core/Src/system_stm32g0xx.c.obj
 .debug_macro   0x00018fc7      0x5df cmake/stm32cubemx/CMakeFiles/STM32_Drivers.dir/__/__/Core/Src/system_stm32g0xx.c.obj
 .debug_macro   0x000195a6      0x1e8 cmake/stm32cubemx/CMakeFiles/STM32_Drivers.dir/__/__/Drivers/STM32G0xx_HAL_Driver/Src/stm32g0xx_hal_spi.c.obj
 .debug_macro   0x0001978e      0x228 cmake/stm32cubemx/CMakeFiles/STM32_Drivers.dir/__/__/Drivers/STM32G0xx_HAL_Driver/Src/stm32g0xx_hal_rcc.c.obj
 .debug_macro   0x000199b6      0x1f8 cmake/stm32cubemx/CMakeFiles/STM32_Drivers.dir/__/__/Drivers/STM32G0xx_HAL_Driver/Src/stm32g0xx_hal_rcc_ex.c.obj
 .debug_macro   0x00019bae      0x1e7 cmake/stm32cubemx/CMakeFiles/STM32_Drivers.dir/__/__/Drivers/STM32G0xx_HAL_Driver/Src/stm32g0xx_hal_gpio.c.obj
 .debug_macro   0x00019d95      0x1e0 cmake/stm32cubemx/CMakeFiles/STM32_Drivers.dir/__/__/Drivers/STM32G0xx_HAL_Driver/Src/stm32g0xx_hal_dma.c.obj
 .debug_macro   0x00019f75      0x20a cmake/stm32cubemx/CMakeFiles/STM32_Drivers.dir/__/__/Drivers/STM32G0xx_HAL_Driver/Src/stm32g0xx_hal_pwr_ex.c.obj
 .debug_macro   0x0001a17f      0x1e0 cmake/stm32cubemx/CMakeFiles/STM32_Drivers.dir/__/__/Drivers/STM32G0xx_HAL_Driver/Src/stm32g0xx_hal_cortex.c.obj
 .debug_macro   0x0001a35f      0x204 cmake/stm32cubemx/CMakeFiles/STM32_Drivers.dir/__/__/Drivers/STM32G0xx_HAL_Driver/Src/stm32g0xx_hal.c.obj
 .debug_macro   0x0001a563      0x20b cmake/stm32cubemx/CMakeFiles/STM32_Drivers.dir/__/__/Drivers/STM32G0xx_HAL_Driver/Src/stm32g0xx_hal_uart.c.obj
 .debug_macro   0x0001a76e      0x1ec cmake/stm32cubemx/CMakeFiles/STM32_Drivers.dir/__/__/Drivers/STM32G0xx_HAL_Driver/Src/stm32g0xx_hal_uart_ex.c.obj
 .debug_macro   0x0001a95a      0x2e0 CMakeFiles/ulysses-gnss-radio.dir/Core/Src/main.c.obj
 .debug_macro   0x0001ac3a       0x22 CMakeFiles/ulysses-gnss-radio.dir/Core/Src/main.c.obj
 .debug_macro   0x0001ac5c       0x7b CMakeFiles/ulysses-gnss-radio.dir/Core/Src/main.c.obj
 .debug_macro   0x0001acd7       0x24 CMakeFiles/ulysses-gnss-radio.dir/Core/Src/main.c.obj
 .debug_macro   0x0001acfb       0x3c CMakeFiles/ulysses-gnss-radio.dir/Core/Src/main.c.obj
 .debug_macro   0x0001ad37       0x34 CMakeFiles/ulysses-gnss-radio.dir/Core/Src/main.c.obj
 .debug_macro   0x0001ad6b      0x364 CMakeFiles/ulysses-gnss-radio.dir/Core/Src/main.c.obj
 .debug_macro   0x0001b0cf       0x16 CMakeFiles/ulysses-gnss-radio.dir/Core/Src/main.c.obj
 .debug_macro   0x0001b0e5       0x4a CMakeFiles/ulysses-gnss-radio.dir/Core/Src/main.c.obj
 .debug_macro   0x0001b12f       0x34 CMakeFiles/ulysses-gnss-radio.dir/Core/Src/main.c.obj
 .debug_macro   0x0001b163       0x10 CMakeFiles/ulysses-gnss-radio.dir/Core/Src/main.c.obj
 .debug_macro   0x0001b173       0x58 CMakeFiles/ulysses-gnss-radio.dir/Core/Src/main.c.obj
 .debug_macro   0x0001b1cb      0x1e5 CMakeFiles/ulysses-gnss-radio.dir/Core/Src/main.c.obj
 .debug_macro   0x0001b3b0       0x10 CMakeFiles/ulysses-gnss-radio.dir/Core/Src/main.c.obj
 .debug_macro   0x0001b3c0       0x3c CMakeFiles/ulysses-gnss-radio.dir/Core/Src/main.c.obj
 .debug_macro   0x0001b3fc       0x10 CMakeFiles/ulysses-gnss-radio.dir/Core/Src/main.c.obj
 .debug_macro   0x0001b40c       0x16 CMakeFiles/ulysses-gnss-radio.dir/Core/Src/main.c.obj
 .debug_macro   0x0001b422       0x16 CMakeFiles/ulysses-gnss-radio.dir/Core/Src/main.c.obj
 .debug_macro   0x0001b438      0x2c6 CMakeFiles/ulysses-gnss-radio.dir/Core/Src/stm32g0xx_it.c.obj
 .debug_macro   0x0001b6fe      0x1ea CMakeFiles/ulysses-gnss-radio.dir/Core/Src/stm32g0xx_hal_msp.c.obj
 .debug_macro   0x0001b8e8      0x2e0 CMakeFiles/ulysses-gnss-radio.dir/Core/Src/spi_slave.c.obj
 .debug_macro   0x0001bbc8      0x2d4 CMakeFiles/ulysses-gnss-radio.dir/Core/Src/spi_interrupts.c.obj

.debug_line     0x00000000     0xf964
 .debug_line    0x00000000      0x79b cmake/stm32cubemx/CMakeFiles/STM32_Drivers.dir/__/__/Core/Src/system_stm32g0xx.c.obj
 .debug_line    0x0000079b     0x1fc6 cmake/stm32cubemx/CMakeFiles/STM32_Drivers.dir/__/__/Drivers/STM32G0xx_HAL_Driver/Src/stm32g0xx_hal_spi.c.obj
 .debug_line    0x00002761     0x101b cmake/stm32cubemx/CMakeFiles/STM32_Drivers.dir/__/__/Drivers/STM32G0xx_HAL_Driver/Src/stm32g0xx_hal_rcc.c.obj
 .debug_line    0x0000377c     0x11be cmake/stm32cubemx/CMakeFiles/STM32_Drivers.dir/__/__/Drivers/STM32G0xx_HAL_Driver/Src/stm32g0xx_hal_rcc_ex.c.obj
 .debug_line    0x0000493a      0xb46 cmake/stm32cubemx/CMakeFiles/STM32_Drivers.dir/__/__/Drivers/STM32G0xx_HAL_Driver/Src/stm32g0xx_hal_gpio.c.obj
 .debug_line    0x00005480      0xe53 cmake/stm32cubemx/CMakeFiles/STM32_Drivers.dir/__/__/Drivers/STM32G0xx_HAL_Driver/Src/stm32g0xx_hal_dma.c.obj
 .debug_line    0x000062d3      0xbc2 cmake/stm32cubemx/CMakeFiles/STM32_Drivers.dir/__/__/Drivers/STM32G0xx_HAL_Driver/Src/stm32g0xx_hal_pwr_ex.c.obj
 .debug_line    0x00006e95      0xb76 cmake/stm32cubemx/CMakeFiles/STM32_Drivers.dir/__/__/Drivers/STM32G0xx_HAL_Driver/Src/stm32g0xx_hal_cortex.c.obj
 .debug_line    0x00007a0b      0xb11 cmake/stm32cubemx/CMakeFiles/STM32_Drivers.dir/__/__/Drivers/STM32G0xx_HAL_Driver/Src/stm32g0xx_hal.c.obj
 .debug_line    0x0000851c     0x377d cmake/stm32cubemx/CMakeFiles/STM32_Drivers.dir/__/__/Drivers/STM32G0xx_HAL_Driver/Src/stm32g0xx_hal_uart.c.obj
 .debug_line    0x0000bc99      0xcfa cmake/stm32cubemx/CMakeFiles/STM32_Drivers.dir/__/__/Drivers/STM32G0xx_HAL_Driver/Src/stm32g0xx_hal_uart_ex.c.obj
 .debug_line    0x0000c993      0xa3d CMakeFiles/ulysses-gnss-radio.dir/Core/Src/main.c.obj
 .debug_line    0x0000d3d0      0x93f CMakeFiles/ulysses-gnss-radio.dir/Core/Src/stm32g0xx_it.c.obj
 .debug_line    0x0000dd0f      0x891 CMakeFiles/ulysses-gnss-radio.dir/Core/Src/stm32g0xx_hal_msp.c.obj
 .debug_line    0x0000e5a0      0xb2f CMakeFiles/ulysses-gnss-radio.dir/Core/Src/spi_slave.c.obj
 .debug_line    0x0000f0cf      0x81a CMakeFiles/ulysses-gnss-radio.dir/Core/Src/spi_interrupts.c.obj
 .debug_line    0x0000f8e9       0x7b CMakeFiles/ulysses-gnss-radio.dir/startup_stm32g0b1xx.s.obj

.debug_str      0x00000000    0xb2a82
 .debug_str     0x00000000    0xb2a82 cmake/stm32cubemx/CMakeFiles/STM32_Drivers.dir/__/__/Core/Src/system_stm32g0xx.c.obj
                              0xac2fb (size before relaxing)
 .debug_str     0x000b2a82    0xacd08 cmake/stm32cubemx/CMakeFiles/STM32_Drivers.dir/__/__/Drivers/STM32G0xx_HAL_Driver/Src/stm32g0xx_hal_spi.c.obj
 .debug_str     0x000b2a82    0xacac7 cmake/stm32cubemx/CMakeFiles/STM32_Drivers.dir/__/__/Drivers/STM32G0xx_HAL_Driver/Src/stm32g0xx_hal_rcc.c.obj
 .debug_str     0x000b2a82    0xac957 cmake/stm32cubemx/CMakeFiles/STM32_Drivers.dir/__/__/Drivers/STM32G0xx_HAL_Driver/Src/stm32g0xx_hal_rcc_ex.c.obj
 .debug_str     0x000b2a82    0xac45e cmake/stm32cubemx/CMakeFiles/STM32_Drivers.dir/__/__/Drivers/STM32G0xx_HAL_Driver/Src/stm32g0xx_hal_gpio.c.obj
 .debug_str     0x000b2a82    0xac7ab cmake/stm32cubemx/CMakeFiles/STM32_Drivers.dir/__/__/Drivers/STM32G0xx_HAL_Driver/Src/stm32g0xx_hal_dma.c.obj
 .debug_str     0x000b2a82    0xac87d cmake/stm32cubemx/CMakeFiles/STM32_Drivers.dir/__/__/Drivers/STM32G0xx_HAL_Driver/Src/stm32g0xx_hal_pwr_ex.c.obj
 .debug_str     0x000b2a82    0xac80c cmake/stm32cubemx/CMakeFiles/STM32_Drivers.dir/__/__/Drivers/STM32G0xx_HAL_Driver/Src/stm32g0xx_hal_cortex.c.obj
 .debug_str     0x000b2a82    0xacbd4 cmake/stm32cubemx/CMakeFiles/STM32_Drivers.dir/__/__/Drivers/STM32G0xx_HAL_Driver/Src/stm32g0xx_hal.c.obj
 .debug_str     0x000b2a82    0xad2e6 cmake/stm32cubemx/CMakeFiles/STM32_Drivers.dir/__/__/Drivers/STM32G0xx_HAL_Driver/Src/stm32g0xx_hal_uart.c.obj
 .debug_str     0x000b2a82    0xacbac cmake/stm32cubemx/CMakeFiles/STM32_Drivers.dir/__/__/Drivers/STM32G0xx_HAL_Driver/Src/stm32g0xx_hal_uart_ex.c.obj
 .debug_str     0x000b2a82    0xafc7f CMakeFiles/ulysses-gnss-radio.dir/Core/Src/main.c.obj
 .debug_str     0x000b2a82    0xaf4af CMakeFiles/ulysses-gnss-radio.dir/Core/Src/stm32g0xx_it.c.obj
 .debug_str     0x000b2a82    0xaccca CMakeFiles/ulysses-gnss-radio.dir/Core/Src/stm32g0xx_hal_msp.c.obj
 .debug_str     0x000b2a82    0xaf861 CMakeFiles/ulysses-gnss-radio.dir/Core/Src/spi_slave.c.obj
 .debug_str     0x000b2a82    0xaf361 CMakeFiles/ulysses-gnss-radio.dir/Core/Src/spi_interrupts.c.obj
 .debug_str     0x000b2a82       0xaa CMakeFiles/ulysses-gnss-radio.dir/startup_stm32g0b1xx.s.obj

.debug_frame    0x00000000     0x2bd4
 .debug_frame   0x00000000       0x4c cmake/stm32cubemx/CMakeFiles/STM32_Drivers.dir/__/__/Core/Src/system_stm32g0xx.c.obj
 .debug_frame   0x0000004c      0x710 cmake/stm32cubemx/CMakeFiles/STM32_Drivers.dir/__/__/Drivers/STM32G0xx_HAL_Driver/Src/stm32g0xx_hal_spi.c.obj
 .debug_frame   0x0000075c      0x214 cmake/stm32cubemx/CMakeFiles/STM32_Drivers.dir/__/__/Drivers/STM32G0xx_HAL_Driver/Src/stm32g0xx_hal_rcc.c.obj
 .debug_frame   0x00000970      0x1c0 cmake/stm32cubemx/CMakeFiles/STM32_Drivers.dir/__/__/Drivers/STM32G0xx_HAL_Driver/Src/stm32g0xx_hal_rcc_ex.c.obj
 .debug_frame   0x00000b30      0x130 cmake/stm32cubemx/CMakeFiles/STM32_Drivers.dir/__/__/Drivers/STM32G0xx_HAL_Driver/Src/stm32g0xx_hal_gpio.c.obj
 .debug_frame   0x00000c60      0x1f0 cmake/stm32cubemx/CMakeFiles/STM32_Drivers.dir/__/__/Drivers/STM32G0xx_HAL_Driver/Src/stm32g0xx_hal_dma.c.obj
 .debug_frame   0x00000e50      0x3f4 cmake/stm32cubemx/CMakeFiles/STM32_Drivers.dir/__/__/Drivers/STM32G0xx_HAL_Driver/Src/stm32g0xx_hal_pwr_ex.c.obj
 .debug_frame   0x00001244      0x33c cmake/stm32cubemx/CMakeFiles/STM32_Drivers.dir/__/__/Drivers/STM32G0xx_HAL_Driver/Src/stm32g0xx_hal_cortex.c.obj
 .debug_frame   0x00001580      0x41c cmake/stm32cubemx/CMakeFiles/STM32_Drivers.dir/__/__/Drivers/STM32G0xx_HAL_Driver/Src/stm32g0xx_hal.c.obj
 .debug_frame   0x0000199c      0x8d8 cmake/stm32cubemx/CMakeFiles/STM32_Drivers.dir/__/__/Drivers/STM32G0xx_HAL_Driver/Src/stm32g0xx_hal_uart.c.obj
 .debug_frame   0x00002274      0x258 cmake/stm32cubemx/CMakeFiles/STM32_Drivers.dir/__/__/Drivers/STM32G0xx_HAL_Driver/Src/stm32g0xx_hal_uart_ex.c.obj
 .debug_frame   0x000024cc      0x158 CMakeFiles/ulysses-gnss-radio.dir/Core/Src/main.c.obj
 .debug_frame   0x00002624      0x130 CMakeFiles/ulysses-gnss-radio.dir/Core/Src/stm32g0xx_it.c.obj
 .debug_frame   0x00002754       0xb0 CMakeFiles/ulysses-gnss-radio.dir/Core/Src/stm32g0xx_hal_msp.c.obj
 .debug_frame   0x00002804      0x290 CMakeFiles/ulysses-gnss-radio.dir/Core/Src/spi_slave.c.obj
 .debug_frame   0x00002a94       0x50 CMakeFiles/ulysses-gnss-radio.dir/Core/Src/spi_interrupts.c.obj
 .debug_frame   0x00002ae4       0x20 /Applications/ArmGNUToolchain/14.3.rel1/arm-none-eabi/bin/../lib/gcc/arm-none-eabi/14.3.1/thumb/v6-m/nofp/libgcc.a(_udivsi3.o)
 .debug_frame   0x00002b04       0x20 /Applications/ArmGNUToolchain/14.3.rel1/arm-none-eabi/bin/../lib/gcc/arm-none-eabi/14.3.1/thumb/v6-m/nofp/libgcc.a(_divsi3.o)
 .debug_frame   0x00002b24       0x3c /Applications/ArmGNUToolchain/14.3.rel1/arm-none-eabi/bin/../lib/gcc/arm-none-eabi/14.3.1/thumb/v6-m/nofp/libgcc.a(_udivmoddi4.o)
 .debug_frame   0x00002b60       0x20 /Applications/ArmGNUToolchain/14.3.rel1/arm-none-eabi/bin/../lib/gcc/arm-none-eabi/14.3.1/../../../../arm-none-eabi/lib/thumb/v6-m/nofp/libg_nano.a(libc_a-memset.o)
 .debug_frame   0x00002b80       0x2c /Applications/ArmGNUToolchain/14.3.rel1/arm-none-eabi/bin/../lib/gcc/arm-none-eabi/14.3.1/../../../../arm-none-eabi/lib/thumb/v6-m/nofp/libg_nano.a(libc_a-init.o)
 .debug_frame   0x00002bac       0x28 /Applications/ArmGNUToolchain/14.3.rel1/arm-none-eabi/bin/../lib/gcc/arm-none-eabi/14.3.1/../../../../arm-none-eabi/lib/thumb/v6-m/nofp/libg_nano.a(libc_a-memcpy-stub.o)

.debug_line_str
                0x00000000      0x16c
 .debug_line_str
                0x00000000      0x16c CMakeFiles/ulysses-gnss-radio.dir/startup_stm32g0b1xx.s.obj
                                 0x8e (size before relaxing)
 .debug_line_str
                0x0000016c       0xd2 /Applications/ArmGNUToolchain/14.3.rel1/arm-none-eabi/bin/../lib/gcc/arm-none-eabi/14.3.1/thumb/v6-m/nofp/libgcc.a(_udivsi3.o)
 .debug_line_str
                0x0000016c       0xd2 /Applications/ArmGNUToolchain/14.3.rel1/arm-none-eabi/bin/../lib/gcc/arm-none-eabi/14.3.1/thumb/v6-m/nofp/libgcc.a(_divsi3.o)
 .debug_line_str
                0x0000016c       0xd2 /Applications/ArmGNUToolchain/14.3.rel1/arm-none-eabi/bin/../lib/gcc/arm-none-eabi/14.3.1/thumb/v6-m/nofp/libgcc.a(_dvmd_tls.o)
 .debug_line_str
                0x0000016c       0xd2 /Applications/ArmGNUToolchain/14.3.rel1/arm-none-eabi/bin/../lib/gcc/arm-none-eabi/14.3.1/thumb/v6-m/nofp/libgcc.a(_aeabi_uldivmod.o)
 .debug_line_str
                0x0000016c       0xd2 /Applications/ArmGNUToolchain/14.3.rel1/arm-none-eabi/bin/../lib/gcc/arm-none-eabi/14.3.1/thumb/v6-m/nofp/libgcc.a(_clzdi2.o)
 .debug_line_str
                0x0000016c       0xd2 /Applications/ArmGNUToolchain/14.3.rel1/arm-none-eabi/bin/../lib/gcc/arm-none-eabi/14.3.1/thumb/v6-m/nofp/libgcc.a(_clzsi2.o)
